<html>
<body>
<pre>
<h1>µVision Build Log</h1>
<h2>Tool Versions:</h2>
IDE-Version: ¦ÌVision V5.20.0.39
Copyright (C) 2016 ARM Ltd and ARM Germany GmbH. All rights reserved.
License Information: ZHR Microsoft, Microsoft, LIC=Z3C01-CE85R-IMF9B-2XH27-YTS5P-2L3Z7
 
Tool Versions:
Toolchain:       MDK-ARM Professional  Version: 5.14.0.0
Toolchain Path:  d:\Keil_v5\ARM\ARMCC\Bin
C Compiler:      Armcc.exe V5.05 update 1 (build 106)
Assembler:       Armasm.exe V5.05 update 1 (build 106)
Linker/Locator:  ArmLink.exe V5.05 update 1 (build 106)
Library Manager: ArmAr.exe V5.05 update 1 (build 106)
Hex Converter:   FromElf.exe V5.05 update 1 (build 106)
CPU DLL:         SARMCM3.DLL V5.14.0.0
Dialog DLL:      DCM.DLL V1.13.1.0
Target DLL:      UL2CM3.DLL V1.155.0.0
Dialog DLL:      TCM.DLL V1.14.4.0
 
<h2>Project:</h2>
D:\ZHR\PersonalData\Project\code\Code\ZLJF_Release2_STM32F100C8T6\ZLJF_Release2_Code\DD61_STM32F100_TwoDAC\user\ZLJF_Release2_.uvprojx
Project File Date:  06/12/2018

<h2>Output:</h2>
*** Using Compiler 'V5.05 update 1 (build 106)', folder: 'd:\Keil_v5\ARM\ARMCC\Bin'
Build target 'STM32_USART'
compiling project.c...
..\Peripherals\src\project.c(544): warning:  #177-D: variable "Dispaly_Max" was declared but never referenced
  		uint32_t 	Dispaly_Max=0;
..\Peripherals\src\project.c(545): warning:  #177-D: variable "Dispaly_Min" was declared but never referenced
  		uint32_t 	Dispaly_Min=0;
..\Peripherals\src\project.c(1540): warning:  #188-D: enumerated type mixed with another type
  			OUT1_Mode.DelayMode 	= ReadFlash(OUT1_Mode_FLASH_DATA_ADDRESS);
..\Peripherals\src\project.c(1545): warning:  #188-D: enumerated type mixed with another type
  			KEY 									= ReadFlash(KEY_FLASH_DATA_ADDRESS);
..\Peripherals\src\project.c: 4 warnings, 0 errors
linking...
Program Size: Code=26910 RO-data=366 RW-data=288 ZI-data=1968  
FromELF: creating hex file...
"..\Output\DD61_F100_2DAC.axf" - 0 Error(s), 4 Warning(s).

<h2>Collection of Component include folders:</h2>
  D:\ZHR\PersonalData\Project\code\Code\ZLJF_Release2_STM32F100C8T6\ZLJF_Release2_Code\DD61_STM32F100_TwoDAC\user\RTE
  d:\Keil_v5\ARM\PACK\Keil\STM32F1xx_DFP\2.2.0\Device\Include

<h2>Collection of Component Files used:</h2>
Build Time Elapsed:  00:00:01
</pre>
</body>
</html>
