Component: ARM Compiler 5.05 update 1 (build 106) Tool: armlink [4d0efa]

==============================================================================

Section Cross References

    system_stm32f10x.o(.text) refers to system_stm32f10x.o(.data) for SystemCoreClock
    startup_stm32f10x_md.o(STACK) refers (Special) to heapauxi.o(.text) for __use_two_region_memory
    startup_stm32f10x_md.o(HEAP) refers (Special) to heapauxi.o(.text) for __use_two_region_memory
    startup_stm32f10x_md.o(RESET) refers (Special) to heapauxi.o(.text) for __use_two_region_memory
    startup_stm32f10x_md.o(RESET) refers to startup_stm32f10x_md.o(STACK) for __initial_sp
    startup_stm32f10x_md.o(RESET) refers to startup_stm32f10x_md.o(.text) for Reset_Handler
    startup_stm32f10x_md.o(RESET) refers to stm32f10x_it.o(.text) for NMI_Handler
    startup_stm32f10x_md.o(RESET) refers to main.o(.text) for EXTI2_IRQHandler
    startup_stm32f10x_md.o(.text) refers (Special) to heapauxi.o(.text) for __use_two_region_memory
    startup_stm32f10x_md.o(.text) refers to system_stm32f10x.o(.text) for SystemInit
    startup_stm32f10x_md.o(.text) refers to __main.o(!!!main) for __main
    startup_stm32f10x_md.o(.text) refers to startup_stm32f10x_md.o(HEAP) for Heap_Mem
    startup_stm32f10x_md.o(.text) refers to startup_stm32f10x_md.o(STACK) for Stack_Mem
    stm32f10x_rcc.o(.text) refers to stm32f10x_rcc.o(.data) for APBAHBPrescTable
    stm32f10x_usart.o(.text) refers to stm32f10x_rcc.o(.text) for RCC_APB2PeriphResetCmd
    stm32f10x_gpio.o(.text) refers to stm32f10x_rcc.o(.text) for RCC_APB2PeriphResetCmd
    stm32f10x_tim.o(.text) refers to stm32f10x_rcc.o(.text) for RCC_APB2PeriphResetCmd
    stm32f10x_adc.o(.text) refers to stm32f10x_rcc.o(.text) for RCC_APB2PeriphResetCmd
    stm32f10x_dac.o(.text) refers to stm32f10x_rcc.o(.text) for RCC_APB1PeriphResetCmd
    usart.o(.text) refers to stm32f10x_rcc.o(.text) for RCC_APB2PeriphClockCmd
    usart.o(.text) refers to stm32f10x_gpio.o(.text) for GPIO_Init
    usart.o(.text) refers to stm32f10x_usart.o(.text) for USART_Init
    usart.o(.text) refers to rt_memclr_w.o(.text) for __aeabi_memclr4
    delay.o(.text) refers to misc.o(.text) for SysTick_CLKSourceConfig
    delay.o(.text) refers to delay.o(.data) for Times_us
    display.o(.text) refers to stm32f10x_gpio.o(.text) for GPIO_WriteBit
    display.o(.text) refers to display.o(.constdata) for data_SMG_seg_table
    display.o(.text) refers to display.o(.bss) for SMG_data_Decode_table
    display.o(.text) refers to display.o(.data) for SMG_BIT
    display.o(.text) refers to pg120.o(.data) for KEY
    key.o(.text) refers to stm32f10x_gpio.o(.text) for GPIO_Init
    key.o(.text) refers to key.o(.bss) for ModeButton
    menu.o(.text) refers to display.o(.text) for SMG_DisplayMenuTwo_SHOT
    menu.o(.text) refers to pg120.o(.data) for EventFlag
    menu.o(.text) refers to menu.o(.data) for OUT1_Mode
    menu.o(.text) refers to key.o(.bss) for UpButton
    main.o(.text) refers to stm32f10x_usart.o(.text) for USART_GetFlagStatus
    main.o(.text) refers to stm32f10x_rcc.o(.text) for RCC_DeInit
    main.o(.text) refers to misc.o(.text) for NVIC_Init
    main.o(.text) refers to stm32f10x_tim.o(.text) for TIM_DeInit
    main.o(.text) refers to stm32f10x_gpio.o(.text) for GPIO_StructInit
    main.o(.text) refers to stm32f10x_exti.o(.text) for EXTI_ClearITPendingBit
    main.o(.text) refers to pg120.o(.text) for SetOUT1Status
    main.o(.text) refers to display.o(.text) for SMG_Diplay
    main.o(.text) refers to key.o(.text) for Key_Scan
    main.o(.text) refers to stm32f10x_flash.o(.text) for FLASH_Unlock
    main.o(.text) refers to pg120.o(.data) for CPV
    main.o(.text) refers to menu.o(.data) for CSV
    main.o(.text) refers to main.o(.data) for timenum
    main.o(.text) refers to main.o(.bss) for SysClock
    pg120.o(.text) refers to display.o(.text) for ButtonMappingDisplay
    pg120.o(.text) refers to key.o(.text) for ReadButtonStatus
    pg120.o(.text) refers to pg120.o(.data) for Threshold
    pg120.o(.text) refers to key.o(.bss) for ModeButton
    pg120.o(.text) refers to stm32f10x_gpio.o(.text) for GPIO_ReadInputDataBit
    pg120.o(.text) refers to menu.o(.text) for menu
    pg120.o(.text) refers to pg120.o(.bss) for ADC_Display_Value
    pg120.o(.text) refers to menu.o(.data) for OUT1_Mode
    __main.o(!!!main) refers to __rtentry.o(.ARM.Collect$$rtentry$$00000000) for __rt_entry
    __rtentry.o(.ARM.Collect$$rtentry$$00000000) refers (Special) to __rtentry2.o(.ARM.Collect$$rtentry$$0000000A) for __rt_entry_li
    __rtentry.o(.ARM.Collect$$rtentry$$00000000) refers (Special) to __rtentry2.o(.ARM.Collect$$rtentry$$0000000D) for __rt_entry_main
    __rtentry.o(.ARM.Collect$$rtentry$$00000000) refers (Special) to __rtentry2.o(.ARM.Collect$$rtentry$$0000000C) for __rt_entry_postli_1
    __rtentry.o(.ARM.Collect$$rtentry$$00000000) refers (Special) to __rtentry2.o(.ARM.Collect$$rtentry$$00000009) for __rt_entry_postsh_1
    __rtentry.o(.ARM.Collect$$rtentry$$00000000) refers (Special) to __rtentry2.o(.ARM.Collect$$rtentry$$00000002) for __rt_entry_presh_1
    __rtentry.o(.ARM.Collect$$rtentry$$00000000) refers (Special) to __rtentry4.o(.ARM.Collect$$rtentry$$00000004) for __rt_entry_sh
    __rtentry2.o(.ARM.Collect$$rtentry$$00000008) refers to boardinit2.o(.text) for _platform_post_stackheap_init
    __rtentry2.o(.ARM.Collect$$rtentry$$0000000A) refers to libinit.o(.ARM.Collect$$libinit$$00000000) for __rt_lib_init
    __rtentry2.o(.ARM.Collect$$rtentry$$0000000B) refers to boardinit3.o(.text) for _platform_post_lib_init
    __rtentry2.o(.ARM.Collect$$rtentry$$0000000D) refers to main.o(.text) for main
    __rtentry2.o(.ARM.Collect$$rtentry$$0000000D) refers to exit.o(.text) for exit
    __rtentry2.o(.ARM.exidx) refers to __rtentry2.o(.ARM.Collect$$rtentry$$00000001) for .ARM.Collect$$rtentry$$00000001
    __rtentry2.o(.ARM.exidx) refers to __rtentry2.o(.ARM.Collect$$rtentry$$00000008) for .ARM.Collect$$rtentry$$00000008
    __rtentry2.o(.ARM.exidx) refers to __rtentry2.o(.ARM.Collect$$rtentry$$0000000A) for .ARM.Collect$$rtentry$$0000000A
    __rtentry2.o(.ARM.exidx) refers to __rtentry2.o(.ARM.Collect$$rtentry$$0000000B) for .ARM.Collect$$rtentry$$0000000B
    __rtentry2.o(.ARM.exidx) refers to __rtentry2.o(.ARM.Collect$$rtentry$$0000000D) for .ARM.Collect$$rtentry$$0000000D
    __rtentry4.o(.ARM.Collect$$rtentry$$00000004) refers to sys_stackheap_outer.o(.text) for __user_setup_stackheap
    __rtentry4.o(.ARM.exidx) refers to __rtentry4.o(.ARM.Collect$$rtentry$$00000004) for .ARM.Collect$$rtentry$$00000004
    sys_stackheap_outer.o(.text) refers to libspace.o(.text) for __user_perproc_libspace
    sys_stackheap_outer.o(.text) refers to startup_stm32f10x_md.o(.text) for __user_initial_stackheap
    exit.o(.text) refers to rtexit.o(.ARM.Collect$$rtexit$$00000000) for __rt_exit
    libinit.o(.ARM.Collect$$libinit$$00000000) refers (Special) to libinit2.o(.ARM.Collect$$libinit$$0000002E) for __rt_lib_init_alloca_1
    libinit.o(.ARM.Collect$$libinit$$00000000) refers (Special) to libinit2.o(.ARM.Collect$$libinit$$0000002C) for __rt_lib_init_argv_1
    libinit.o(.ARM.Collect$$libinit$$00000000) refers (Special) to libinit2.o(.ARM.Collect$$libinit$$0000001B) for __rt_lib_init_atexit_1
    libinit.o(.ARM.Collect$$libinit$$00000000) refers (Special) to libinit2.o(.ARM.Collect$$libinit$$00000021) for __rt_lib_init_clock_1
    libinit.o(.ARM.Collect$$libinit$$00000000) refers (Special) to libinit2.o(.ARM.Collect$$libinit$$00000032) for __rt_lib_init_cpp_1
    libinit.o(.ARM.Collect$$libinit$$00000000) refers (Special) to libinit2.o(.ARM.Collect$$libinit$$00000030) for __rt_lib_init_exceptions_1
    libinit.o(.ARM.Collect$$libinit$$00000000) refers (Special) to libinit2.o(.ARM.Collect$$libinit$$00000002) for __rt_lib_init_fp_1
    libinit.o(.ARM.Collect$$libinit$$00000000) refers (Special) to libinit2.o(.ARM.Collect$$libinit$$0000001F) for __rt_lib_init_fp_trap_1
    libinit.o(.ARM.Collect$$libinit$$00000000) refers (Special) to libinit2.o(.ARM.Collect$$libinit$$00000023) for __rt_lib_init_getenv_1
    libinit.o(.ARM.Collect$$libinit$$00000000) refers (Special) to libinit2.o(.ARM.Collect$$libinit$$0000000A) for __rt_lib_init_heap_1
    libinit.o(.ARM.Collect$$libinit$$00000000) refers (Special) to libinit2.o(.ARM.Collect$$libinit$$00000011) for __rt_lib_init_lc_collate_1
    libinit.o(.ARM.Collect$$libinit$$00000000) refers (Special) to libinit2.o(.ARM.Collect$$libinit$$00000013) for __rt_lib_init_lc_ctype_1
    libinit.o(.ARM.Collect$$libinit$$00000000) refers (Special) to libinit2.o(.ARM.Collect$$libinit$$00000015) for __rt_lib_init_lc_monetary_1
    libinit.o(.ARM.Collect$$libinit$$00000000) refers (Special) to libinit2.o(.ARM.Collect$$libinit$$00000017) for __rt_lib_init_lc_numeric_1
    libinit.o(.ARM.Collect$$libinit$$00000000) refers (Special) to libinit2.o(.ARM.Collect$$libinit$$00000019) for __rt_lib_init_lc_time_1
    libinit.o(.ARM.Collect$$libinit$$00000000) refers (Special) to libinit2.o(.ARM.Collect$$libinit$$00000004) for __rt_lib_init_preinit_1
    libinit.o(.ARM.Collect$$libinit$$00000000) refers (Special) to libinit2.o(.ARM.Collect$$libinit$$0000000E) for __rt_lib_init_rand_1
    libinit.o(.ARM.Collect$$libinit$$00000000) refers (Special) to libinit2.o(.ARM.Collect$$libinit$$00000033) for __rt_lib_init_return
    libinit.o(.ARM.Collect$$libinit$$00000000) refers (Special) to libinit2.o(.ARM.Collect$$libinit$$0000001D) for __rt_lib_init_signal_1
    libinit.o(.ARM.Collect$$libinit$$00000000) refers (Special) to libinit2.o(.ARM.Collect$$libinit$$00000025) for __rt_lib_init_stdio_1
    libinit.o(.ARM.Collect$$libinit$$00000000) refers (Special) to libinit2.o(.ARM.Collect$$libinit$$0000000C) for __rt_lib_init_user_alloc_1
    libspace.o(.text) refers to libspace.o(.bss) for __libspace_start
    rtexit.o(.ARM.Collect$$rtexit$$00000000) refers (Special) to rtexit2.o(.ARM.Collect$$rtexit$$00000004) for __rt_exit_exit
    rtexit.o(.ARM.Collect$$rtexit$$00000000) refers (Special) to rtexit2.o(.ARM.Collect$$rtexit$$00000003) for __rt_exit_ls
    rtexit.o(.ARM.Collect$$rtexit$$00000000) refers (Special) to rtexit2.o(.ARM.Collect$$rtexit$$00000002) for __rt_exit_prels_1
    rtexit.o(.ARM.exidx) refers (Special) to rtexit2.o(.ARM.Collect$$rtexit$$00000004) for __rt_exit_exit
    rtexit.o(.ARM.exidx) refers (Special) to rtexit2.o(.ARM.Collect$$rtexit$$00000003) for __rt_exit_ls
    rtexit.o(.ARM.exidx) refers (Special) to rtexit2.o(.ARM.Collect$$rtexit$$00000002) for __rt_exit_prels_1
    rtexit.o(.ARM.exidx) refers to rtexit.o(.ARM.Collect$$rtexit$$00000000) for .ARM.Collect$$rtexit$$00000000
    libinit2.o(.ARM.Collect$$libinit$$00000010) refers to libinit2.o(.ARM.Collect$$libinit$$0000000F) for .ARM.Collect$$libinit$$0000000F
    libinit2.o(.ARM.Collect$$libinit$$00000012) refers to libinit2.o(.ARM.Collect$$libinit$$0000000F) for .ARM.Collect$$libinit$$0000000F
    libinit2.o(.ARM.Collect$$libinit$$00000014) refers to libinit2.o(.ARM.Collect$$libinit$$0000000F) for .ARM.Collect$$libinit$$0000000F
    libinit2.o(.ARM.Collect$$libinit$$00000016) refers to libinit2.o(.ARM.Collect$$libinit$$0000000F) for .ARM.Collect$$libinit$$0000000F
    libinit2.o(.ARM.Collect$$libinit$$00000018) refers to libinit2.o(.ARM.Collect$$libinit$$0000000F) for .ARM.Collect$$libinit$$0000000F
    libinit2.o(.ARM.Collect$$libinit$$00000026) refers to argv_veneer.o(.emb_text) for __ARM_argv_veneer
    libinit2.o(.ARM.Collect$$libinit$$00000027) refers to argv_veneer.o(.emb_text) for __ARM_argv_veneer
    rtexit2.o(.ARM.Collect$$rtexit$$00000003) refers to libshutdown.o(.ARM.Collect$$libshutdown$$00000000) for __rt_lib_shutdown
    rtexit2.o(.ARM.Collect$$rtexit$$00000004) refers to sys_exit.o(.text) for _sys_exit
    rtexit2.o(.ARM.exidx) refers to rtexit2.o(.ARM.Collect$$rtexit$$00000001) for .ARM.Collect$$rtexit$$00000001
    rtexit2.o(.ARM.exidx) refers to rtexit2.o(.ARM.Collect$$rtexit$$00000003) for .ARM.Collect$$rtexit$$00000003
    rtexit2.o(.ARM.exidx) refers to rtexit2.o(.ARM.Collect$$rtexit$$00000004) for .ARM.Collect$$rtexit$$00000004
    argv_veneer.o(.emb_text) refers to no_argv.o(.text) for __ARM_get_argv
    sys_exit.o(.text) refers (Special) to use_no_semi.o(.text) for __I$use$semihosting
    sys_exit.o(.text) refers (Special) to indicate_semi.o(.text) for __semihosting_library_function
    _get_argv_nomalloc.o(.text) refers (Special) to hrguard.o(.text) for __heap_region$guard
    _get_argv_nomalloc.o(.text) refers to defsig_rtmem_outer.o(.text) for __rt_SIGRTMEM
    _get_argv_nomalloc.o(.text) refers to sys_command.o(.text) for _sys_command_string
    libshutdown.o(.ARM.Collect$$libshutdown$$00000000) refers (Special) to libshutdown2.o(.ARM.Collect$$libshutdown$$00000006) for __rt_lib_shutdown_fp_trap_1
    libshutdown.o(.ARM.Collect$$libshutdown$$00000000) refers (Special) to libshutdown2.o(.ARM.Collect$$libshutdown$$0000000E) for __rt_lib_shutdown_heap_1
    libshutdown.o(.ARM.Collect$$libshutdown$$00000000) refers (Special) to libshutdown2.o(.ARM.Collect$$libshutdown$$0000000F) for __rt_lib_shutdown_return
    libshutdown.o(.ARM.Collect$$libshutdown$$00000000) refers (Special) to libshutdown2.o(.ARM.Collect$$libshutdown$$00000009) for __rt_lib_shutdown_signal_1
    libshutdown.o(.ARM.Collect$$libshutdown$$00000000) refers (Special) to libshutdown2.o(.ARM.Collect$$libshutdown$$00000003) for __rt_lib_shutdown_stdio_1
    libshutdown.o(.ARM.Collect$$libshutdown$$00000000) refers (Special) to libshutdown2.o(.ARM.Collect$$libshutdown$$0000000B) for __rt_lib_shutdown_user_alloc_1
    sys_command.o(.text) refers (Special) to use_no_semi.o(.text) for __I$use$semihosting
    sys_command.o(.text) refers (Special) to indicate_semi.o(.text) for __semihosting_library_function
    defsig_rtmem_outer.o(.text) refers to defsig_rtmem_inner.o(.text) for __rt_SIGRTMEM_inner
    defsig_rtmem_outer.o(.text) refers to defsig_exit.o(.text) for __sig_exit
    defsig_rtmem_formal.o(.text) refers to rt_raise.o(.text) for __rt_raise
    rt_raise.o(.text) refers to __raise.o(.text) for __raise
    rt_raise.o(.text) refers to sys_exit.o(.text) for _sys_exit
    defsig_exit.o(.text) refers to sys_exit.o(.text) for _sys_exit
    defsig_rtmem_inner.o(.text) refers to defsig_general.o(.text) for __default_signal_display
    __raise.o(.text) refers to defsig.o(CL$$defsig) for __default_signal_handler
    defsig_general.o(.text) refers to sys_wrch.o(.text) for _ttywrch
    sys_wrch.o(.text) refers (Special) to use_no_semi.o(.text) for __I$use$semihosting
    sys_wrch.o(.text) refers (Special) to indicate_semi.o(.text) for __semihosting_library_function
    defsig.o(CL$$defsig) refers to defsig_rtmem_inner.o(.text) for __rt_SIGRTMEM_inner
    defsig_abrt_inner.o(.text) refers to defsig_general.o(.text) for __default_signal_display
    defsig_fpe_inner.o(.text) refers to defsig_general.o(.text) for __default_signal_display
    defsig_rtred_inner.o(.text) refers to defsig_general.o(.text) for __default_signal_display
    defsig_stak_inner.o(.text) refers to defsig_general.o(.text) for __default_signal_display
    defsig_pvfn_inner.o(.text) refers to defsig_general.o(.text) for __default_signal_display
    defsig_cppl_inner.o(.text) refers to defsig_general.o(.text) for __default_signal_display
    defsig_segv_inner.o(.text) refers to defsig_general.o(.text) for __default_signal_display
    defsig_other.o(.text) refers to defsig_general.o(.text) for __default_signal_display


==============================================================================

Removing Unused input sections from the image.

    Removing core_cm3.o(.emb_text), (32 bytes).
    Removing stm32f10x_adc.o(.text), (1102 bytes).
    Removing stm32f10x_dma.o(.text), (596 bytes).
    Removing stm32f10x_dac.o(.text), (396 bytes).
    Removing usart.o(.text), (612 bytes).
    Removing usart.o(.bss), (20 bytes).
    Removing usart.o(.data), (1 bytes).
    Removing delay.o(.text), (172 bytes).
    Removing delay.o(.data), (4 bytes).

9 unused section(s) (total 2935 bytes) removed from the image.

==============================================================================

Image Symbol Table

    Local Symbols

    Symbol Name                              Value     Ov Type        Size  Object(Section)

    ../clib/angel/boardlib.s                 0x00000000   Number         0  boardinit2.o ABSOLUTE
    ../clib/angel/boardlib.s                 0x00000000   Number         0  boardinit3.o ABSOLUTE
    ../clib/angel/boardlib.s                 0x00000000   Number         0  boardinit1.o ABSOLUTE
    ../clib/angel/boardlib.s                 0x00000000   Number         0  boardshut.o ABSOLUTE
    ../clib/angel/handlers.s                 0x00000000   Number         0  __scatter_copy.o ABSOLUTE
    ../clib/angel/handlers.s                 0x00000000   Number         0  __scatter_zi.o ABSOLUTE
    ../clib/angel/kernel.s                   0x00000000   Number         0  __rtentry4.o ABSOLUTE
    ../clib/angel/kernel.s                   0x00000000   Number         0  __rtentry2.o ABSOLUTE
    ../clib/angel/kernel.s                   0x00000000   Number         0  rtexit2.o ABSOLUTE
    ../clib/angel/kernel.s                   0x00000000   Number         0  __rtentry.o ABSOLUTE
    ../clib/angel/kernel.s                   0x00000000   Number         0  rtexit.o ABSOLUTE
    ../clib/angel/rt.s                       0x00000000   Number         0  rt_raise.o ABSOLUTE
    ../clib/angel/scatter.s                  0x00000000   Number         0  __scatter.o ABSOLUTE
    ../clib/angel/startup.s                  0x00000000   Number         0  __main.o ABSOLUTE
    ../clib/angel/sys.s                      0x00000000   Number         0  indicate_semi.o ABSOLUTE
    ../clib/angel/sys.s                      0x00000000   Number         0  use_no_semi.o ABSOLUTE
    ../clib/angel/sys.s                      0x00000000   Number         0  sys_stackheap_outer.o ABSOLUTE
    ../clib/angel/sys.s                      0x00000000   Number         0  libspace.o ABSOLUTE
    ../clib/angel/sysapp.c                   0x00000000   Number         0  sys_command.o ABSOLUTE
    ../clib/angel/sysapp.c                   0x00000000   Number         0  sys_wrch.o ABSOLUTE
    ../clib/angel/sysapp.c                   0x00000000   Number         0  sys_exit.o ABSOLUTE
    ../clib/armsys.c                         0x00000000   Number         0  argv_veneer.o ABSOLUTE
    ../clib/armsys.c                         0x00000000   Number         0  no_argv.o ABSOLUTE
    ../clib/armsys.c                         0x00000000   Number         0  _get_argv_nomalloc.o ABSOLUTE
    ../clib/armsys.c                         0x00000000   Number         0  argv_veneer.o ABSOLUTE
    ../clib/heapalloc.c                      0x00000000   Number         0  hrguard.o ABSOLUTE
    ../clib/heapaux.c                        0x00000000   Number         0  heapauxi.o ABSOLUTE
    ../clib/libinit.s                        0x00000000   Number         0  libshutdown2.o ABSOLUTE
    ../clib/libinit.s                        0x00000000   Number         0  libinit.o ABSOLUTE
    ../clib/libinit.s                        0x00000000   Number         0  libshutdown.o ABSOLUTE
    ../clib/libinit.s                        0x00000000   Number         0  libinit2.o ABSOLUTE
    ../clib/memcpset.s                       0x00000000   Number         0  rt_memclr_w.o ABSOLUTE
    ../clib/signal.c                         0x00000000   Number         0  defsig_general.o ABSOLUTE
    ../clib/signal.c                         0x00000000   Number         0  __raise.o ABSOLUTE
    ../clib/signal.c                         0x00000000   Number         0  defsig_exit.o ABSOLUTE
    ../clib/signal.c                         0x00000000   Number         0  defsig_rtred_inner.o ABSOLUTE
    ../clib/signal.c                         0x00000000   Number         0  defsig_rtmem_outer.o ABSOLUTE
    ../clib/signal.c                         0x00000000   Number         0  defsig_rtmem_formal.o ABSOLUTE
    ../clib/signal.c                         0x00000000   Number         0  defsig_rtmem_inner.o ABSOLUTE
    ../clib/signal.c                         0x00000000   Number         0  defsig_abrt_inner.o ABSOLUTE
    ../clib/signal.c                         0x00000000   Number         0  defsig_fpe_inner.o ABSOLUTE
    ../clib/signal.c                         0x00000000   Number         0  defsig_stak_inner.o ABSOLUTE
    ../clib/signal.c                         0x00000000   Number         0  defsig_cppl_inner.o ABSOLUTE
    ../clib/signal.c                         0x00000000   Number         0  defsig_segv_inner.o ABSOLUTE
    ../clib/signal.c                         0x00000000   Number         0  defsig_other.o ABSOLUTE
    ../clib/signal.c                         0x00000000   Number         0  defsig_pvfn_inner.o ABSOLUTE
    ../clib/signal.s                         0x00000000   Number         0  defsig.o ABSOLUTE
    ../clib/stdlib.c                         0x00000000   Number         0  exit.o ABSOLUTE
    ../fplib/fpinit.s                        0x00000000   Number         0  fpinit.o ABSOLUTE
    ..\Libraries\CMSIS\CM3\CoreSupport\core_cm3.c 0x00000000   Number         0  core_cm3.o ABSOLUTE
    ..\Libraries\CMSIS\CM3\DeviceSupport\ST\STM32F10x\startup\arm\startup_stm32f10x_md.s 0x00000000   Number         0  startup_stm32f10x_md.o ABSOLUTE
    ..\Libraries\CMSIS\CM3\DeviceSupport\ST\STM32F10x\system_stm32f10x.c 0x00000000   Number         0  system_stm32f10x.o ABSOLUTE
    ..\Libraries\STM32F10x_StdPeriph_Driver\src\misc.c 0x00000000   Number         0  misc.o ABSOLUTE
    ..\Libraries\STM32F10x_StdPeriph_Driver\src\stm32f10x_adc.c 0x00000000   Number         0  stm32f10x_adc.o ABSOLUTE
    ..\Libraries\STM32F10x_StdPeriph_Driver\src\stm32f10x_dac.c 0x00000000   Number         0  stm32f10x_dac.o ABSOLUTE
    ..\Libraries\STM32F10x_StdPeriph_Driver\src\stm32f10x_dma.c 0x00000000   Number         0  stm32f10x_dma.o ABSOLUTE
    ..\Libraries\STM32F10x_StdPeriph_Driver\src\stm32f10x_exti.c 0x00000000   Number         0  stm32f10x_exti.o ABSOLUTE
    ..\Libraries\STM32F10x_StdPeriph_Driver\src\stm32f10x_flash.c 0x00000000   Number         0  stm32f10x_flash.o ABSOLUTE
    ..\Libraries\STM32F10x_StdPeriph_Driver\src\stm32f10x_gpio.c 0x00000000   Number         0  stm32f10x_gpio.o ABSOLUTE
    ..\Libraries\STM32F10x_StdPeriph_Driver\src\stm32f10x_rcc.c 0x00000000   Number         0  stm32f10x_rcc.o ABSOLUTE
    ..\Libraries\STM32F10x_StdPeriph_Driver\src\stm32f10x_tim.c 0x00000000   Number         0  stm32f10x_tim.o ABSOLUTE
    ..\Libraries\STM32F10x_StdPeriph_Driver\src\stm32f10x_usart.c 0x00000000   Number         0  stm32f10x_usart.o ABSOLUTE
    ..\Peripherals\src\PG120.c               0x00000000   Number         0  pg120.o ABSOLUTE
    ..\Peripherals\src\delay.c               0x00000000   Number         0  delay.o ABSOLUTE
    ..\Peripherals\src\display.c             0x00000000   Number         0  display.o ABSOLUTE
    ..\Peripherals\src\key.c                 0x00000000   Number         0  key.o ABSOLUTE
    ..\Peripherals\src\menu.c                0x00000000   Number         0  menu.o ABSOLUTE
    ..\Peripherals\src\stm32f10x_it.c        0x00000000   Number         0  stm32f10x_it.o ABSOLUTE
    ..\Peripherals\src\usart.c               0x00000000   Number         0  usart.o ABSOLUTE
    ..\\Libraries\\CMSIS\\CM3\\CoreSupport\\core_cm3.c 0x00000000   Number         0  core_cm3.o ABSOLUTE
    dc.s                                     0x00000000   Number         0  dc.o ABSOLUTE
    main.c                                   0x00000000   Number         0  main.o ABSOLUTE
    RESET                                    0x08000000   Section      236  startup_stm32f10x_md.o(RESET)
    !!!main                                  0x080000ec   Section        8  __main.o(!!!main)
    !!!scatter                               0x080000f4   Section       52  __scatter.o(!!!scatter)
    !!handler_copy                           0x08000128   Section       26  __scatter_copy.o(!!handler_copy)
    !!handler_zi                             0x08000144   Section       28  __scatter_zi.o(!!handler_zi)
    .ARM.Collect$$libinit$$00000000          0x08000160   Section        2  libinit.o(.ARM.Collect$$libinit$$00000000)
    .ARM.Collect$$libinit$$00000002          0x08000162   Section        0  libinit2.o(.ARM.Collect$$libinit$$00000002)
    .ARM.Collect$$libinit$$00000004          0x08000162   Section        0  libinit2.o(.ARM.Collect$$libinit$$00000004)
    .ARM.Collect$$libinit$$0000000A          0x08000162   Section        0  libinit2.o(.ARM.Collect$$libinit$$0000000A)
    .ARM.Collect$$libinit$$0000000C          0x08000162   Section        0  libinit2.o(.ARM.Collect$$libinit$$0000000C)
    .ARM.Collect$$libinit$$0000000E          0x08000162   Section        0  libinit2.o(.ARM.Collect$$libinit$$0000000E)
    .ARM.Collect$$libinit$$00000011          0x08000162   Section        0  libinit2.o(.ARM.Collect$$libinit$$00000011)
    .ARM.Collect$$libinit$$00000013          0x08000162   Section        0  libinit2.o(.ARM.Collect$$libinit$$00000013)
    .ARM.Collect$$libinit$$00000015          0x08000162   Section        0  libinit2.o(.ARM.Collect$$libinit$$00000015)
    .ARM.Collect$$libinit$$00000017          0x08000162   Section        0  libinit2.o(.ARM.Collect$$libinit$$00000017)
    .ARM.Collect$$libinit$$00000019          0x08000162   Section        0  libinit2.o(.ARM.Collect$$libinit$$00000019)
    .ARM.Collect$$libinit$$0000001B          0x08000162   Section        0  libinit2.o(.ARM.Collect$$libinit$$0000001B)
    .ARM.Collect$$libinit$$0000001D          0x08000162   Section        0  libinit2.o(.ARM.Collect$$libinit$$0000001D)
    .ARM.Collect$$libinit$$0000001F          0x08000162   Section        0  libinit2.o(.ARM.Collect$$libinit$$0000001F)
    .ARM.Collect$$libinit$$00000021          0x08000162   Section        0  libinit2.o(.ARM.Collect$$libinit$$00000021)
    .ARM.Collect$$libinit$$00000023          0x08000162   Section        0  libinit2.o(.ARM.Collect$$libinit$$00000023)
    .ARM.Collect$$libinit$$00000025          0x08000162   Section        0  libinit2.o(.ARM.Collect$$libinit$$00000025)
    .ARM.Collect$$libinit$$0000002C          0x08000162   Section        0  libinit2.o(.ARM.Collect$$libinit$$0000002C)
    .ARM.Collect$$libinit$$0000002E          0x08000162   Section        0  libinit2.o(.ARM.Collect$$libinit$$0000002E)
    .ARM.Collect$$libinit$$00000030          0x08000162   Section        0  libinit2.o(.ARM.Collect$$libinit$$00000030)
    .ARM.Collect$$libinit$$00000032          0x08000162   Section        0  libinit2.o(.ARM.Collect$$libinit$$00000032)
    .ARM.Collect$$libinit$$00000033          0x08000162   Section        2  libinit2.o(.ARM.Collect$$libinit$$00000033)
    .ARM.Collect$$libshutdown$$00000000      0x08000164   Section        2  libshutdown.o(.ARM.Collect$$libshutdown$$00000000)
    .ARM.Collect$$libshutdown$$00000003      0x08000166   Section        0  libshutdown2.o(.ARM.Collect$$libshutdown$$00000003)
    .ARM.Collect$$libshutdown$$00000006      0x08000166   Section        0  libshutdown2.o(.ARM.Collect$$libshutdown$$00000006)
    .ARM.Collect$$libshutdown$$00000009      0x08000166   Section        0  libshutdown2.o(.ARM.Collect$$libshutdown$$00000009)
    .ARM.Collect$$libshutdown$$0000000B      0x08000166   Section        0  libshutdown2.o(.ARM.Collect$$libshutdown$$0000000B)
    .ARM.Collect$$libshutdown$$0000000E      0x08000166   Section        0  libshutdown2.o(.ARM.Collect$$libshutdown$$0000000E)
    .ARM.Collect$$libshutdown$$0000000F      0x08000166   Section        2  libshutdown2.o(.ARM.Collect$$libshutdown$$0000000F)
    .ARM.Collect$$rtentry$$00000000          0x08000168   Section        0  __rtentry.o(.ARM.Collect$$rtentry$$00000000)
    .ARM.Collect$$rtentry$$00000002          0x08000168   Section        0  __rtentry2.o(.ARM.Collect$$rtentry$$00000002)
    .ARM.Collect$$rtentry$$00000004          0x08000168   Section        6  __rtentry4.o(.ARM.Collect$$rtentry$$00000004)
    .ARM.Collect$$rtentry$$00000009          0x0800016e   Section        0  __rtentry2.o(.ARM.Collect$$rtentry$$00000009)
    .ARM.Collect$$rtentry$$0000000A          0x0800016e   Section        4  __rtentry2.o(.ARM.Collect$$rtentry$$0000000A)
    .ARM.Collect$$rtentry$$0000000C          0x08000172   Section        0  __rtentry2.o(.ARM.Collect$$rtentry$$0000000C)
    .ARM.Collect$$rtentry$$0000000D          0x08000172   Section        8  __rtentry2.o(.ARM.Collect$$rtentry$$0000000D)
    .ARM.Collect$$rtexit$$00000000           0x0800017a   Section        2  rtexit.o(.ARM.Collect$$rtexit$$00000000)
    .ARM.Collect$$rtexit$$00000002           0x0800017c   Section        0  rtexit2.o(.ARM.Collect$$rtexit$$00000002)
    .ARM.Collect$$rtexit$$00000003           0x0800017c   Section        4  rtexit2.o(.ARM.Collect$$rtexit$$00000003)
    .ARM.Collect$$rtexit$$00000004           0x08000180   Section        6  rtexit2.o(.ARM.Collect$$rtexit$$00000004)
    .text                                    0x08000188   Section        0  system_stm32f10x.o(.text)
    SetSysClockTo72                          0x08000189   Thumb Code   214  system_stm32f10x.o(.text)
    SetSysClock                              0x0800025f   Thumb Code     8  system_stm32f10x.o(.text)
    .text                                    0x08000368   Section       64  startup_stm32f10x_md.o(.text)
    .text                                    0x080003a8   Section        0  stm32f10x_rcc.o(.text)
    .text                                    0x0800074c   Section        0  stm32f10x_usart.o(.text)
    .text                                    0x08000b54   Section        0  stm32f10x_gpio.o(.text)
    .text                                    0x08000eb0   Section        0  misc.o(.text)
    .text                                    0x08000f8c   Section        0  stm32f10x_flash.o(.text)
    .text                                    0x08001548   Section        0  stm32f10x_tim.o(.text)
    TI4_Config                               0x080019ef   Thumb Code   130  stm32f10x_tim.o(.text)
    TI3_Config                               0x08001a83   Thumb Code   122  stm32f10x_tim.o(.text)
    TI2_Config                               0x08001b17   Thumb Code   130  stm32f10x_tim.o(.text)
    TI1_Config                               0x08001bab   Thumb Code   108  stm32f10x_tim.o(.text)
    .text                                    0x08002364   Section        0  stm32f10x_exti.o(.text)
    .text                                    0x08002480   Section        0  stm32f10x_it.o(.text)
    .text                                    0x080024a0   Section        0  display.o(.text)
    .text                                    0x08003810   Section        0  key.o(.text)
    .text                                    0x08003a74   Section        0  menu.o(.text)
    .text                                    0x0800460c   Section        0  main.o(.text)
    .text                                    0x08004e0c   Section        0  pg120.o(.text)
    .text                                    0x0800566c   Section        0  heapauxi.o(.text)
    .text                                    0x08005672   Section       74  sys_stackheap_outer.o(.text)
    .text                                    0x080056bc   Section        0  exit.o(.text)
    .text                                    0x080056c8   Section        8  libspace.o(.text)
    .text                                    0x080056d0   Section        0  sys_exit.o(.text)
    .text                                    0x080056dc   Section        2  use_no_semi.o(.text)
    .constdata                               0x080056de   Section       98  display.o(.constdata)
    .text                                    0x080056de   Section        0  indicate_semi.o(.text)
    .data                                    0x20000000   Section       20  system_stm32f10x.o(.data)
    .data                                    0x20000014   Section       20  stm32f10x_rcc.o(.data)
    APBAHBPrescTable                         0x20000014   Data          16  stm32f10x_rcc.o(.data)
    ADCPrescTable                            0x20000024   Data           4  stm32f10x_rcc.o(.data)
    .data                                    0x20000028   Section       27  display.o(.data)
    Blinkflag                                0x20000038   Data           1  display.o(.data)
    Blinkflag                                0x20000039   Data           1  display.o(.data)
    Blinkflag                                0x2000003a   Data           1  display.o(.data)
    Blinkflag                                0x2000003b   Data           1  display.o(.data)
    Blinkflag                                0x2000003c   Data           1  display.o(.data)
    Blinkflag                                0x2000003d   Data           1  display.o(.data)
    Blinkflag                                0x2000003e   Data           1  display.o(.data)
    Blinkflag                                0x2000003f   Data           1  display.o(.data)
    Blinkflag                                0x20000040   Data           1  display.o(.data)
    bilinkflag                               0x20000041   Data           1  display.o(.data)
    bilinkflag                               0x20000042   Data           1  display.o(.data)
    .data                                    0x20000044   Section       19  menu.o(.data)
    lastCounter                              0x20000051   Data           1  menu.o(.data)
    lastCounter                              0x20000052   Data           1  menu.o(.data)
    lastCounter                              0x20000053   Data           1  menu.o(.data)
    lastCounter                              0x20000054   Data           1  menu.o(.data)
    lastCounter                              0x20000055   Data           1  menu.o(.data)
    lastCounter                              0x20000056   Data           1  menu.o(.data)
    .data                                    0x20000058   Section       42  main.o(.data)
    .data                                    0x20000084   Section       78  pg120.o(.data)
    lastCounter                              0x200000cc   Data           1  pg120.o(.data)
    LastThreshold                            0x200000ce   Data           2  pg120.o(.data)
    lastCounter                              0x200000d0   Data           1  pg120.o(.data)
    lastCounter                              0x200000d1   Data           1  pg120.o(.data)
    .bss                                     0x200000d4   Section        9  display.o(.bss)
    .bss                                     0x200000e0   Section       96  key.o(.bss)
    .bss                                     0x20000140   Section       32  main.o(.bss)
    .bss                                     0x20000160   Section     1288  pg120.o(.bss)
    .bss                                     0x20000668   Section       96  libspace.o(.bss)
    HEAP                                     0x200006c8   Section      512  startup_stm32f10x_md.o(HEAP)
    Heap_Mem                                 0x200006c8   Data         512  startup_stm32f10x_md.o(HEAP)
    STACK                                    0x200008c8   Section     1024  startup_stm32f10x_md.o(STACK)
    Stack_Mem                                0x200008c8   Data        1024  startup_stm32f10x_md.o(STACK)
    __initial_sp                             0x20000cc8   Data           0  startup_stm32f10x_md.o(STACK)

    Global Symbols

    Symbol Name                              Value     Ov Type        Size  Object(Section)

    BuildAttributes$$THM_ISAv4$P$D$K$B$S$PE$A:L22UL41UL21$X:L11$S22US41US21$IEEE1$IW$USESV6$~STKCKD$USESV7$~SHL$OSPACE$ROPI$EBA8$UX$STANDARDLIB$REQ8$PRES8$EABIv2 0x00000000   Number         0  anon$$obj.o ABSOLUTE
    __ARM_use_no_argv                        0x00000000   Number         0  main.o ABSOLUTE
    __ARM_exceptions_init                     - Undefined Weak Reference
    __alloca_initialize                       - Undefined Weak Reference
    __arm_preinit_                            - Undefined Weak Reference
    __cpp_initialize__aeabi_                  - Undefined Weak Reference
    __cxa_finalize                            - Undefined Weak Reference
    __rt_locale                               - Undefined Weak Reference
    __sigvec_lookup                           - Undefined Weak Reference
    _atexit_init                              - Undefined Weak Reference
    _call_atexit_fns                          - Undefined Weak Reference
    _clock_init                               - Undefined Weak Reference
    _fp_trap_init                             - Undefined Weak Reference
    _fp_trap_shutdown                         - Undefined Weak Reference
    _get_lc_collate                           - Undefined Weak Reference
    _get_lc_ctype                             - Undefined Weak Reference
    _get_lc_monetary                          - Undefined Weak Reference
    _get_lc_numeric                           - Undefined Weak Reference
    _get_lc_time                              - Undefined Weak Reference
    _getenv_init                              - Undefined Weak Reference
    _handle_redirection                       - Undefined Weak Reference
    _init_alloc                               - Undefined Weak Reference
    _init_user_alloc                          - Undefined Weak Reference
    _initio                                   - Undefined Weak Reference
    _rand_init                                - Undefined Weak Reference
    _signal_finish                            - Undefined Weak Reference
    _signal_init                              - Undefined Weak Reference
    _terminate_alloc                          - Undefined Weak Reference
    _terminate_user_alloc                     - Undefined Weak Reference
    _terminateio                              - Undefined Weak Reference
    __Vectors_Size                           0x000000ec   Number         0  startup_stm32f10x_md.o ABSOLUTE
    __Vectors                                0x08000000   Data           4  startup_stm32f10x_md.o(RESET)
    __Vectors_End                            0x080000ec   Data           0  startup_stm32f10x_md.o(RESET)
    __main                                   0x080000ed   Thumb Code     8  __main.o(!!!main)
    __scatterload                            0x080000f5   Thumb Code     0  __scatter.o(!!!scatter)
    __scatterload_rt2                        0x080000f5   Thumb Code    44  __scatter.o(!!!scatter)
    __scatterload_rt2_thumb_only             0x080000f5   Thumb Code     0  __scatter.o(!!!scatter)
    __scatterload_null                       0x08000103   Thumb Code     0  __scatter.o(!!!scatter)
    __scatterload_copy                       0x08000129   Thumb Code    26  __scatter_copy.o(!!handler_copy)
    __scatterload_zeroinit                   0x08000145   Thumb Code    28  __scatter_zi.o(!!handler_zi)
    __rt_lib_init                            0x08000161   Thumb Code     0  libinit.o(.ARM.Collect$$libinit$$00000000)
    __rt_lib_init_alloca_1                   0x08000163   Thumb Code     0  libinit2.o(.ARM.Collect$$libinit$$0000002E)
    __rt_lib_init_argv_1                     0x08000163   Thumb Code     0  libinit2.o(.ARM.Collect$$libinit$$0000002C)
    __rt_lib_init_atexit_1                   0x08000163   Thumb Code     0  libinit2.o(.ARM.Collect$$libinit$$0000001B)
    __rt_lib_init_clock_1                    0x08000163   Thumb Code     0  libinit2.o(.ARM.Collect$$libinit$$00000021)
    __rt_lib_init_cpp_1                      0x08000163   Thumb Code     0  libinit2.o(.ARM.Collect$$libinit$$00000032)
    __rt_lib_init_exceptions_1               0x08000163   Thumb Code     0  libinit2.o(.ARM.Collect$$libinit$$00000030)
    __rt_lib_init_fp_1                       0x08000163   Thumb Code     0  libinit2.o(.ARM.Collect$$libinit$$00000002)
    __rt_lib_init_fp_trap_1                  0x08000163   Thumb Code     0  libinit2.o(.ARM.Collect$$libinit$$0000001F)
    __rt_lib_init_getenv_1                   0x08000163   Thumb Code     0  libinit2.o(.ARM.Collect$$libinit$$00000023)
    __rt_lib_init_heap_1                     0x08000163   Thumb Code     0  libinit2.o(.ARM.Collect$$libinit$$0000000A)
    __rt_lib_init_lc_collate_1               0x08000163   Thumb Code     0  libinit2.o(.ARM.Collect$$libinit$$00000011)
    __rt_lib_init_lc_ctype_1                 0x08000163   Thumb Code     0  libinit2.o(.ARM.Collect$$libinit$$00000013)
    __rt_lib_init_lc_monetary_1              0x08000163   Thumb Code     0  libinit2.o(.ARM.Collect$$libinit$$00000015)
    __rt_lib_init_lc_numeric_1               0x08000163   Thumb Code     0  libinit2.o(.ARM.Collect$$libinit$$00000017)
    __rt_lib_init_lc_time_1                  0x08000163   Thumb Code     0  libinit2.o(.ARM.Collect$$libinit$$00000019)
    __rt_lib_init_preinit_1                  0x08000163   Thumb Code     0  libinit2.o(.ARM.Collect$$libinit$$00000004)
    __rt_lib_init_rand_1                     0x08000163   Thumb Code     0  libinit2.o(.ARM.Collect$$libinit$$0000000E)
    __rt_lib_init_return                     0x08000163   Thumb Code     0  libinit2.o(.ARM.Collect$$libinit$$00000033)
    __rt_lib_init_signal_1                   0x08000163   Thumb Code     0  libinit2.o(.ARM.Collect$$libinit$$0000001D)
    __rt_lib_init_stdio_1                    0x08000163   Thumb Code     0  libinit2.o(.ARM.Collect$$libinit$$00000025)
    __rt_lib_init_user_alloc_1               0x08000163   Thumb Code     0  libinit2.o(.ARM.Collect$$libinit$$0000000C)
    __rt_lib_shutdown                        0x08000165   Thumb Code     0  libshutdown.o(.ARM.Collect$$libshutdown$$00000000)
    __rt_lib_shutdown_fp_trap_1              0x08000167   Thumb Code     0  libshutdown2.o(.ARM.Collect$$libshutdown$$00000006)
    __rt_lib_shutdown_heap_1                 0x08000167   Thumb Code     0  libshutdown2.o(.ARM.Collect$$libshutdown$$0000000E)
    __rt_lib_shutdown_return                 0x08000167   Thumb Code     0  libshutdown2.o(.ARM.Collect$$libshutdown$$0000000F)
    __rt_lib_shutdown_signal_1               0x08000167   Thumb Code     0  libshutdown2.o(.ARM.Collect$$libshutdown$$00000009)
    __rt_lib_shutdown_stdio_1                0x08000167   Thumb Code     0  libshutdown2.o(.ARM.Collect$$libshutdown$$00000003)
    __rt_lib_shutdown_user_alloc_1           0x08000167   Thumb Code     0  libshutdown2.o(.ARM.Collect$$libshutdown$$0000000B)
    __rt_entry                               0x08000169   Thumb Code     0  __rtentry.o(.ARM.Collect$$rtentry$$00000000)
    __rt_entry_presh_1                       0x08000169   Thumb Code     0  __rtentry2.o(.ARM.Collect$$rtentry$$00000002)
    __rt_entry_sh                            0x08000169   Thumb Code     0  __rtentry4.o(.ARM.Collect$$rtentry$$00000004)
    __rt_entry_li                            0x0800016f   Thumb Code     0  __rtentry2.o(.ARM.Collect$$rtentry$$0000000A)
    __rt_entry_postsh_1                      0x0800016f   Thumb Code     0  __rtentry2.o(.ARM.Collect$$rtentry$$00000009)
    __rt_entry_main                          0x08000173   Thumb Code     0  __rtentry2.o(.ARM.Collect$$rtentry$$0000000D)
    __rt_entry_postli_1                      0x08000173   Thumb Code     0  __rtentry2.o(.ARM.Collect$$rtentry$$0000000C)
    __rt_exit                                0x0800017b   Thumb Code     0  rtexit.o(.ARM.Collect$$rtexit$$00000000)
    __rt_exit_ls                             0x0800017d   Thumb Code     0  rtexit2.o(.ARM.Collect$$rtexit$$00000003)
    __rt_exit_prels_1                        0x0800017d   Thumb Code     0  rtexit2.o(.ARM.Collect$$rtexit$$00000002)
    __rt_exit_exit                           0x08000181   Thumb Code     0  rtexit2.o(.ARM.Collect$$rtexit$$00000004)
    SystemInit                               0x08000267   Thumb Code    78  system_stm32f10x.o(.text)
    SystemCoreClockUpdate                    0x080002b5   Thumb Code   142  system_stm32f10x.o(.text)
    Reset_Handler                            0x08000369   Thumb Code     8  startup_stm32f10x_md.o(.text)
    ADC1_2_IRQHandler                        0x08000383   Thumb Code     0  startup_stm32f10x_md.o(.text)
    CAN1_RX1_IRQHandler                      0x08000383   Thumb Code     0  startup_stm32f10x_md.o(.text)
    CAN1_SCE_IRQHandler                      0x08000383   Thumb Code     0  startup_stm32f10x_md.o(.text)
    DMA1_Channel1_IRQHandler                 0x08000383   Thumb Code     0  startup_stm32f10x_md.o(.text)
    DMA1_Channel2_IRQHandler                 0x08000383   Thumb Code     0  startup_stm32f10x_md.o(.text)
    DMA1_Channel3_IRQHandler                 0x08000383   Thumb Code     0  startup_stm32f10x_md.o(.text)
    DMA1_Channel4_IRQHandler                 0x08000383   Thumb Code     0  startup_stm32f10x_md.o(.text)
    DMA1_Channel5_IRQHandler                 0x08000383   Thumb Code     0  startup_stm32f10x_md.o(.text)
    DMA1_Channel6_IRQHandler                 0x08000383   Thumb Code     0  startup_stm32f10x_md.o(.text)
    DMA1_Channel7_IRQHandler                 0x08000383   Thumb Code     0  startup_stm32f10x_md.o(.text)
    EXTI0_IRQHandler                         0x08000383   Thumb Code     0  startup_stm32f10x_md.o(.text)
    EXTI15_10_IRQHandler                     0x08000383   Thumb Code     0  startup_stm32f10x_md.o(.text)
    EXTI1_IRQHandler                         0x08000383   Thumb Code     0  startup_stm32f10x_md.o(.text)
    EXTI3_IRQHandler                         0x08000383   Thumb Code     0  startup_stm32f10x_md.o(.text)
    EXTI4_IRQHandler                         0x08000383   Thumb Code     0  startup_stm32f10x_md.o(.text)
    FLASH_IRQHandler                         0x08000383   Thumb Code     0  startup_stm32f10x_md.o(.text)
    I2C1_ER_IRQHandler                       0x08000383   Thumb Code     0  startup_stm32f10x_md.o(.text)
    I2C1_EV_IRQHandler                       0x08000383   Thumb Code     0  startup_stm32f10x_md.o(.text)
    I2C2_ER_IRQHandler                       0x08000383   Thumb Code     0  startup_stm32f10x_md.o(.text)
    I2C2_EV_IRQHandler                       0x08000383   Thumb Code     0  startup_stm32f10x_md.o(.text)
    PVD_IRQHandler                           0x08000383   Thumb Code     0  startup_stm32f10x_md.o(.text)
    RCC_IRQHandler                           0x08000383   Thumb Code     0  startup_stm32f10x_md.o(.text)
    RTCAlarm_IRQHandler                      0x08000383   Thumb Code     0  startup_stm32f10x_md.o(.text)
    RTC_IRQHandler                           0x08000383   Thumb Code     0  startup_stm32f10x_md.o(.text)
    SPI1_IRQHandler                          0x08000383   Thumb Code     0  startup_stm32f10x_md.o(.text)
    SPI2_IRQHandler                          0x08000383   Thumb Code     0  startup_stm32f10x_md.o(.text)
    TAMPER_IRQHandler                        0x08000383   Thumb Code     0  startup_stm32f10x_md.o(.text)
    TIM1_BRK_IRQHandler                      0x08000383   Thumb Code     0  startup_stm32f10x_md.o(.text)
    TIM1_CC_IRQHandler                       0x08000383   Thumb Code     0  startup_stm32f10x_md.o(.text)
    TIM1_TRG_COM_IRQHandler                  0x08000383   Thumb Code     0  startup_stm32f10x_md.o(.text)
    TIM1_UP_IRQHandler                       0x08000383   Thumb Code     0  startup_stm32f10x_md.o(.text)
    TIM4_IRQHandler                          0x08000383   Thumb Code     0  startup_stm32f10x_md.o(.text)
    USART2_IRQHandler                        0x08000383   Thumb Code     0  startup_stm32f10x_md.o(.text)
    USART3_IRQHandler                        0x08000383   Thumb Code     0  startup_stm32f10x_md.o(.text)
    USBWakeUp_IRQHandler                     0x08000383   Thumb Code     0  startup_stm32f10x_md.o(.text)
    USB_HP_CAN1_TX_IRQHandler                0x08000383   Thumb Code     0  startup_stm32f10x_md.o(.text)
    USB_LP_CAN1_RX0_IRQHandler               0x08000383   Thumb Code     0  startup_stm32f10x_md.o(.text)
    WWDG_IRQHandler                          0x08000383   Thumb Code     0  startup_stm32f10x_md.o(.text)
    __user_initial_stackheap                 0x08000385   Thumb Code     0  startup_stm32f10x_md.o(.text)
    RCC_DeInit                               0x080003a9   Thumb Code    64  stm32f10x_rcc.o(.text)
    RCC_HSEConfig                            0x080003e9   Thumb Code    70  stm32f10x_rcc.o(.text)
    RCC_GetFlagStatus                        0x0800042f   Thumb Code    56  stm32f10x_rcc.o(.text)
    RCC_WaitForHSEStartUp                    0x08000467   Thumb Code    56  stm32f10x_rcc.o(.text)
    RCC_AdjustHSICalibrationValue            0x0800049f   Thumb Code    20  stm32f10x_rcc.o(.text)
    RCC_HSICmd                               0x080004b3   Thumb Code     6  stm32f10x_rcc.o(.text)
    RCC_PLLConfig                            0x080004b9   Thumb Code    24  stm32f10x_rcc.o(.text)
    RCC_PLLCmd                               0x080004d1   Thumb Code     6  stm32f10x_rcc.o(.text)
    RCC_SYSCLKConfig                         0x080004d7   Thumb Code    18  stm32f10x_rcc.o(.text)
    RCC_GetSYSCLKSource                      0x080004e9   Thumb Code    10  stm32f10x_rcc.o(.text)
    RCC_HCLKConfig                           0x080004f3   Thumb Code    18  stm32f10x_rcc.o(.text)
    RCC_PCLK1Config                          0x08000505   Thumb Code    18  stm32f10x_rcc.o(.text)
    RCC_PCLK2Config                          0x08000517   Thumb Code    20  stm32f10x_rcc.o(.text)
    RCC_ITConfig                             0x0800052b   Thumb Code    26  stm32f10x_rcc.o(.text)
    RCC_USBCLKConfig                         0x08000545   Thumb Code     8  stm32f10x_rcc.o(.text)
    RCC_ADCCLKConfig                         0x0800054d   Thumb Code    18  stm32f10x_rcc.o(.text)
    RCC_LSEConfig                            0x0800055f   Thumb Code    50  stm32f10x_rcc.o(.text)
    RCC_LSICmd                               0x08000591   Thumb Code     6  stm32f10x_rcc.o(.text)
    RCC_RTCCLKConfig                         0x08000597   Thumb Code    12  stm32f10x_rcc.o(.text)
    RCC_RTCCLKCmd                            0x080005a3   Thumb Code     8  stm32f10x_rcc.o(.text)
    RCC_GetClocksFreq                        0x080005ab   Thumb Code   192  stm32f10x_rcc.o(.text)
    RCC_AHBPeriphClockCmd                    0x0800066b   Thumb Code    26  stm32f10x_rcc.o(.text)
    RCC_APB2PeriphClockCmd                   0x08000685   Thumb Code    26  stm32f10x_rcc.o(.text)
    RCC_APB1PeriphClockCmd                   0x0800069f   Thumb Code    26  stm32f10x_rcc.o(.text)
    RCC_APB2PeriphResetCmd                   0x080006b9   Thumb Code    26  stm32f10x_rcc.o(.text)
    RCC_APB1PeriphResetCmd                   0x080006d3   Thumb Code    26  stm32f10x_rcc.o(.text)
    RCC_BackupResetCmd                       0x080006ed   Thumb Code     8  stm32f10x_rcc.o(.text)
    RCC_ClockSecuritySystemCmd               0x080006f5   Thumb Code     6  stm32f10x_rcc.o(.text)
    RCC_MCOConfig                            0x080006fb   Thumb Code     6  stm32f10x_rcc.o(.text)
    RCC_ClearFlag                            0x08000701   Thumb Code    14  stm32f10x_rcc.o(.text)
    RCC_GetITStatus                          0x0800070f   Thumb Code    20  stm32f10x_rcc.o(.text)
    RCC_ClearITPendingBit                    0x08000723   Thumb Code     6  stm32f10x_rcc.o(.text)
    USART_DeInit                             0x0800074d   Thumb Code   134  stm32f10x_usart.o(.text)
    USART_Init                               0x080007d3   Thumb Code   210  stm32f10x_usart.o(.text)
    USART_StructInit                         0x080008a5   Thumb Code    24  stm32f10x_usart.o(.text)
    USART_ClockInit                          0x080008bd   Thumb Code    34  stm32f10x_usart.o(.text)
    USART_ClockStructInit                    0x080008df   Thumb Code    12  stm32f10x_usart.o(.text)
    USART_Cmd                                0x080008eb   Thumb Code    24  stm32f10x_usart.o(.text)
    USART_ITConfig                           0x08000903   Thumb Code    74  stm32f10x_usart.o(.text)
    USART_DMACmd                             0x0800094d   Thumb Code    18  stm32f10x_usart.o(.text)
    USART_SetAddress                         0x0800095f   Thumb Code    18  stm32f10x_usart.o(.text)
    USART_WakeUpConfig                       0x08000971   Thumb Code    18  stm32f10x_usart.o(.text)
    USART_ReceiverWakeUpCmd                  0x08000983   Thumb Code    24  stm32f10x_usart.o(.text)
    USART_LINBreakDetectLengthConfig         0x0800099b   Thumb Code    18  stm32f10x_usart.o(.text)
    USART_LINCmd                             0x080009ad   Thumb Code    24  stm32f10x_usart.o(.text)
    USART_SendData                           0x080009c5   Thumb Code     8  stm32f10x_usart.o(.text)
    USART_ReceiveData                        0x080009cd   Thumb Code    10  stm32f10x_usart.o(.text)
    USART_SendBreak                          0x080009d7   Thumb Code    10  stm32f10x_usart.o(.text)
    USART_SetGuardTime                       0x080009e1   Thumb Code    16  stm32f10x_usart.o(.text)
    USART_SetPrescaler                       0x080009f1   Thumb Code    16  stm32f10x_usart.o(.text)
    USART_SmartCardCmd                       0x08000a01   Thumb Code    24  stm32f10x_usart.o(.text)
    USART_SmartCardNACKCmd                   0x08000a19   Thumb Code    24  stm32f10x_usart.o(.text)
    USART_HalfDuplexCmd                      0x08000a31   Thumb Code    24  stm32f10x_usart.o(.text)
    USART_OverSampling8Cmd                   0x08000a49   Thumb Code    22  stm32f10x_usart.o(.text)
    USART_OneBitMethodCmd                    0x08000a5f   Thumb Code    24  stm32f10x_usart.o(.text)
    USART_IrDAConfig                         0x08000a77   Thumb Code    18  stm32f10x_usart.o(.text)
    USART_IrDACmd                            0x08000a89   Thumb Code    24  stm32f10x_usart.o(.text)
    USART_GetFlagStatus                      0x08000aa1   Thumb Code    26  stm32f10x_usart.o(.text)
    USART_ClearFlag                          0x08000abb   Thumb Code    18  stm32f10x_usart.o(.text)
    USART_GetITStatus                        0x08000acd   Thumb Code    84  stm32f10x_usart.o(.text)
    USART_ClearITPendingBit                  0x08000b21   Thumb Code    52  stm32f10x_usart.o(.text)
    GPIO_DeInit                              0x08000b55   Thumb Code   172  stm32f10x_gpio.o(.text)
    GPIO_AFIODeInit                          0x08000c01   Thumb Code    20  stm32f10x_gpio.o(.text)
    GPIO_Init                                0x08000c15   Thumb Code   278  stm32f10x_gpio.o(.text)
    GPIO_StructInit                          0x08000d2b   Thumb Code    16  stm32f10x_gpio.o(.text)
    GPIO_ReadInputDataBit                    0x08000d3b   Thumb Code    18  stm32f10x_gpio.o(.text)
    GPIO_ReadInputData                       0x08000d4d   Thumb Code     8  stm32f10x_gpio.o(.text)
    GPIO_ReadOutputDataBit                   0x08000d55   Thumb Code    18  stm32f10x_gpio.o(.text)
    GPIO_ReadOutputData                      0x08000d67   Thumb Code     8  stm32f10x_gpio.o(.text)
    GPIO_SetBits                             0x08000d6f   Thumb Code     4  stm32f10x_gpio.o(.text)
    GPIO_ResetBits                           0x08000d73   Thumb Code     4  stm32f10x_gpio.o(.text)
    GPIO_WriteBit                            0x08000d77   Thumb Code    10  stm32f10x_gpio.o(.text)
    GPIO_Write                               0x08000d81   Thumb Code     4  stm32f10x_gpio.o(.text)
    GPIO_PinLockConfig                       0x08000d85   Thumb Code    18  stm32f10x_gpio.o(.text)
    GPIO_EventOutputConfig                   0x08000d97   Thumb Code    26  stm32f10x_gpio.o(.text)
    GPIO_EventOutputCmd                      0x08000db1   Thumb Code     6  stm32f10x_gpio.o(.text)
    GPIO_PinRemapConfig                      0x08000db7   Thumb Code   138  stm32f10x_gpio.o(.text)
    GPIO_EXTILineConfig                      0x08000e41   Thumb Code    66  stm32f10x_gpio.o(.text)
    GPIO_ETH_MediaInterfaceConfig            0x08000e83   Thumb Code     8  stm32f10x_gpio.o(.text)
    NVIC_PriorityGroupConfig                 0x08000eb1   Thumb Code    10  misc.o(.text)
    NVIC_Init                                0x08000ebb   Thumb Code   100  misc.o(.text)
    NVIC_SetVectorTable                      0x08000f1f   Thumb Code    14  misc.o(.text)
    NVIC_SystemLPConfig                      0x08000f2d   Thumb Code    34  misc.o(.text)
    SysTick_CLKSourceConfig                  0x08000f4f   Thumb Code    40  misc.o(.text)
    FLASH_SetLatency                         0x08000f8d   Thumb Code    18  stm32f10x_flash.o(.text)
    FLASH_HalfCycleAccessCmd                 0x08000f9f   Thumb Code    22  stm32f10x_flash.o(.text)
    FLASH_PrefetchBufferCmd                  0x08000fb5   Thumb Code    22  stm32f10x_flash.o(.text)
    FLASH_Unlock                             0x08000fcb   Thumb Code    12  stm32f10x_flash.o(.text)
    FLASH_UnlockBank1                        0x08000fd7   Thumb Code    12  stm32f10x_flash.o(.text)
    FLASH_Lock                               0x08000fe3   Thumb Code    14  stm32f10x_flash.o(.text)
    FLASH_LockBank1                          0x08000ff1   Thumb Code    14  stm32f10x_flash.o(.text)
    FLASH_GetBank1Status                     0x08000fff   Thumb Code    48  stm32f10x_flash.o(.text)
    FLASH_WaitForLastOperation               0x0800102f   Thumb Code    38  stm32f10x_flash.o(.text)
    FLASH_ErasePage                          0x08001055   Thumb Code    72  stm32f10x_flash.o(.text)
    FLASH_EraseAllPages                      0x0800109d   Thumb Code    68  stm32f10x_flash.o(.text)
    FLASH_WaitForLastBank1Operation          0x080010e1   Thumb Code    38  stm32f10x_flash.o(.text)
    FLASH_EraseAllBank1Pages                 0x08001107   Thumb Code    68  stm32f10x_flash.o(.text)
    FLASH_GetReadOutProtectionStatus         0x0800114b   Thumb Code    20  stm32f10x_flash.o(.text)
    FLASH_EraseOptionBytes                   0x0800115f   Thumb Code   150  stm32f10x_flash.o(.text)
    FLASH_ProgramWord                        0x080011f5   Thumb Code   102  stm32f10x_flash.o(.text)
    FLASH_ProgramHalfWord                    0x0800125b   Thumb Code    60  stm32f10x_flash.o(.text)
    FLASH_ProgramOptionByteData              0x08001297   Thumb Code    72  stm32f10x_flash.o(.text)
    FLASH_EnableWriteProtection              0x080012df   Thumb Code   200  stm32f10x_flash.o(.text)
    FLASH_ReadOutProtection                  0x080013a7   Thumb Code   156  stm32f10x_flash.o(.text)
    FLASH_UserOptionByteConfig               0x08001443   Thumb Code    88  stm32f10x_flash.o(.text)
    FLASH_GetUserOptionByte                  0x0800149b   Thumb Code     8  stm32f10x_flash.o(.text)
    FLASH_GetWriteProtectionOptionByte       0x080014a3   Thumb Code     6  stm32f10x_flash.o(.text)
    FLASH_GetPrefetchBufferStatus            0x080014a9   Thumb Code    20  stm32f10x_flash.o(.text)
    FLASH_ITConfig                           0x080014bd   Thumb Code    26  stm32f10x_flash.o(.text)
    FLASH_GetFlagStatus                      0x080014d7   Thumb Code    42  stm32f10x_flash.o(.text)
    FLASH_ClearFlag                          0x08001501   Thumb Code     6  stm32f10x_flash.o(.text)
    FLASH_GetStatus                          0x08001507   Thumb Code    48  stm32f10x_flash.o(.text)
    TIM_DeInit                               0x08001549   Thumb Code   424  stm32f10x_tim.o(.text)
    TIM_TimeBaseInit                         0x080016f1   Thumb Code   122  stm32f10x_tim.o(.text)
    TIM_OC1Init                              0x0800176b   Thumb Code   132  stm32f10x_tim.o(.text)
    TIM_OC2Init                              0x080017ef   Thumb Code   154  stm32f10x_tim.o(.text)
    TIM_OC3Init                              0x08001889   Thumb Code   150  stm32f10x_tim.o(.text)
    TIM_OC4Init                              0x0800191f   Thumb Code   182  stm32f10x_tim.o(.text)
    TIM_SetIC4Prescaler                      0x080019d5   Thumb Code    26  stm32f10x_tim.o(.text)
    TIM_SetIC3Prescaler                      0x08001a71   Thumb Code    18  stm32f10x_tim.o(.text)
    TIM_SetIC2Prescaler                      0x08001afd   Thumb Code    26  stm32f10x_tim.o(.text)
    TIM_SetIC1Prescaler                      0x08001b99   Thumb Code    18  stm32f10x_tim.o(.text)
    TIM_ICInit                               0x08001c17   Thumb Code   150  stm32f10x_tim.o(.text)
    TIM_PWMIConfig                           0x08001cad   Thumb Code   124  stm32f10x_tim.o(.text)
    TIM_BDTRConfig                           0x08001d29   Thumb Code    32  stm32f10x_tim.o(.text)
    TIM_TimeBaseStructInit                   0x08001d49   Thumb Code    18  stm32f10x_tim.o(.text)
    TIM_OCStructInit                         0x08001d5b   Thumb Code    20  stm32f10x_tim.o(.text)
    TIM_ICStructInit                         0x08001d6f   Thumb Code    18  stm32f10x_tim.o(.text)
    TIM_BDTRStructInit                       0x08001d81   Thumb Code    40  stm32f10x_tim.o(.text)
    TIM_Cmd                                  0x08001da9   Thumb Code    24  stm32f10x_tim.o(.text)
    TIM_CtrlPWMOutputs                       0x08001dc1   Thumb Code    30  stm32f10x_tim.o(.text)
    TIM_ITConfig                             0x08001ddf   Thumb Code    18  stm32f10x_tim.o(.text)
    TIM_GenerateEvent                        0x08001df1   Thumb Code     4  stm32f10x_tim.o(.text)
    TIM_DMAConfig                            0x08001df5   Thumb Code    10  stm32f10x_tim.o(.text)
    TIM_DMACmd                               0x08001dff   Thumb Code    18  stm32f10x_tim.o(.text)
    TIM_InternalClockConfig                  0x08001e11   Thumb Code    12  stm32f10x_tim.o(.text)
    TIM_SelectInputTrigger                   0x08001e1d   Thumb Code    18  stm32f10x_tim.o(.text)
    TIM_ITRxExternalClockConfig              0x08001e2f   Thumb Code    24  stm32f10x_tim.o(.text)
    TIM_TIxExternalClockConfig               0x08001e47   Thumb Code    62  stm32f10x_tim.o(.text)
    TIM_ETRConfig                            0x08001e85   Thumb Code    28  stm32f10x_tim.o(.text)
    TIM_ETRClockMode1Config                  0x08001ea1   Thumb Code    54  stm32f10x_tim.o(.text)
    TIM_ETRClockMode2Config                  0x08001ed7   Thumb Code    32  stm32f10x_tim.o(.text)
    TIM_PrescalerConfig                      0x08001ef7   Thumb Code     6  stm32f10x_tim.o(.text)
    TIM_CounterModeConfig                    0x08001efd   Thumb Code    18  stm32f10x_tim.o(.text)
    TIM_EncoderInterfaceConfig               0x08001f0f   Thumb Code    66  stm32f10x_tim.o(.text)
    TIM_ForcedOC1Config                      0x08001f51   Thumb Code    18  stm32f10x_tim.o(.text)
    TIM_ForcedOC2Config                      0x08001f63   Thumb Code    26  stm32f10x_tim.o(.text)
    TIM_ForcedOC3Config                      0x08001f7d   Thumb Code    18  stm32f10x_tim.o(.text)
    TIM_ForcedOC4Config                      0x08001f8f   Thumb Code    26  stm32f10x_tim.o(.text)
    TIM_ARRPreloadConfig                     0x08001fa9   Thumb Code    24  stm32f10x_tim.o(.text)
    TIM_SelectCOM                            0x08001fc1   Thumb Code    24  stm32f10x_tim.o(.text)
    TIM_SelectCCDMA                          0x08001fd9   Thumb Code    24  stm32f10x_tim.o(.text)
    TIM_CCPreloadControl                     0x08001ff1   Thumb Code    24  stm32f10x_tim.o(.text)
    TIM_OC1PreloadConfig                     0x08002009   Thumb Code    18  stm32f10x_tim.o(.text)
    TIM_OC2PreloadConfig                     0x0800201b   Thumb Code    26  stm32f10x_tim.o(.text)
    TIM_OC3PreloadConfig                     0x08002035   Thumb Code    18  stm32f10x_tim.o(.text)
    TIM_OC4PreloadConfig                     0x08002047   Thumb Code    26  stm32f10x_tim.o(.text)
    TIM_OC1FastConfig                        0x08002061   Thumb Code    18  stm32f10x_tim.o(.text)
    TIM_OC2FastConfig                        0x08002073   Thumb Code    26  stm32f10x_tim.o(.text)
    TIM_OC3FastConfig                        0x0800208d   Thumb Code    18  stm32f10x_tim.o(.text)
    TIM_OC4FastConfig                        0x0800209f   Thumb Code    26  stm32f10x_tim.o(.text)
    TIM_ClearOC1Ref                          0x080020b9   Thumb Code    18  stm32f10x_tim.o(.text)
    TIM_ClearOC2Ref                          0x080020cb   Thumb Code    24  stm32f10x_tim.o(.text)
    TIM_ClearOC3Ref                          0x080020e3   Thumb Code    18  stm32f10x_tim.o(.text)
    TIM_ClearOC4Ref                          0x080020f5   Thumb Code    24  stm32f10x_tim.o(.text)
    TIM_OC1PolarityConfig                    0x0800210d   Thumb Code    18  stm32f10x_tim.o(.text)
    TIM_OC1NPolarityConfig                   0x0800211f   Thumb Code    18  stm32f10x_tim.o(.text)
    TIM_OC2PolarityConfig                    0x08002131   Thumb Code    26  stm32f10x_tim.o(.text)
    TIM_OC2NPolarityConfig                   0x0800214b   Thumb Code    26  stm32f10x_tim.o(.text)
    TIM_OC3PolarityConfig                    0x08002165   Thumb Code    26  stm32f10x_tim.o(.text)
    TIM_OC3NPolarityConfig                   0x0800217f   Thumb Code    26  stm32f10x_tim.o(.text)
    TIM_OC4PolarityConfig                    0x08002199   Thumb Code    26  stm32f10x_tim.o(.text)
    TIM_CCxCmd                               0x080021b3   Thumb Code    30  stm32f10x_tim.o(.text)
    TIM_CCxNCmd                              0x080021d1   Thumb Code    30  stm32f10x_tim.o(.text)
    TIM_SelectOCxM                           0x080021ef   Thumb Code    82  stm32f10x_tim.o(.text)
    TIM_UpdateDisableConfig                  0x08002241   Thumb Code    24  stm32f10x_tim.o(.text)
    TIM_UpdateRequestConfig                  0x08002259   Thumb Code    24  stm32f10x_tim.o(.text)
    TIM_SelectHallSensor                     0x08002271   Thumb Code    24  stm32f10x_tim.o(.text)
    TIM_SelectOnePulseMode                   0x08002289   Thumb Code    18  stm32f10x_tim.o(.text)
    TIM_SelectOutputTrigger                  0x0800229b   Thumb Code    18  stm32f10x_tim.o(.text)
    TIM_SelectSlaveMode                      0x080022ad   Thumb Code    18  stm32f10x_tim.o(.text)
    TIM_SelectMasterSlaveMode                0x080022bf   Thumb Code    18  stm32f10x_tim.o(.text)
    TIM_SetCounter                           0x080022d1   Thumb Code     4  stm32f10x_tim.o(.text)
    TIM_SetAutoreload                        0x080022d5   Thumb Code     4  stm32f10x_tim.o(.text)
    TIM_SetCompare1                          0x080022d9   Thumb Code     4  stm32f10x_tim.o(.text)
    TIM_SetCompare2                          0x080022dd   Thumb Code     4  stm32f10x_tim.o(.text)
    TIM_SetCompare3                          0x080022e1   Thumb Code     4  stm32f10x_tim.o(.text)
    TIM_SetCompare4                          0x080022e5   Thumb Code     6  stm32f10x_tim.o(.text)
    TIM_SetClockDivision                     0x080022eb   Thumb Code    18  stm32f10x_tim.o(.text)
    TIM_GetCapture1                          0x080022fd   Thumb Code     6  stm32f10x_tim.o(.text)
    TIM_GetCapture2                          0x08002303   Thumb Code     6  stm32f10x_tim.o(.text)
    TIM_GetCapture3                          0x08002309   Thumb Code     6  stm32f10x_tim.o(.text)
    TIM_GetCapture4                          0x0800230f   Thumb Code     8  stm32f10x_tim.o(.text)
    TIM_GetCounter                           0x08002317   Thumb Code     6  stm32f10x_tim.o(.text)
    TIM_GetPrescaler                         0x0800231d   Thumb Code     6  stm32f10x_tim.o(.text)
    TIM_GetFlagStatus                        0x08002323   Thumb Code    18  stm32f10x_tim.o(.text)
    TIM_ClearFlag                            0x08002335   Thumb Code     6  stm32f10x_tim.o(.text)
    TIM_GetITStatus                          0x0800233b   Thumb Code    34  stm32f10x_tim.o(.text)
    TIM_ClearITPendingBit                    0x0800235d   Thumb Code     6  stm32f10x_tim.o(.text)
    EXTI_DeInit                              0x08002365   Thumb Code    28  stm32f10x_exti.o(.text)
    EXTI_Init                                0x08002381   Thumb Code   142  stm32f10x_exti.o(.text)
    EXTI_StructInit                          0x0800240f   Thumb Code    16  stm32f10x_exti.o(.text)
    EXTI_GenerateSWInterrupt                 0x0800241f   Thumb Code    16  stm32f10x_exti.o(.text)
    EXTI_GetFlagStatus                       0x0800242f   Thumb Code    22  stm32f10x_exti.o(.text)
    EXTI_ClearFlag                           0x08002445   Thumb Code     8  stm32f10x_exti.o(.text)
    EXTI_GetITStatus                         0x0800244d   Thumb Code    34  stm32f10x_exti.o(.text)
    EXTI_ClearITPendingBit                   0x0800246f   Thumb Code     8  stm32f10x_exti.o(.text)
    NMI_Handler                              0x08002481   Thumb Code     2  stm32f10x_it.o(.text)
    HardFault_Handler                        0x08002483   Thumb Code     4  stm32f10x_it.o(.text)
    MemManage_Handler                        0x08002487   Thumb Code     4  stm32f10x_it.o(.text)
    BusFault_Handler                         0x0800248b   Thumb Code     4  stm32f10x_it.o(.text)
    UsageFault_Handler                       0x0800248f   Thumb Code     4  stm32f10x_it.o(.text)
    SVC_Handler                              0x08002493   Thumb Code     2  stm32f10x_it.o(.text)
    DebugMon_Handler                         0x08002495   Thumb Code     2  stm32f10x_it.o(.text)
    PendSV_Handler                           0x08002497   Thumb Code     2  stm32f10x_it.o(.text)
    SysTick_Handler                          0x08002499   Thumb Code     2  stm32f10x_it.o(.text)
    EXTI9_5_IRQHandler                       0x0800249b   Thumb Code     2  stm32f10x_it.o(.text)
    USART1_IRQHandler                        0x0800249d   Thumb Code     2  stm32f10x_it.o(.text)
    SMG_data_update                          0x080024a1   Thumb Code    52  display.o(.text)
    send_bit_RP1                             0x080024d5   Thumb Code   222  display.o(.text)
    send_seg_RP0                             0x080025b3   Thumb Code   206  display.o(.text)
    SMG_Diplay                               0x08002681   Thumb Code    82  display.o(.text)
    ButtonMappingDisplay                     0x080026d3   Thumb Code   202  display.o(.text)
    GetIntNumber                             0x0800279d   Thumb Code    22  display.o(.text)
    SMG_DisplayModeONE                       0x080027b3   Thumb Code   360  display.o(.text)
    SMG_DisplayModeTWO                       0x0800291b   Thumb Code   104  display.o(.text)
    SMG_DisplayModeTHIRD                     0x08002983   Thumb Code   194  display.o(.text)
    SMG_DisplayMenuOne                       0x08002a45   Thumb Code   194  display.o(.text)
    SMG_DisplayMenuTwo_TOFF                  0x08002b07   Thumb Code   118  display.o(.text)
    SMG_DisplayMenuTwo_OFFD                  0x08002b7d   Thumb Code   116  display.o(.text)
    SMG_DisplayMenuTwo_OFFD_SET              0x08002bf1   Thumb Code   426  display.o(.text)
    SMG_DisplayMenuTwo_ON_Delay              0x08002d9b   Thumb Code   120  display.o(.text)
    SMG_DisplayMenuTwo_ON_Delay_SET          0x08002e13   Thumb Code   406  display.o(.text)
    SMG_DisplayMenuTwo_SHOT                  0x08002fa9   Thumb Code   122  display.o(.text)
    SMG_DisplayMenuTwo_SHOT_SET              0x08003023   Thumb Code   440  display.o(.text)
    SMG_DisplayMenuTwo_DEL                   0x080031db   Thumb Code   118  display.o(.text)
    SMG_DisplayMenuTwo_DEL_SET               0x08003251   Thumb Code   404  display.o(.text)
    SMG_DisplaySET_Step_1_Mode               0x080033e5   Thumb Code   408  display.o(.text)
    SMG_DisplaySET_Step_2_Mode               0x0800357d   Thumb Code   386  display.o(.text)
    SMG_DisplayOUT_STATUS                    0x080036ff   Thumb Code   124  display.o(.text)
    ENDDisplay                               0x0800377b   Thumb Code    64  display.o(.text)
    ParameterDisplay                         0x080037bb   Thumb Code    68  display.o(.text)
    SMG_Init                                 0x080037ff   Thumb Code     2  display.o(.text)
    Button_Init                              0x08003811   Thumb Code   186  key.o(.text)
    PressCallback                            0x080038cb   Thumb Code   110  key.o(.text)
    ReadButtonStatus                         0x08003939   Thumb Code    38  key.o(.text)
    Key_Scan                                 0x0800395f   Thumb Code   262  key.o(.text)
    MenuTwo_OUT1_SHOT                        0x08003a75   Thumb Code   550  menu.o(.text)
    MenuTwo_OUT1_ON_D                        0x08003c9b   Thumb Code   578  menu.o(.text)
    MenuTwo_OUT1_OFFD                        0x08003edd   Thumb Code   550  menu.o(.text)
    MenuTwo_OUT1_TOFF                        0x08004103   Thumb Code    36  menu.o(.text)
    MenuTwo_OUT1_DelaySET                    0x08004127   Thumb Code   590  menu.o(.text)
    MenuOne_CounterSET                       0x08004375   Thumb Code   414  menu.o(.text)
    menu                                     0x08004513   Thumb Code   212  menu.o(.text)
    fputc                                    0x0800460d   Thumb Code    32  main.o(.text)
    RCC_Configuration                        0x0800462d   Thumb Code    76  main.o(.text)
    Timer3_init                              0x08004679   Thumb Code   106  main.o(.text)
    timer_init                               0x080046e3   Thumb Code   120  main.o(.text)
    SMG_GPIO_INIT                            0x0800475b   Thumb Code   536  main.o(.text)
    CompareOUT1GPIO                          0x08004973   Thumb Code   116  main.o(.text)
    IO_GPIO_INIT                             0x080049e7   Thumb Code   222  main.o(.text)
    EXTI2_IRQHandler                         0x08004ac5   Thumb Code    56  main.o(.text)
    TIM2_IRQHandler                          0x08004afd   Thumb Code    22  main.o(.text)
    TIM1_BRK_UP_TRG_COM_IRQHandler           0x08004b13   Thumb Code    22  main.o(.text)
    TIM3_IRQHandler                          0x08004b29   Thumb Code   140  main.o(.text)
    bsp_init                                 0x08004bb5   Thumb Code    38  main.o(.text)
    Formula_100                              0x08004bdb   Thumb Code   170  main.o(.text)
    FlashCheck                               0x08004c85   Thumb Code    72  main.o(.text)
    main                                     0x08004ccd   Thumb Code    36  main.o(.text)
    WriteFlash                               0x08004cf1   Thumb Code    46  main.o(.text)
    printFlashTest                           0x08004d1f   Thumb Code    20  main.o(.text)
    Formula_CRC16                            0x08004d33   Thumb Code   114  main.o(.text)
    GetADCValue                              0x08004e0d   Thumb Code     2  pg120.o(.text)
    GetRegisterAState                        0x08004e0f   Thumb Code    32  pg120.o(.text)
    ButtonMapping                            0x08004e2f   Thumb Code   192  pg120.o(.text)
    DEL_Set                                  0x08004eef   Thumb Code   416  pg120.o(.text)
    DisplayModeFour                          0x0800508f   Thumb Code     8  pg120.o(.text)
    DisplayModeTHIRD                         0x08005097   Thumb Code    14  pg120.o(.text)
    DisplayModeTWO                           0x080050a5   Thumb Code   116  pg120.o(.text)
    DisplayModeONE                           0x08005119   Thumb Code   536  pg120.o(.text)
    DisplayMODE                              0x08005331   Thumb Code   196  pg120.o(.text)
    ShortCircuitProtection                   0x080053f5   Thumb Code    94  pg120.o(.text)
    Test_Delay                               0x08005453   Thumb Code    18  pg120.o(.text)
    GetEEPROM                                0x08005465   Thumb Code    24  pg120.o(.text)
    differenttialDC                          0x0800547d   Thumb Code   208  pg120.o(.text)
    SetOUT1Status                            0x0800554d   Thumb Code   126  pg120.o(.text)
    SetOUT2Status                            0x080055cb   Thumb Code    60  pg120.o(.text)
    __use_two_region_memory                  0x0800566d   Thumb Code     2  heapauxi.o(.text)
    __rt_heap_escrow$2region                 0x0800566f   Thumb Code     2  heapauxi.o(.text)
    __rt_heap_expand$2region                 0x08005671   Thumb Code     2  heapauxi.o(.text)
    __user_setup_stackheap                   0x08005673   Thumb Code    74  sys_stackheap_outer.o(.text)
    exit                                     0x080056bd   Thumb Code    12  exit.o(.text)
    __user_libspace                          0x080056c9   Thumb Code     8  libspace.o(.text)
    __user_perproc_libspace                  0x080056c9   Thumb Code     0  libspace.o(.text)
    __user_perthread_libspace                0x080056c9   Thumb Code     0  libspace.o(.text)
    _sys_exit                                0x080056d1   Thumb Code     8  sys_exit.o(.text)
    __I$use$semihosting                      0x080056dd   Thumb Code     0  use_no_semi.o(.text)
    __use_no_semihosting_swi                 0x080056dd   Thumb Code     2  use_no_semi.o(.text)
    __semihosting_library_function           0x080056df   Thumb Code     0  indicate_semi.o(.text)
    data_SMG_bit_table                       0x080056de   Data          18  display.o(.constdata)
    data_SMG_seg_table                       0x080056f0   Data          80  display.o(.constdata)
    Region$$Table$$Base                      0x08005740   Number         0  anon$$obj.o(Region$$Table)
    Region$$Table$$Limit                     0x08005760   Number         0  anon$$obj.o(Region$$Table)
    SystemCoreClock                          0x20000000   Data           4  system_stm32f10x.o(.data)
    AHBPrescTable                            0x20000004   Data          16  system_stm32f10x.o(.data)
    SMG_Data                                 0x20000028   Data           8  display.o(.data)
    SMG_D4_to_D1_bit                         0x20000030   Data           1  display.o(.data)
    SMG_D8_to_D5_bit                         0x20000031   Data           1  display.o(.data)
    SMG_BIT                                  0x20000032   Data           1  display.o(.data)
    SMG_D9_BIT                               0x20000033   Data           1  display.o(.data)
    SMG_D9_Decode_table                      0x20000034   Data           4  display.o(.data)
    CSV                                      0x20000044   Data           4  menu.o(.data)
    OUT1_Mode                                0x20000048   Data           8  menu.o(.data)
    DispalyNo                                0x20000050   Data           1  menu.o(.data)
    CheckFLag                                0x20000058   Data           1  main.o(.data)
    TIM1step                                 0x20000059   Data           1  main.o(.data)
    timenum                                  0x2000005c   Data           4  main.o(.data)
    LastRegisterA                            0x20000060   Data           1  main.o(.data)
    Flashtemp                                0x20000064   Data           4  main.o(.data)
    UID                                      0x20000068   Data           4  main.o(.data)
    Fml_Constant                             0x2000006c   Data           4  main.o(.data)
    C                                        0x20000070   Data           4  main.o(.data)
    FormulaResult                            0x20000074   Data           4  main.o(.data)
    FormulaCheck                             0x20000078   Data           4  main.o(.data)
    UIDFlashResult                           0x2000007c   Data           4  main.o(.data)
    Fml_CRC16                                0x20000080   Data           2  main.o(.data)
    DealyBaseTime                            0x20000084   Data           4  pg120.o(.data)
    DEL                                      0x20000088   Data           2  pg120.o(.data)
    Threshold                                0x2000008a   Data           2  pg120.o(.data)
    RegisterA                                0x2000008c   Data           1  pg120.o(.data)
    RegisterB                                0x2000008d   Data           1  pg120.o(.data)
    OUT1                                     0x2000008e   Data           1  pg120.o(.data)
    OUT2                                     0x2000008f   Data           1  pg120.o(.data)
    OUT2_TimerCounter                        0x20000090   Data           2  pg120.o(.data)
    OUT2_Timer                               0x20000092   Data           2  pg120.o(.data)
    ADCValue                                 0x20000094   Data           4  pg120.o(.data)
    ADCValueFlag                             0x20000098   Data           1  pg120.o(.data)
    ADC_Display                              0x2000009c   Data           4  pg120.o(.data)
    ADC_Display_Index                        0x200000a0   Data           2  pg120.o(.data)
    DACOUT                                   0x200000a4   Data           4  pg120.o(.data)
    CPV                                      0x200000a8   Data           4  pg120.o(.data)
    KEY                                      0x200000ac   Data           1  pg120.o(.data)
    ConfirmShortCircuit                      0x200000ad   Data           1  pg120.o(.data)
    ShortCircuitCounter                      0x200000b0   Data           4  pg120.o(.data)
    ShortCircuitLastTime                     0x200000b4   Data           4  pg120.o(.data)
    KeyMappingFlag                           0x200000b8   Data           1  pg120.o(.data)
    EventFlag                                0x200000b9   Data           1  pg120.o(.data)
    ShortCircuit                             0x200000ba   Data           1  pg120.o(.data)
    ShortCircuitTimer                        0x200000bc   Data           4  pg120.o(.data)
    DisplayModeNo                            0x200000c0   Data           1  pg120.o(.data)
    SHOTflag                                 0x200000c1   Data           1  pg120.o(.data)
    _test_size                               0x200000c2   Data           2  pg120.o(.data)
    statusW                                  0x200000c4   Data           1  pg120.o(.data)
    statusR                                  0x200000c5   Data           1  pg120.o(.data)
    ProgramRUNcounter                        0x200000c8   Data           4  pg120.o(.data)
    SMG_data_Decode_table                    0x200000d4   Data           9  display.o(.bss)
    ModeButton                               0x200000e0   Data          32  key.o(.bss)
    UpButton                                 0x20000100   Data          32  key.o(.bss)
    DownButton                               0x20000120   Data          32  key.o(.bss)
    SysClock                                 0x20000140   Data          20  main.o(.bss)
    D                                        0x20000154   Data          12  main.o(.bss)
    ADC_ROW_Value                            0x20000160   Data          16  pg120.o(.bss)
    ADC_Display_Value                        0x20000170   Data        1032  pg120.o(.bss)
    _test_send_buf                           0x20000578   Data         120  pg120.o(.bss)
    _test_recv_buf                           0x200005f0   Data         120  pg120.o(.bss)
    __libspace_start                         0x20000668   Data          96  libspace.o(.bss)
    __temporary_stack_top$libspace           0x200006c8   Data           0  libspace.o(.bss)



==============================================================================

Memory Map of the image

  Image Entry point : 0x080000ed

  Load Region LR_IROM1 (Base: 0x08000000, Size: 0x00005834, Max: 0x00010000, ABSOLUTE)

    Execution Region ER_IROM1 (Base: 0x08000000, Size: 0x00005760, Max: 0x00010000, ABSOLUTE)

    Base Addr    Size         Type   Attr      Idx    E Section Name        Object

    0x08000000   0x000000ec   Data   RO           59    RESET               startup_stm32f10x_md.o
    0x080000ec   0x00000008   Code   RO          393  * !!!main             c_w.l(__main.o)
    0x080000f4   0x00000034   Code   RO          549    !!!scatter          c_w.l(__scatter.o)
    0x08000128   0x0000001a   Code   RO          551    !!handler_copy      c_w.l(__scatter_copy.o)
    0x08000142   0x00000002   PAD
    0x08000144   0x0000001c   Code   RO          553    !!handler_zi        c_w.l(__scatter_zi.o)
    0x08000160   0x00000002   Code   RO          420    .ARM.Collect$$libinit$$00000000  c_w.l(libinit.o)
    0x08000162   0x00000000   Code   RO          427    .ARM.Collect$$libinit$$00000002  c_w.l(libinit2.o)
    0x08000162   0x00000000   Code   RO          429    .ARM.Collect$$libinit$$00000004  c_w.l(libinit2.o)
    0x08000162   0x00000000   Code   RO          432    .ARM.Collect$$libinit$$0000000A  c_w.l(libinit2.o)
    0x08000162   0x00000000   Code   RO          434    .ARM.Collect$$libinit$$0000000C  c_w.l(libinit2.o)
    0x08000162   0x00000000   Code   RO          436    .ARM.Collect$$libinit$$0000000E  c_w.l(libinit2.o)
    0x08000162   0x00000000   Code   RO          439    .ARM.Collect$$libinit$$00000011  c_w.l(libinit2.o)
    0x08000162   0x00000000   Code   RO          441    .ARM.Collect$$libinit$$00000013  c_w.l(libinit2.o)
    0x08000162   0x00000000   Code   RO          443    .ARM.Collect$$libinit$$00000015  c_w.l(libinit2.o)
    0x08000162   0x00000000   Code   RO          445    .ARM.Collect$$libinit$$00000017  c_w.l(libinit2.o)
    0x08000162   0x00000000   Code   RO          447    .ARM.Collect$$libinit$$00000019  c_w.l(libinit2.o)
    0x08000162   0x00000000   Code   RO          449    .ARM.Collect$$libinit$$0000001B  c_w.l(libinit2.o)
    0x08000162   0x00000000   Code   RO          451    .ARM.Collect$$libinit$$0000001D  c_w.l(libinit2.o)
    0x08000162   0x00000000   Code   RO          453    .ARM.Collect$$libinit$$0000001F  c_w.l(libinit2.o)
    0x08000162   0x00000000   Code   RO          455    .ARM.Collect$$libinit$$00000021  c_w.l(libinit2.o)
    0x08000162   0x00000000   Code   RO          457    .ARM.Collect$$libinit$$00000023  c_w.l(libinit2.o)
    0x08000162   0x00000000   Code   RO          459    .ARM.Collect$$libinit$$00000025  c_w.l(libinit2.o)
    0x08000162   0x00000000   Code   RO          463    .ARM.Collect$$libinit$$0000002C  c_w.l(libinit2.o)
    0x08000162   0x00000000   Code   RO          465    .ARM.Collect$$libinit$$0000002E  c_w.l(libinit2.o)
    0x08000162   0x00000000   Code   RO          467    .ARM.Collect$$libinit$$00000030  c_w.l(libinit2.o)
    0x08000162   0x00000000   Code   RO          469    .ARM.Collect$$libinit$$00000032  c_w.l(libinit2.o)
    0x08000162   0x00000002   Code   RO          470    .ARM.Collect$$libinit$$00000033  c_w.l(libinit2.o)
    0x08000164   0x00000002   Code   RO          490    .ARM.Collect$$libshutdown$$00000000  c_w.l(libshutdown.o)
    0x08000166   0x00000000   Code   RO          504    .ARM.Collect$$libshutdown$$00000003  c_w.l(libshutdown2.o)
    0x08000166   0x00000000   Code   RO          507    .ARM.Collect$$libshutdown$$00000006  c_w.l(libshutdown2.o)
    0x08000166   0x00000000   Code   RO          510    .ARM.Collect$$libshutdown$$00000009  c_w.l(libshutdown2.o)
    0x08000166   0x00000000   Code   RO          512    .ARM.Collect$$libshutdown$$0000000B  c_w.l(libshutdown2.o)
    0x08000166   0x00000000   Code   RO          515    .ARM.Collect$$libshutdown$$0000000E  c_w.l(libshutdown2.o)
    0x08000166   0x00000002   Code   RO          516    .ARM.Collect$$libshutdown$$0000000F  c_w.l(libshutdown2.o)
    0x08000168   0x00000000   Code   RO          395    .ARM.Collect$$rtentry$$00000000  c_w.l(__rtentry.o)
    0x08000168   0x00000000   Code   RO          397    .ARM.Collect$$rtentry$$00000002  c_w.l(__rtentry2.o)
    0x08000168   0x00000006   Code   RO          409    .ARM.Collect$$rtentry$$00000004  c_w.l(__rtentry4.o)
    0x0800016e   0x00000000   Code   RO          399    .ARM.Collect$$rtentry$$00000009  c_w.l(__rtentry2.o)
    0x0800016e   0x00000004   Code   RO          400    .ARM.Collect$$rtentry$$0000000A  c_w.l(__rtentry2.o)
    0x08000172   0x00000000   Code   RO          402    .ARM.Collect$$rtentry$$0000000C  c_w.l(__rtentry2.o)
    0x08000172   0x00000008   Code   RO          403    .ARM.Collect$$rtentry$$0000000D  c_w.l(__rtentry2.o)
    0x0800017a   0x00000002   Code   RO          424    .ARM.Collect$$rtexit$$00000000  c_w.l(rtexit.o)
    0x0800017c   0x00000000   Code   RO          472    .ARM.Collect$$rtexit$$00000002  c_w.l(rtexit2.o)
    0x0800017c   0x00000004   Code   RO          473    .ARM.Collect$$rtexit$$00000003  c_w.l(rtexit2.o)
    0x08000180   0x00000006   Code   RO          474    .ARM.Collect$$rtexit$$00000004  c_w.l(rtexit2.o)
    0x08000186   0x00000002   PAD
    0x08000188   0x000001e0   Code   RO           17    .text               system_stm32f10x.o
    0x08000368   0x00000040   Code   RO           60    .text               startup_stm32f10x_md.o
    0x080003a8   0x000003a4   Code   RO           64    .text               stm32f10x_rcc.o
    0x0800074c   0x00000408   Code   RO           82    .text               stm32f10x_usart.o
    0x08000b54   0x0000035c   Code   RO           94    .text               stm32f10x_gpio.o
    0x08000eb0   0x000000dc   Code   RO          106    .text               misc.o
    0x08000f8c   0x000005bc   Code   RO          118    .text               stm32f10x_flash.o
    0x08001548   0x00000e1a   Code   RO          133    .text               stm32f10x_tim.o
    0x08002362   0x00000002   PAD
    0x08002364   0x0000011c   Code   RO          193    .text               stm32f10x_exti.o
    0x08002480   0x0000001e   Code   RO          247    .text               stm32f10x_it.o
    0x0800249e   0x00000002   PAD
    0x080024a0   0x00001370   Code   RO          266    .text               display.o
    0x08003810   0x00000264   Code   RO          295    .text               key.o
    0x08003a74   0x00000b98   Code   RO          316    .text               menu.o
    0x0800460c   0x00000800   Code   RO          342    .text               main.o
    0x08004e0c   0x00000860   Code   RO          367    .text               pg120.o
    0x0800566c   0x00000006   Code   RO          391    .text               c_w.l(heapauxi.o)
    0x08005672   0x0000004a   Code   RO          411    .text               c_w.l(sys_stackheap_outer.o)
    0x080056bc   0x0000000c   Code   RO          413    .text               c_w.l(exit.o)
    0x080056c8   0x00000008   Code   RO          421    .text               c_w.l(libspace.o)
    0x080056d0   0x0000000c   Code   RO          482    .text               c_w.l(sys_exit.o)
    0x080056dc   0x00000002   Code   RO          493    .text               c_w.l(use_no_semi.o)
    0x080056de   0x00000000   Code   RO          495    .text               c_w.l(indicate_semi.o)
    0x080056de   0x00000062   Data   RO          268    .constdata          display.o
    0x08005740   0x00000020   Data   RO          547    Region$$Table       anon$$obj.o


    Execution Region RW_IRAM1 (Base: 0x20000000, Size: 0x00000cc8, Max: 0x00005000, ABSOLUTE)

    Base Addr    Size         Type   Attr      Idx    E Section Name        Object

    0x20000000   0x00000014   Data   RW           18    .data               system_stm32f10x.o
    0x20000014   0x00000014   Data   RW           65    .data               stm32f10x_rcc.o
    0x20000028   0x0000001b   Data   RW          269    .data               display.o
    0x20000043   0x00000001   PAD
    0x20000044   0x00000013   Data   RW          317    .data               menu.o
    0x20000057   0x00000001   PAD
    0x20000058   0x0000002a   Data   RW          344    .data               main.o
    0x20000082   0x00000002   PAD
    0x20000084   0x0000004e   Data   RW          369    .data               pg120.o
    0x200000d2   0x00000002   PAD
    0x200000d4   0x00000009   Zero   RW          267    .bss                display.o
    0x200000dd   0x00000003   PAD
    0x200000e0   0x00000060   Zero   RW          296    .bss                key.o
    0x20000140   0x00000020   Zero   RW          343    .bss                main.o
    0x20000160   0x00000508   Zero   RW          368    .bss                pg120.o
    0x20000668   0x00000060   Zero   RW          422    .bss                c_w.l(libspace.o)
    0x200006c8   0x00000200   Zero   RW           58    HEAP                startup_stm32f10x_md.o
    0x200008c8   0x00000400   Zero   RW           57    STACK               startup_stm32f10x_md.o


==============================================================================

Image component sizes


      Code (inc. data)   RO Data    RW Data    ZI Data      Debug   Object Name

         0          0          0          0          0       4536   core_cm3.o
      4976        132         98         27          9      14010   display.o
       612         16          0          0         96       3107   key.o
      2048        130          0         42         32       7234   main.o
      2968         98          0         19          0       3834   menu.o
       220         22          0          0          0       1889   misc.o
      2144        158          0         78       1288       7312   pg120.o
        64         26        236          0       1536        900   startup_stm32f10x_md.o
       284         10          0          0          0       4575   stm32f10x_exti.o
      1468         34          0          0          0      14534   stm32f10x_flash.o
       860         38          0          0          0       5733   stm32f10x_gpio.o
        30          0          0          0          0       1419   stm32f10x_it.o
       932         36          0         20          0       8912   stm32f10x_rcc.o
      3610         88          0          0          0      42648   stm32f10x_tim.o
      1032         22          0          0          0       8456   stm32f10x_usart.o
       480         38          0         20          0     228967   system_stm32f10x.o

    ----------------------------------------------------------------------
     21732        848        366        212       2964     358066   Object Totals
         0          0         32          0          0          0   (incl. Generated)
         4          0          0          6          3          0   (incl. Padding)

    ----------------------------------------------------------------------

      Code (inc. data)   RO Data    RW Data    ZI Data      Debug   Library Member Name

         8          0          0          0          0         68   __main.o
         0          0          0          0          0          0   __rtentry.o
        12          0          0          0          0          0   __rtentry2.o
         6          0          0          0          0          0   __rtentry4.o
        52          8          0          0          0          0   __scatter.o
        26          0          0          0          0          0   __scatter_copy.o
        28          0          0          0          0          0   __scatter_zi.o
        12          0          0          0          0         72   exit.o
         6          0          0          0          0        152   heapauxi.o
         0          0          0          0          0          0   indicate_semi.o
         2          0          0          0          0          0   libinit.o
         2          0          0          0          0          0   libinit2.o
         2          0          0          0          0          0   libshutdown.o
         2          0          0          0          0          0   libshutdown2.o
         8          4          0          0         96         68   libspace.o
         2          0          0          0          0          0   rtexit.o
        10          0          0          0          0          0   rtexit2.o
        12          4          0          0          0         68   sys_exit.o
        74          0          0          0          0         80   sys_stackheap_outer.o
         2          0          0          0          0         68   use_no_semi.o

    ----------------------------------------------------------------------
       270         16          0          0         96        576   Library Totals
         4          0          0          0          0          0   (incl. Padding)

    ----------------------------------------------------------------------

      Code (inc. data)   RO Data    RW Data    ZI Data      Debug   Library Name

       266         16          0          0         96        576   c_w.l

    ----------------------------------------------------------------------
       270         16          0          0         96        576   Library Totals

    ----------------------------------------------------------------------

==============================================================================


      Code (inc. data)   RO Data    RW Data    ZI Data      Debug   

     22002        864        366        212       3060     356870   Grand Totals
     22002        864        366        212       3060     356870   ELF Image Totals
     22002        864        366        212          0          0   ROM Totals

==============================================================================

    Total RO  Size (Code + RO Data)                22368 (  21.84kB)
    Total RW  Size (RW Data + ZI Data)              3272 (   3.20kB)
    Total ROM Size (Code + RO Data + RW Data)      22580 (  22.05kB)

==============================================================================

