Component: ARM Compiler 5.05 update 1 (build 106) Tool: armlink [4d0efa]

==============================================================================

Section Cross References

    system_stm32f10x.o(.text) refers to system_stm32f10x.o(.data) for SystemCoreClock
    startup_stm32f10x_md.o(STACK) refers (Special) to heapauxi.o(.text) for __use_two_region_memory
    startup_stm32f10x_md.o(HEAP) refers (Special) to heapauxi.o(.text) for __use_two_region_memory
    startup_stm32f10x_md.o(RESET) refers (Special) to heapauxi.o(.text) for __use_two_region_memory
    startup_stm32f10x_md.o(RESET) refers to startup_stm32f10x_md.o(STACK) for __initial_sp
    startup_stm32f10x_md.o(RESET) refers to startup_stm32f10x_md.o(.text) for Reset_Handler
    startup_stm32f10x_md.o(RESET) refers to stm32f10x_it.o(.text) for NMI_Handler
    startup_stm32f10x_md.o(RESET) refers to project.o(.text) for DMA1_Channel1_IRQHandler
    startup_stm32f10x_md.o(RESET) refers to main.o(.text) for TIM2_IRQHandler
    startup_stm32f10x_md.o(.text) refers (Special) to heapauxi.o(.text) for __use_two_region_memory
    startup_stm32f10x_md.o(.text) refers to system_stm32f10x.o(.text) for SystemInit
    startup_stm32f10x_md.o(.text) refers to __main.o(!!!main) for __main
    startup_stm32f10x_md.o(.text) refers to startup_stm32f10x_md.o(HEAP) for Heap_Mem
    startup_stm32f10x_md.o(.text) refers to startup_stm32f10x_md.o(STACK) for Stack_Mem
    stm32f10x_rcc.o(.text) refers to stm32f10x_rcc.o(.data) for APBAHBPrescTable
    stm32f10x_usart.o(.text) refers to stm32f10x_rcc.o(.text) for RCC_APB2PeriphResetCmd
    stm32f10x_gpio.o(.text) refers to stm32f10x_rcc.o(.text) for RCC_APB2PeriphResetCmd
    stm32f10x_tim.o(.text) refers to stm32f10x_rcc.o(.text) for RCC_APB2PeriphResetCmd
    stm32f10x_adc.o(.text) refers to stm32f10x_rcc.o(.text) for RCC_APB2PeriphResetCmd
    stm32f10x_dac.o(.text) refers to stm32f10x_rcc.o(.text) for RCC_APB1PeriphResetCmd
    stm32f10x_pwr.o(.text) refers to stm32f10x_rcc.o(.text) for RCC_APB1PeriphResetCmd
    usart.o(.text) refers to stm32f10x_rcc.o(.text) for RCC_APB2PeriphClockCmd
    usart.o(.text) refers to stm32f10x_gpio.o(.text) for GPIO_Init
    usart.o(.text) refers to stm32f10x_usart.o(.text) for USART_Init
    usart.o(.text) refers to rt_memclr_w.o(.text) for __aeabi_memclr4
    delay.o(.text) refers to misc.o(.text) for SysTick_CLKSourceConfig
    delay.o(.text) refers to delay.o(.data) for Times_us
    display.o(.text) refers to display.o(.constdata) for data_SMG_seg_table
    display.o(.text) refers to display.o(.bss) for SMG_data_Decode_table
    display.o(.text) refers to project.o(.data) for KEY
    display.o(.text) refers to display.o(.data) for Blinkflag
    display.o(.text) refers to stm32f10x_gpio.o(.text) for GPIO_ReadInputDataBit
    key.o(.text) refers to stm32f10x_gpio.o(.text) for GPIO_Init
    key.o(.text) refers to key.o(.bss) for SetButton
    menu.o(.text) refers to display.o(.text) for SMG_DisplayMenuTwo_SHOT
    menu.o(.text) refers to flash.o(.text) for WriteFlash
    menu.o(.text) refers to project.o(.data) for EventFlag
    menu.o(.text) refers to menu.o(.data) for OUT1_Mode
    menu.o(.text) refers to key.o(.bss) for UpButton
    flash.o(.text) refers to stm32f10x_flash.o(.text) for FLASH_Unlock
    flash.o(.text) refers to flash.o(.data) for tempflashdata
    selfstudy.o(.text) refers to display.o(.text) for SMG_DisplaySET_Step_1_Mode
    selfstudy.o(.text) refers to stm32f10x_gpio.o(.text) for GPIO_ReadInputDataBit
    selfstudy.o(.text) refers to flash.o(.text) for WriteFlash
    selfstudy.o(.text) refers to project.o(.text) for Get_SA_Value
    selfstudy.o(.text) refers to stm32f10x_dac.o(.text) for DAC_SetChannel1Data
    selfstudy.o(.text) refers to selfstudy.o(.data) for TempMaxADCValue
    selfstudy.o(.text) refers to project.o(.data) for S_Total_Final
    selfstudy.o(.text) refers to key.o(.bss) for SetButton
    main.o(.text) refers to stm32f10x_usart.o(.text) for USART_GetFlagStatus
    main.o(.text) refers to stm32f10x_tim.o(.text) for TIM_GetITStatus
    main.o(.text) refers to display.o(.text) for SMG_Diplay
    main.o(.text) refers to key.o(.text) for Key_Scan
    main.o(.text) refers to project.o(.text) for GetTotalADCValue
    main.o(.text) refers to bsp_init.o(.text) for RCC_Configuration
    main.o(.text) refers to stm32f10x_pwr.o(.text) for PWR_PVDLevelConfig
    main.o(.text) refers to stm32f10x_rcc.o(.text) for RCC_GetClocksFreq
    main.o(.text) refers to flash.o(.text) for ReadFlash
    main.o(.text) refers to stm32f10x_iwdg.o(.text) for IWDG_WriteAccessCmd
    main.o(.text) refers to main.o(.data) for timenum
    main.o(.text) refers to menu.o(.data) for OUT1_Mode
    main.o(.text) refers to project.o(.data) for OUT2
    main.o(.text) refers to main.o(.bss) for SysClock
    project.o(.text) refers to display.o(.text) for SMG_DisplayOUT_STATUS
    project.o(.text) refers to stm32f10x_gpio.o(.text) for GPIO_WriteBit
[...]
    .ARM.Collect$$libinit$$00000002          0x080001a2   Section        0  libinit2.o(.ARM.Collect$$libinit$$00000002)
    .ARM.Collect$$libinit$$00000004          0x080001a2   Section        0  libinit2.o(.ARM.Collect$$libinit$$00000004)
    .ARM.Collect$$libinit$$0000000A          0x080001a2   Section        0  libinit2.o(.ARM.Collect$$libinit$$0000000A)
    .ARM.Collect$$libinit$$0000000C          0x080001a2   Section        0  libinit2.o(.ARM.Collect$$libinit$$0000000C)
    .ARM.Collect$$libinit$$0000000E          0x080001a2   Section        0  libinit2.o(.ARM.Collect$$libinit$$0000000E)
    .ARM.Collect$$libinit$$00000011          0x080001a2   Section        0  libinit2.o(.ARM.Collect$$libinit$$00000011)
    .ARM.Collect$$libinit$$00000013          0x080001a2   Section        0  libinit2.o(.ARM.Collect$$libinit$$00000013)
    .ARM.Collect$$libinit$$00000015          0x080001a2   Section        0  libinit2.o(.ARM.Collect$$libinit$$00000015)
    .ARM.Collect$$libinit$$00000017          0x080001a2   Section        0  libinit2.o(.ARM.Collect$$libinit$$00000017)
    .ARM.Collect$$libinit$$00000019          0x080001a2   Section        0  libinit2.o(.ARM.Collect$$libinit$$00000019)
    .ARM.Collect$$libinit$$0000001B          0x080001a2   Section        0  libinit2.o(.ARM.Collect$$libinit$$0000001B)
    .ARM.Collect$$libinit$$0000001D          0x080001a2   Section        0  libinit2.o(.ARM.Collect$$libinit$$0000001D)
    .ARM.Collect$$libinit$$0000001F          0x080001a2   Section        0  libinit2.o(.ARM.Collect$$libinit$$0000001F)
    .ARM.Collect$$libinit$$00000021          0x080001a2   Section        0  libinit2.o(.ARM.Collect$$libinit$$00000021)
    .ARM.Collect$$libinit$$00000023          0x080001a2   Section        0  libinit2.o(.ARM.Collect$$libinit$$00000023)
    .ARM.Collect$$libinit$$00000025          0x080001a2   Section        0  libinit2.o(.ARM.Collect$$libinit$$00000025)
    .ARM.Collect$$libinit$$0000002C          0x080001a2   Section        0  libinit2.o(.ARM.Collect$$libinit$$0000002C)
    .ARM.Collect$$libinit$$0000002E          0x080001a2   Section        0  libinit2.o(.ARM.Collect$$libinit$$0000002E)
    .ARM.Collect$$libinit$$00000030          0x080001a2   Section        0  libinit2.o(.ARM.Collect$$libinit$$00000030)
    .ARM.Collect$$libinit$$00000032          0x080001a2   Section        0  libinit2.o(.ARM.Collect$$libinit$$00000032)
    .ARM.Collect$$libinit$$00000033          0x080001a2   Section        2  libinit2.o(.ARM.Collect$$libinit$$00000033)
    .ARM.Collect$$libshutdown$$00000000      0x080001a4   Section        2  libshutdown.o(.ARM.Collect$$libshutdown$$00000000)
    .ARM.Collect$$libshutdown$$00000003      0x080001a6   Section        0  libshutdown2.o(.ARM.Collect$$libshutdown$$00000003)
    .ARM.Collect$$libshutdown$$00000006      0x080001a6   Section        0  libshutdown2.o(.ARM.Collect$$libshutdown$$00000006)
    .ARM.Collect$$libshutdown$$00000009      0x080001a6   Section        0  libshutdown2.o(.ARM.Collect$$libshutdown$$00000009)
    .ARM.Collect$$libshutdown$$0000000B      0x080001a6   Section        0  libshutdown2.o(.ARM.Collect$$libshutdown$$0000000B)
    .ARM.Collect$$libshutdown$$0000000E      0x080001a6   Section        0  libshutdown2.o(.ARM.Collect$$libshutdown$$0000000E)
    .ARM.Collect$$libshutdown$$0000000F      0x080001a6   Section        2  libshutdown2.o(.ARM.Collect$$libshutdown$$0000000F)
    .ARM.Collect$$rtentry$$00000000          0x080001a8   Section        0  __rtentry.o(.ARM.Collect$$rtentry$$00000000)
    .ARM.Collect$$rtentry$$00000002          0x080001a8   Section        0  __rtentry2.o(.ARM.Collect$$rtentry$$00000002)
    .ARM.Collect$$rtentry$$00000004          0x080001a8   Section        6  __rtentry4.o(.ARM.Collect$$rtentry$$00000004)
    .ARM.Collect$$rtentry$$00000009          0x080001ae   Section        0  __rtentry2.o(.ARM.Collect$$rtentry$$00000009)
    .ARM.Collect$$rtentry$$0000000A          0x080001ae   Section        4  __rtentry2.o(.ARM.Collect$$rtentry$$0000000A)
    .ARM.Collect$$rtentry$$0000000C          0x080001b2   Section        0  __rtentry2.o(.ARM.Collect$$rtentry$$0000000C)
    .ARM.Collect$$rtentry$$0000000D          0x080001b2   Section        8  __rtentry2.o(.ARM.Collect$$rtentry$$0000000D)
    .ARM.Collect$$rtexit$$00000000           0x080001ba   Section        2  rtexit.o(.ARM.Collect$$rtexit$$00000000)
    .ARM.Collect$$rtexit$$00000002           0x080001bc   Section        0  rtexit2.o(.ARM.Collect$$rtexit$$00000002)
    .ARM.Collect$$rtexit$$00000003           0x080001bc   Section        4  rtexit2.o(.ARM.Collect$$rtexit$$00000003)
    .ARM.Collect$$rtexit$$00000004           0x080001c0   Section        6  rtexit2.o(.ARM.Collect$$rtexit$$00000004)
    .text                                    0x080001c8   Section        0  system_stm32f10x.o(.text)
    SetSysClockTo24                          0x080001c9   Thumb Code   178  system_stm32f10x.o(.text)
    SetSysClock                              0x0800027b   Thumb Code     8  system_stm32f10x.o(.text)
    .text                                    0x08000380   Section       64  startup_stm32f10x_md.o(.text)
    .text                                    0x080003c0   Section        0  stm32f10x_rcc.o(.text)
    .text                                    0x08000784   Section        0  stm32f10x_usart.o(.text)
    .text                                    0x08000b8c   Section        0  stm32f10x_gpio.o(.text)
    .text                                    0x08000ee8   Section        0  misc.o(.text)
    .text                                    0x08000fc4   Section        0  stm32f10x_flash.o(.text)
    .text                                    0x08001580   Section        0  stm32f10x_tim.o(.text)
    TI4_Config                               0x08001a27   Thumb Code   130  stm32f10x_tim.o(.text)
    TI3_Config                               0x08001abb   Thumb Code   122  stm32f10x_tim.o(.text)
    TI2_Config                               0x08001b4f   Thumb Code   130  stm32f10x_tim.o(.text)
    TI1_Config                               0x08001be3   Thumb Code   108  stm32f10x_tim.o(.text)
    .text                                    0x0800239c   Section        0  stm32f10x_adc.o(.text)
    .text                                    0x080027ec   Section        0  stm32f10x_dma.o(.text)
    .text                                    0x08002a40   Section        0  stm32f10x_dac.o(.text)
    .text                                    0x08002c50   Section        0  stm32f10x_iwdg.o(.text)
    .text                                    0x08002c90   Section        0  stm32f10x_pwr.o(.text)
    .text                                    0x08002d5c   Section        0  stm32f10x_it.o(.text)
    .text                                    0x08002d7c   Section        0  display.o(.text)
    .text                                    0x080048ac   Section        0  key.o(.text)
    .text                                    0x08004bc4   Section        0  menu.o(.text)
    .text                                    0x08006234   Section        0  flash.o(.text)
    .text                                    0x08006374   Section        0  selfstudy.o(.text)
    .text                                    0x080066e8   Section        0  main.o(.text)
    .text                                    0x08006acc   Section        0  project.o(.text)
    .text                                    0x0800848c   Section        0  bsp_init.o(.text)
    .text                                    0x08008ca4   Section        0  heapauxi.o(.text)
    .text                                    0x08008caa   Section       74  sys_stackheap_outer.o(.text)
    .text                                    0x08008cf4   Section        0  exit.o(.text)
    .text                                    0x08008d00   Section        8  libspace.o(.text)
    .text                                    0x08008d08   Section        0  sys_exit.o(.text)
    .text                                    0x08008d14   Section        2  use_no_semi.o(.text)
    .constdata                               0x08008d16   Section       98  display.o(.constdata)
    .text                                    0x08008d16   Section        0  indicate_semi.o(.text)
    .data                                    0x20000000   Section       20  system_stm32f10x.o(.data)
    .data                                    0x20000014   Section       20  stm32f10x_rcc.o(.data)
    APBAHBPrescTable                         0x20000014   Data          16  stm32f10x_rcc.o(.data)
    ADCPrescTable                            0x20000024   Data           4  stm32f10x_rcc.o(.data)
    .data                                    0x20000028   Section       27  display.o(.data)
    Blinkflag                                0x20000038   Data           1  display.o(.data)
    Blinkflag                                0x20000039   Data           1  display.o(.data)
    Blinkflag                                0x2000003a   Data           1  display.o(.data)
    Blinkflag                                0x2000003b   Data           1  display.o(.data)
    Blinkflag                                0x2000003c   Data           1  display.o(.data)
    Blinkflag                                0x2000003d   Data           1  display.o(.data)
    Blinkflag                                0x2000003e   Data           1  display.o(.data)
    Blinkflag                                0x2000003f   Data           1  display.o(.data)
    Blinkflag                                0x20000040   Data           1  display.o(.data)
    bilinkflag                               0x20000041   Data           1  display.o(.data)
    bilinkflag                               0x20000042   Data           1  display.o(.data)
    .data                                    0x20000044   Section       35  menu.o(.data)
    lastCounter                              0x2000005d   Data           1  menu.o(.data)
    lastCounter                              0x2000005e   Data           1  menu.o(.data)
    lastCounter                              0x2000005f   Data           1  menu.o(.data)
    lastCounter                              0x20000060   Data           1  menu.o(.data)
    lastCounter                              0x20000061   Data           1  menu.o(.data)
    lastCounter                              0x20000062   Data           1  menu.o(.data)
    lastCounter                              0x20000063   Data           1  menu.o(.data)
    lastCounter                              0x20000064   Data           1  menu.o(.data)
    lastCounter                              0x20000065   Data           1  menu.o(.data)
    lastCounter                              0x20000066   Data           1  menu.o(.data)
    .data                                    0x20000068   Section       92  flash.o(.data)
    .data                                    0x200000c4   Section       32  selfstudy.o(.data)
    .data                                    0x200000e4   Section       38  main.o(.data)
    .data                                    0x2000010c   Section      200  project.o(.data)
    lastCounter                              0x200001c8   Data           1  project.o(.data)
    LastThreshold                            0x200001ca   Data           2  project.o(.data)
    lastCounter                              0x200001cc   Data           1  project.o(.data)
    LastHIValue                              0x200001ce   Data           2  project.o(.data)
    LastLOValue                              0x200001d0   Data           2  project.o(.data)
    lastCounter                              0x200001d2   Data           1  project.o(.data)
    lastCounter                              0x200001d3   Data           1  project.o(.data)
    .data                                    0x200001d4   Section        8  bsp_init.o(.data)
    .bss                                     0x200001dc   Section        9  display.o(.bss)
    .bss                                     0x200001e8   Section      128  key.o(.bss)
    .bss                                     0x20000268   Section       32  main.o(.bss)
    .bss                                     0x20000288   Section     1432  project.o(.bss)
    .bss                                     0x20000820   Section       96  libspace.o(.bss)
    HEAP                                     0x20000880   Section      512  startup_stm32f10x_md.o(HEAP)
    Heap_Mem                                 0x20000880   Data         512  startup_stm32f10x_md.o(HEAP)
    STACK                                    0x20000a80   Section     1024  startup_stm32f10x_md.o(STACK)
    Stack_Mem                                0x20000a80   Data        1024  startup_stm32f10x_md.o(STACK)
    __initial_sp                             0x20000e80   Data           0  startup_stm32f10x_md.o(STACK)

    Global Symbols

    Symbol Name                              Value     Ov Type        Size  Object(Section)

    BuildAttributes$$THM_ISAv4$P$D$K$B$S$PE$A:L22UL41UL21$X:L11$S22US41US21$IEEE1$IW$USESV6$~STKCKD$USESV7$~SHL$OSPACE$ROPI$EBA8$UX$STANDARDLIB$REQ8$PRES8$EABIv2 0x00000000   Number         0  anon$$obj.o ABSOLUTE
    __ARM_use_no_argv                        0x00000000   Number         0  main.o ABSOLUTE
    __ARM_exceptions_init                     - Undefined Weak Reference
    __alloca_initialize                       - Undefined Weak Reference
    __arm_preinit_                            - Undefined Weak Reference
    __cpp_initialize__aeabi_                  - Undefined Weak Reference
    __cxa_finalize                            - Undefined Weak Reference
    __rt_locale                               - Undefined Weak Reference
    __sigvec_lookup                           - Undefined Weak Reference
    _atexit_init                              - Undefined Weak Reference
    _call_atexit_fns                          - Undefined Weak Reference
    _clock_init                               - Undefined Weak Reference
    _fp_trap_init                             - Undefined Weak Reference
    _fp_trap_shutdown                         - Undefined Weak Reference
    _get_lc_collate                           - Undefined Weak Reference
    _get_lc_ctype                             - Undefined Weak Reference
    _get_lc_monetary                          - Undefined Weak Reference
    _get_lc_numeric                           - Undefined Weak Reference
    _get_lc_time                              - Undefined Weak Reference
    _getenv_init                              - Undefined Weak Reference
    _handle_redirection                       - Undefined Weak Reference
    _init_alloc                               - Undefined Weak Reference
    _init_user_alloc                          - Undefined Weak Reference
    _initio                                   - Undefined Weak Reference
    _rand_init                                - Undefined Weak Reference
    _signal_finish                            - Undefined Weak Reference
    _signal_init                              - Undefined Weak Reference
    _terminate_alloc                          - Undefined Weak Reference
    _terminate_user_alloc                     - Undefined Weak Reference
    _terminateio                              - Undefined Weak Reference
    __Vectors_Size                           0x000000ec   Number         0  startup_stm32f10x_md.o ABSOLUTE
    __Vectors                                0x08000000   Data           4  startup_stm32f10x_md.o(RESET)
    __Vectors_End                            0x080000ec   Data           0  startup_stm32f10x_md.o(RESET)
    __main                                   0x080000ed   Thumb Code     8  __main.o(!!!main)
    __scatterload                            0x080000f5   Thumb Code     0  __scatter.o(!!!scatter)
    __scatterload_rt2                        0x080000f5   Thumb Code    44  __scatter.o(!!!scatter)
    __scatterload_rt2_thumb_only             0x080000f5   Thumb Code     0  __scatter.o(!!!scatter)
    __scatterload_null                       0x08000103   Thumb Code     0  __scatter.o(!!!scatter)
    __decompress                             0x08000129   Thumb Code    90  __dczerorl2.o(!!dczerorl2)
    __decompress1                            0x08000129   Thumb Code     0  __dczerorl2.o(!!dczerorl2)
    __scatterload_zeroinit                   0x08000185   Thumb Code    28  __scatter_zi.o(!!handler_zi)
    __rt_lib_init                            0x080001a1   Thumb Code     0  libinit.o(.ARM.Collect$$libinit$$00000000)
    __rt_lib_init_alloca_1                   0x080001a3   Thumb Code     0  libinit2.o(.ARM.Collect$$libinit$$0000002E)
    __rt_lib_init_argv_1                     0x080001a3   Thumb Code     0  libinit2.o(.ARM.Collect$$libinit$$0000002C)
    __rt_lib_init_atexit_1                   0x080001a3   Thumb Code     0  libinit2.o(.ARM.Collect$$libinit$$0000001B)
    __rt_lib_init_clock_1                    0x080001a3   Thumb Code     0  libinit2.o(.ARM.Collect$$libinit$$00000021)
    __rt_lib_init_cpp_1                      0x080001a3   Thumb Code     0  libinit2.o(.ARM.Collect$$libinit$$00000032)
    __rt_lib_init_exceptions_1               0x080001a3   Thumb Code     0  libinit2.o(.ARM.Collect$$libinit$$00000030)
    __rt_lib_init_fp_1                       0x080001a3   Thumb Code     0  libinit2.o(.ARM.Collect$$libinit$$00000002)
    __rt_lib_init_fp_trap_1                  0x080001a3   Thumb Code     0  libinit2.o(.ARM.Collect$$libinit$$0000001F)
    __rt_lib_init_getenv_1                   0x080001a3   Thumb Code     0  libinit2.o(.ARM.Collect$$libinit$$00000023)
    __rt_lib_init_heap_1                     0x080001a3   Thumb Code     0  libinit2.o(.ARM.Collect$$libinit$$0000000A)
    __rt_lib_init_lc_collate_1               0x080001a3   Thumb Code     0  libinit2.o(.ARM.Collect$$libinit$$00000011)
    __rt_lib_init_lc_ctype_1                 0x080001a3   Thumb Code     0  libinit2.o(.ARM.Collect$$libinit$$00000013)
    __rt_lib_init_lc_monetary_1              0x080001a3   Thumb Code     0  libinit2.o(.ARM.Collect$$libinit$$00000015)
    __rt_lib_init_lc_numeric_1               0x080001a3   Thumb Code     0  libinit2.o(.ARM.Collect$$libinit$$00000017)
    __rt_lib_init_lc_time_1                  0x080001a3   Thumb Code     0  libinit2.o(.ARM.Collect$$libinit$$00000019)
    __rt_lib_init_preinit_1                  0x080001a3   Thumb Code     0  libinit2.o(.ARM.Collect$$libinit$$00000004)
    __rt_lib_init_rand_1                     0x080001a3   Thumb Code     0  libinit2.o(.ARM.Collect$$libinit$$0000000E)
    __rt_lib_init_return                     0x080001a3   Thumb Code     0  libinit2.o(.ARM.Collect$$libinit$$00000033)
    __rt_lib_init_signal_1                   0x080001a3   Thumb Code     0  libinit2.o(.ARM.Collect$$libinit$$0000001D)
    __rt_lib_init_stdio_1                    0x080001a3   Thumb Code     0  libinit2.o(.ARM.Collect$$libinit$$00000025)
    __rt_lib_init_user_alloc_1               0x080001a3   Thumb Code     0  libinit2.o(.ARM.Collect$$libinit$$0000000C)
    __rt_lib_shutdown                        0x080001a5   Thumb Code     0  libshutdown.o(.ARM.Collect$$libshutdown$$00000000)
    __rt_lib_shutdown_fp_trap_1              0x080001a7   Thumb Code     0  libshutdown2.o(.ARM.Collect$$libshutdown$$00000006)
    __rt_lib_shutdown_heap_1                 0x080001a7   Thumb Code     0  libshutdown2.o(.ARM.Collect$$libshutdown$$0000000E)
    __rt_lib_shutdown_return                 0x080001a7   Thumb Code     0  libshutdown2.o(.ARM.Collect$$libshutdown$$0000000F)
    __rt_lib_shutdown_signal_1               0x080001a7   Thumb Code     0  libshutdown2.o(.ARM.Collect$$libshutdown$$00000009)
    __rt_lib_shutdown_stdio_1                0x080001a7   Thumb Code     0  libshutdown2.o(.ARM.Collect$$libshutdown$$00000003)
    __rt_lib_shutdown_user_alloc_1           0x080001a7   Thumb Code     0  libshutdown2.o(.ARM.Collect$$libshutdown$$0000000B)
    __rt_entry                               0x080001a9   Thumb Code     0  __rtentry.o(.ARM.Collect$$rtentry$$00000000)
    __rt_entry_presh_1                       0x080001a9   Thumb Code     0  __rtentry2.o(.ARM.Collect$$rtentry$$00000002)
    __rt_entry_sh                            0x080001a9   Thumb Code     0  __rtentry4.o(.ARM.Collect$$rtentry$$00000004)
    __rt_entry_li                            0x080001af   Thumb Code     0  __rtentry2.o(.ARM.Collect$$rtentry$$0000000A)
    __rt_entry_postsh_1                      0x080001af   Thumb Code     0  __rtentry2.o(.ARM.Collect$$rtentry$$00000009)
    __rt_entry_main                          0x080001b3   Thumb Code     0  __rtentry2.o(.ARM.Collect$$rtentry$$0000000D)
    __rt_entry_postli_1                      0x080001b3   Thumb Code     0  __rtentry2.o(.ARM.Collect$$rtentry$$0000000C)
    __rt_exit                                0x080001bb   Thumb Code     0  rtexit.o(.ARM.Collect$$rtexit$$00000000)
    __rt_exit_ls                             0x080001bd   Thumb Code     0  rtexit2.o(.ARM.Collect$$rtexit$$00000003)
    __rt_exit_prels_1                        0x080001bd   Thumb Code     0  rtexit2.o(.ARM.Collect$$rtexit$$00000002)
    __rt_exit_exit                           0x080001c1   Thumb Code     0  rtexit2.o(.ARM.Collect$$rtexit$$00000004)
    SystemInit                               0x08000283   Thumb Code    82  system_stm32f10x.o(.text)
    SystemCoreClockUpdate                    0x080002d5   Thumb Code   138  system_stm32f10x.o(.text)
    Reset_Handler                            0x08000381   Thumb Code     8  startup_stm32f10x_md.o(.text)
    ADC1_2_IRQHandler                        0x0800039b   Thumb Code     0  startup_stm32f10x_md.o(.text)
    CAN1_RX1_IRQHandler                      0x0800039b   Thumb Code     0  startup_stm32f10x_md.o(.text)
    CAN1_SCE_IRQHandler                      0x0800039b   Thumb Code     0  startup_stm32f10x_md.o(.text)
    DMA1_Channel2_IRQHandler                 0x0800039b   Thumb Code     0  startup_stm32f10x_md.o(.text)
    DMA1_Channel3_IRQHandler                 0x0800039b   Thumb Code     0  startup_stm32f10x_md.o(.text)
    DMA1_Channel4_IRQHandler                 0x0800039b   Thumb Code     0  startup_stm32f10x_md.o(.text)
    DMA1_Channel5_IRQHandler                 0x0800039b   Thumb Code     0  startup_stm32f10x_md.o(.text)
    DMA1_Channel6_IRQHandler                 0x0800039b   Thumb Code     0  startup_stm32f10x_md.o(.text)
    DMA1_Channel7_IRQHandler                 0x0800039b   Thumb Code     0  startup_stm32f10x_md.o(.text)
    EXTI0_IRQHandler                         0x0800039b   Thumb Code     0  startup_stm32f10x_md.o(.text)
    EXTI15_10_IRQHandler                     0x0800039b   Thumb Code     0  startup_stm32f10x_md.o(.text)
    EXTI1_IRQHandler                         0x0800039b   Thumb Code     0  startup_stm32f10x_md.o(.text)
    EXTI2_IRQHandler                         0x0800039b   Thumb Code     0  startup_stm32f10x_md.o(.text)
    EXTI3_IRQHandler                         0x0800039b   Thumb Code     0  startup_stm32f10x_md.o(.text)
    EXTI4_IRQHandler                         0x0800039b   Thumb Code     0  startup_stm32f10x_md.o(.text)
    FLASH_IRQHandler                         0x0800039b   Thumb Code     0  startup_stm32f10x_md.o(.text)
    I2C1_ER_IRQHandler                       0x0800039b   Thumb Code     0  startup_stm32f10x_md.o(.text)
    I2C1_EV_IRQHandler                       0x0800039b   Thumb Code     0  startup_stm32f10x_md.o(.text)
    I2C2_ER_IRQHandler                       0x0800039b   Thumb Code     0  startup_stm32f10x_md.o(.text)
    I2C2_EV_IRQHandler                       0x0800039b   Thumb Code     0  startup_stm32f10x_md.o(.text)
    PVD_IRQHandler                           0x0800039b   Thumb Code     0  startup_stm32f10x_md.o(.text)
    RCC_IRQHandler                           0x0800039b   Thumb Code     0  startup_stm32f10x_md.o(.text)
    RTCAlarm_IRQHandler                      0x0800039b   Thumb Code     0  startup_stm32f10x_md.o(.text)
    RTC_IRQHandler                           0x0800039b   Thumb Code     0  startup_stm32f10x_md.o(.text)
    SPI1_IRQHandler                          0x0800039b   Thumb Code     0  startup_stm32f10x_md.o(.text)
    SPI2_IRQHandler                          0x0800039b   Thumb Code     0  startup_stm32f10x_md.o(.text)
    TAMPER_IRQHandler                        0x0800039b   Thumb Code     0  startup_stm32f10x_md.o(.text)
    TIM1_BRK_IRQHandler                      0x0800039b   Thumb Code     0  startup_stm32f10x_md.o(.text)
    TIM1_CC_IRQHandler                       0x0800039b   Thumb Code     0  startup_stm32f10x_md.o(.text)
    TIM1_TRG_COM_IRQHandler                  0x0800039b   Thumb Code     0  startup_stm32f10x_md.o(.text)
    TIM1_UP_IRQHandler                       0x0800039b   Thumb Code     0  startup_stm32f10x_md.o(.text)
    USART2_IRQHandler                        0x0800039b   Thumb Code     0  startup_stm32f10x_md.o(.text)
    USART3_IRQHandler                        0x0800039b   Thumb Code     0  startup_stm32f10x_md.o(.text)
    USBWakeUp_IRQHandler                     0x0800039b   Thumb Code     0  startup_stm32f10x_md.o(.text)
    USB_HP_CAN1_TX_IRQHandler                0x0800039b   Thumb Code     0  startup_stm32f10x_md.o(.text)
    USB_LP_CAN1_RX0_IRQHandler               0x0800039b   Thumb Code     0  startup_stm32f10x_md.o(.text)
    WWDG_IRQHandler                          0x0800039b   Thumb Code     0  startup_stm32f10x_md.o(.text)
    __user_initial_stackheap                 0x0800039d   Thumb Code     0  startup_stm32f10x_md.o(.text)
    RCC_DeInit                               0x080003c1   Thumb Code    68  stm32f10x_rcc.o(.text)
    RCC_HSEConfig                            0x08000405   Thumb Code    70  stm32f10x_rcc.o(.text)
    RCC_GetFlagStatus                        0x0800044b   Thumb Code    56  stm32f10x_rcc.o(.text)
    RCC_WaitForHSEStartUp                    0x08000483   Thumb Code    56  stm32f10x_rcc.o(.text)
    RCC_AdjustHSICalibrationValue            0x080004bb   Thumb Code    20  stm32f10x_rcc.o(.text)
    RCC_HSICmd                               0x080004cf   Thumb Code     6  stm32f10x_rcc.o(.text)
    RCC_PLLConfig                            0x080004d5   Thumb Code    24  stm32f10x_rcc.o(.text)
    RCC_PLLCmd                               0x080004ed   Thumb Code     6  stm32f10x_rcc.o(.text)
    RCC_PREDIV1Config                        0x080004f3   Thumb Code    24  stm32f10x_rcc.o(.text)
    RCC_SYSCLKConfig                         0x0800050b   Thumb Code    18  stm32f10x_rcc.o(.text)
    RCC_GetSYSCLKSource                      0x0800051d   Thumb Code    10  stm32f10x_rcc.o(.text)
    RCC_HCLKConfig                           0x08000527   Thumb Code    18  stm32f10x_rcc.o(.text)
    RCC_PCLK1Config                          0x08000539   Thumb Code    18  stm32f10x_rcc.o(.text)
    RCC_PCLK2Config                          0x0800054b   Thumb Code    20  stm32f10x_rcc.o(.text)
    RCC_ITConfig                             0x0800055f   Thumb Code    26  stm32f10x_rcc.o(.text)
    RCC_USBCLKConfig                         0x08000579   Thumb Code     8  stm32f10x_rcc.o(.text)
    RCC_ADCCLKConfig                         0x08000581   Thumb Code    18  stm32f10x_rcc.o(.text)
    RCC_LSEConfig                            0x08000593   Thumb Code    50  stm32f10x_rcc.o(.text)
    RCC_LSICmd                               0x080005c5   Thumb Code     6  stm32f10x_rcc.o(.text)
    RCC_RTCCLKConfig                         0x080005cb   Thumb Code    12  stm32f10x_rcc.o(.text)
    RCC_RTCCLKCmd                            0x080005d7   Thumb Code     8  stm32f10x_rcc.o(.text)
    RCC_GetClocksFreq                        0x080005df   Thumb Code   190  stm32f10x_rcc.o(.text)
    RCC_AHBPeriphClockCmd                    0x0800069d   Thumb Code    26  stm32f10x_rcc.o(.text)
    RCC_APB2PeriphClockCmd                   0x080006b7   Thumb Code    26  stm32f10x_rcc.o(.text)
    RCC_APB1PeriphClockCmd                   0x080006d1   Thumb Code    26  stm32f10x_rcc.o(.text)
    RCC_APB2PeriphResetCmd                   0x080006eb   Thumb Code    26  stm32f10x_rcc.o(.text)
    RCC_APB1PeriphResetCmd                   0x08000705   Thumb Code    26  stm32f10x_rcc.o(.text)
    RCC_BackupResetCmd                       0x0800071f   Thumb Code     8  stm32f10x_rcc.o(.text)
    RCC_ClockSecuritySystemCmd               0x08000727   Thumb Code     6  stm32f10x_rcc.o(.text)
    RCC_MCOConfig                            0x0800072d   Thumb Code     6  stm32f10x_rcc.o(.text)
    RCC_ClearFlag                            0x08000733   Thumb Code    14  stm32f10x_rcc.o(.text)
    RCC_GetITStatus                          0x08000741   Thumb Code    20  stm32f10x_rcc.o(.text)
    RCC_ClearITPendingBit                    0x08000755   Thumb Code     6  stm32f10x_rcc.o(.text)
    USART_DeInit                             0x08000785   Thumb Code   134  stm32f10x_usart.o(.text)
    USART_Init                               0x0800080b   Thumb Code   210  stm32f10x_usart.o(.text)
    USART_StructInit                         0x080008dd   Thumb Code    24  stm32f10x_usart.o(.text)
    USART_ClockInit                          0x080008f5   Thumb Code    34  stm32f10x_usart.o(.text)
    USART_ClockStructInit                    0x08000917   Thumb Code    12  stm32f10x_usart.o(.text)
    USART_Cmd                                0x08000923   Thumb Code    24  stm32f10x_usart.o(.text)
    USART_ITConfig                           0x0800093b   Thumb Code    74  stm32f10x_usart.o(.text)
    USART_DMACmd                             0x08000985   Thumb Code    18  stm32f10x_usart.o(.text)
    USART_SetAddress                         0x08000997   Thumb Code    18  stm32f10x_usart.o(.text)
    USART_WakeUpConfig                       0x080009a9   Thumb Code    18  stm32f10x_usart.o(.text)
    USART_ReceiverWakeUpCmd                  0x080009bb   Thumb Code    24  stm32f10x_usart.o(.text)
    USART_LINBreakDetectLengthConfig         0x080009d3   Thumb Code    18  stm32f10x_usart.o(.text)
    USART_LINCmd                             0x080009e5   Thumb Code    24  stm32f10x_usart.o(.text)
    USART_SendData                           0x080009fd   Thumb Code     8  stm32f10x_usart.o(.text)
    USART_ReceiveData                        0x08000a05   Thumb Code    10  stm32f10x_usart.o(.text)
    USART_SendBreak                          0x08000a0f   Thumb Code    10  stm32f10x_usart.o(.text)
    USART_SetGuardTime                       0x08000a19   Thumb Code    16  stm32f10x_usart.o(.text)
    USART_SetPrescaler                       0x08000a29   Thumb Code    16  stm32f10x_usart.o(.text)
    USART_SmartCardCmd                       0x08000a39   Thumb Code    24  stm32f10x_usart.o(.text)
    USART_SmartCardNACKCmd                   0x08000a51   Thumb Code    24  stm32f10x_usart.o(.text)
    USART_HalfDuplexCmd                      0x08000a69   Thumb Code    24  stm32f10x_usart.o(.text)
    USART_OverSampling8Cmd                   0x08000a81   Thumb Code    22  stm32f10x_usart.o(.text)
    USART_OneBitMethodCmd                    0x08000a97   Thumb Code    24  stm32f10x_usart.o(.text)
    USART_IrDAConfig                         0x08000aaf   Thumb Code    18  stm32f10x_usart.o(.text)
    USART_IrDACmd                            0x08000ac1   Thumb Code    24  stm32f10x_usart.o(.text)
    USART_GetFlagStatus                      0x08000ad9   Thumb Code    26  stm32f10x_usart.o(.text)
    USART_ClearFlag                          0x08000af3   Thumb Code    18  stm32f10x_usart.o(.text)
    USART_GetITStatus                        0x08000b05   Thumb Code    84  stm32f10x_usart.o(.text)
    USART_ClearITPendingBit                  0x08000b59   Thumb Code    52  stm32f10x_usart.o(.text)
    GPIO_DeInit                              0x08000b8d   Thumb Code   172  stm32f10x_gpio.o(.text)
    GPIO_AFIODeInit                          0x08000c39   Thumb Code    20  stm32f10x_gpio.o(.text)
    GPIO_Init                                0x08000c4d   Thumb Code   278  stm32f10x_gpio.o(.text)
    GPIO_StructInit                          0x08000d63   Thumb Code    16  stm32f10x_gpio.o(.text)
    GPIO_ReadInputDataBit                    0x08000d73   Thumb Code    18  stm32f10x_gpio.o(.text)
    GPIO_ReadInputData                       0x08000d85   Thumb Code     8  stm32f10x_gpio.o(.text)
    GPIO_ReadOutputDataBit                   0x08000d8d   Thumb Code    18  stm32f10x_gpio.o(.text)
    GPIO_ReadOutputData                      0x08000d9f   Thumb Code     8  stm32f10x_gpio.o(.text)
    GPIO_SetBits                             0x08000da7   Thumb Code     4  stm32f10x_gpio.o(.text)
    GPIO_ResetBits                           0x08000dab   Thumb Code     4  stm32f10x_gpio.o(.text)
    GPIO_WriteBit                            0x08000daf   Thumb Code    10  stm32f10x_gpio.o(.text)
    GPIO_Write                               0x08000db9   Thumb Code     4  stm32f10x_gpio.o(.text)
    GPIO_PinLockConfig                       0x08000dbd   Thumb Code    18  stm32f10x_gpio.o(.text)
    GPIO_EventOutputConfig                   0x08000dcf   Thumb Code    26  stm32f10x_gpio.o(.text)
    GPIO_EventOutputCmd                      0x08000de9   Thumb Code     6  stm32f10x_gpio.o(.text)
    GPIO_PinRemapConfig                      0x08000def   Thumb Code   138  stm32f10x_gpio.o(.text)
    GPIO_EXTILineConfig                      0x08000e79   Thumb Code    66  stm32f10x_gpio.o(.text)
    GPIO_ETH_MediaInterfaceConfig            0x08000ebb   Thumb Code     8  stm32f10x_gpio.o(.text)
    NVIC_PriorityGroupConfig                 0x08000ee9   Thumb Code    10  misc.o(.text)
    NVIC_Init                                0x08000ef3   Thumb Code   100  misc.o(.text)
    NVIC_SetVectorTable                      0x08000f57   Thumb Code    14  misc.o(.text)
    NVIC_SystemLPConfig                      0x08000f65   Thumb Code    34  misc.o(.text)
    SysTick_CLKSourceConfig                  0x08000f87   Thumb Code    40  misc.o(.text)
    FLASH_SetLatency                         0x08000fc5   Thumb Code    18  stm32f10x_flash.o(.text)
    FLASH_HalfCycleAccessCmd                 0x08000fd7   Thumb Code    22  stm32f10x_flash.o(.text)
    FLASH_PrefetchBufferCmd                  0x08000fed   Thumb Code    22  stm32f10x_flash.o(.text)
    FLASH_Unlock                             0x08001003   Thumb Code    12  stm32f10x_flash.o(.text)
    FLASH_UnlockBank1                        0x0800100f   Thumb Code    12  stm32f10x_flash.o(.text)
    FLASH_Lock                               0x0800101b   Thumb Code    14  stm32f10x_flash.o(.text)
    FLASH_LockBank1                          0x08001029   Thumb Code    14  stm32f10x_flash.o(.text)
    FLASH_GetBank1Status                     0x08001037   Thumb Code    48  stm32f10x_flash.o(.text)
    FLASH_WaitForLastOperation               0x08001067   Thumb Code    38  stm32f10x_flash.o(.text)
    FLASH_ErasePage                          0x0800108d   Thumb Code    72  stm32f10x_flash.o(.text)
    FLASH_EraseAllPages                      0x080010d5   Thumb Code    68  stm32f10x_flash.o(.text)
    FLASH_WaitForLastBank1Operation          0x08001119   Thumb Code    38  stm32f10x_flash.o(.text)
    FLASH_EraseAllBank1Pages                 0x0800113f   Thumb Code    68  stm32f10x_flash.o(.text)
    FLASH_GetReadOutProtectionStatus         0x08001183   Thumb Code    20  stm32f10x_flash.o(.text)
    FLASH_EraseOptionBytes                   0x08001197   Thumb Code   150  stm32f10x_flash.o(.text)
    FLASH_ProgramWord                        0x0800122d   Thumb Code   102  stm32f10x_flash.o(.text)
    FLASH_ProgramHalfWord                    0x08001293   Thumb Code    60  stm32f10x_flash.o(.text)
    FLASH_ProgramOptionByteData              0x080012cf   Thumb Code    72  stm32f10x_flash.o(.text)
    FLASH_EnableWriteProtection              0x08001317   Thumb Code   200  stm32f10x_flash.o(.text)
    FLASH_ReadOutProtection                  0x080013df   Thumb Code   156  stm32f10x_flash.o(.text)
    FLASH_UserOptionByteConfig               0x0800147b   Thumb Code    88  stm32f10x_flash.o(.text)
    FLASH_GetUserOptionByte                  0x080014d3   Thumb Code     8  stm32f10x_flash.o(.text)
    FLASH_GetWriteProtectionOptionByte       0x080014db   Thumb Code     6  stm32f10x_flash.o(.text)
    FLASH_GetPrefetchBufferStatus            0x080014e1   Thumb Code    20  stm32f10x_flash.o(.text)
    FLASH_ITConfig                           0x080014f5   Thumb Code    26  stm32f10x_flash.o(.text)
    FLASH_GetFlagStatus                      0x0800150f   Thumb Code    42  stm32f10x_flash.o(.text)
    FLASH_ClearFlag                          0x08001539   Thumb Code     6  stm32f10x_flash.o(.text)
    FLASH_GetStatus                          0x0800153f   Thumb Code    48  stm32f10x_flash.o(.text)
    TIM_DeInit                               0x08001581   Thumb Code   424  stm32f10x_tim.o(.text)
    TIM_TimeBaseInit                         0x08001729   Thumb Code   122  stm32f10x_tim.o(.text)
    TIM_OC1Init                              0x080017a3   Thumb Code   132  stm32f10x_tim.o(.text)
    TIM_OC2Init                              0x08001827   Thumb Code   154  stm32f10x_tim.o(.text)
    TIM_OC3Init                              0x080018c1   Thumb Code   150  stm32f10x_tim.o(.text)
    TIM_OC4Init                              0x08001957   Thumb Code   182  stm32f10x_tim.o(.text)
    TIM_SetIC4Prescaler                      0x08001a0d   Thumb Code    26  stm32f10x_tim.o(.text)
    TIM_SetIC3Prescaler                      0x08001aa9   Thumb Code    18  stm32f10x_tim.o(.text)
    TIM_SetIC2Prescaler                      0x08001b35   Thumb Code    26  stm32f10x_tim.o(.text)
    TIM_SetIC1Prescaler                      0x08001bd1   Thumb Code    18  stm32f10x_tim.o(.text)
    TIM_ICInit                               0x08001c4f   Thumb Code   150  stm32f10x_tim.o(.text)
    TIM_PWMIConfig                           0x08001ce5   Thumb Code   124  stm32f10x_tim.o(.text)
    TIM_BDTRConfig                           0x08001d61   Thumb Code    32  stm32f10x_tim.o(.text)
    TIM_TimeBaseStructInit                   0x08001d81   Thumb Code    18  stm32f10x_tim.o(.text)
    TIM_OCStructInit                         0x08001d93   Thumb Code    20  stm32f10x_tim.o(.text)
    TIM_ICStructInit                         0x08001da7   Thumb Code    18  stm32f10x_tim.o(.text)
    TIM_BDTRStructInit                       0x08001db9   Thumb Code    40  stm32f10x_tim.o(.text)
    TIM_Cmd                                  0x08001de1   Thumb Code    24  stm32f10x_tim.o(.text)
    TIM_CtrlPWMOutputs                       0x08001df9   Thumb Code    30  stm32f10x_tim.o(.text)
    TIM_ITConfig                             0x08001e17   Thumb Code    18  stm32f10x_tim.o(.text)
    TIM_GenerateEvent                        0x08001e29   Thumb Code     4  stm32f10x_tim.o(.text)
    TIM_DMAConfig                            0x08001e2d   Thumb Code    10  stm32f10x_tim.o(.text)
    TIM_DMACmd                               0x08001e37   Thumb Code    18  stm32f10x_tim.o(.text)
    TIM_InternalClockConfig                  0x08001e49   Thumb Code    12  stm32f10x_tim.o(.text)
    TIM_SelectInputTrigger                   0x08001e55   Thumb Code    18  stm32f10x_tim.o(.text)
    TIM_ITRxExternalClockConfig              0x08001e67   Thumb Code    24  stm32f10x_tim.o(.text)
    TIM_TIxExternalClockConfig               0x08001e7f   Thumb Code    62  stm32f10x_tim.o(.text)
    TIM_ETRConfig                            0x08001ebd   Thumb Code    28  stm32f10x_tim.o(.text)
    TIM_ETRClockMode1Config                  0x08001ed9   Thumb Code    54  stm32f10x_tim.o(.text)
    TIM_ETRClockMode2Config                  0x08001f0f   Thumb Code    32  stm32f10x_tim.o(.text)
    TIM_PrescalerConfig                      0x08001f2f   Thumb Code     6  stm32f10x_tim.o(.text)
    TIM_CounterModeConfig                    0x08001f35   Thumb Code    18  stm32f10x_tim.o(.text)
    TIM_EncoderInterfaceConfig               0x08001f47   Thumb Code    66  stm32f10x_tim.o(.text)
    TIM_ForcedOC1Config                      0x08001f89   Thumb Code    18  stm32f10x_tim.o(.text)
    TIM_ForcedOC2Config                      0x08001f9b   Thumb Code    26  stm32f10x_tim.o(.text)
    TIM_ForcedOC3Config                      0x08001fb5   Thumb Code    18  stm32f10x_tim.o(.text)
    TIM_ForcedOC4Config                      0x08001fc7   Thumb Code    26  stm32f10x_tim.o(.text)
    TIM_ARRPreloadConfig                     0x08001fe1   Thumb Code    24  stm32f10x_tim.o(.text)
    TIM_SelectCOM                            0x08001ff9   Thumb Code    24  stm32f10x_tim.o(.text)
    TIM_SelectCCDMA                          0x08002011   Thumb Code    24  stm32f10x_tim.o(.text)
    TIM_CCPreloadControl                     0x08002029   Thumb Code    24  stm32f10x_tim.o(.text)
    TIM_OC1PreloadConfig                     0x08002041   Thumb Code    18  stm32f10x_tim.o(.text)
    TIM_OC2PreloadConfig                     0x08002053   Thumb Code    26  stm32f10x_tim.o(.text)
    TIM_OC3PreloadConfig                     0x0800206d   Thumb Code    18  stm32f10x_tim.o(.text)
    TIM_OC4PreloadConfig                     0x0800207f   Thumb Code    26  stm32f10x_tim.o(.text)
    TIM_OC1FastConfig                        0x08002099   Thumb Code    18  stm32f10x_tim.o(.text)
    TIM_OC2FastConfig                        0x080020ab   Thumb Code    26  stm32f10x_tim.o(.text)
    TIM_OC3FastConfig                        0x080020c5   Thumb Code    18  stm32f10x_tim.o(.text)
    TIM_OC4FastConfig                        0x080020d7   Thumb Code    26  stm32f10x_tim.o(.text)
    TIM_ClearOC1Ref                          0x080020f1   Thumb Code    18  stm32f10x_tim.o(.text)
    TIM_ClearOC2Ref                          0x08002103   Thumb Code    24  stm32f10x_tim.o(.text)
    TIM_ClearOC3Ref                          0x0800211b   Thumb Code    18  stm32f10x_tim.o(.text)
    TIM_ClearOC4Ref                          0x0800212d   Thumb Code    24  stm32f10x_tim.o(.text)
    TIM_OC1PolarityConfig                    0x08002145   Thumb Code    18  stm32f10x_tim.o(.text)
    TIM_OC1NPolarityConfig                   0x08002157   Thumb Code    18  stm32f10x_tim.o(.text)
    TIM_OC2PolarityConfig                    0x08002169   Thumb Code    26  stm32f10x_tim.o(.text)
    TIM_OC2NPolarityConfig                   0x08002183   Thumb Code    26  stm32f10x_tim.o(.text)
    TIM_OC3PolarityConfig                    0x0800219d   Thumb Code    26  stm32f10x_tim.o(.text)
    TIM_OC3NPolarityConfig                   0x080021b7   Thumb Code    26  stm32f10x_tim.o(.text)
    TIM_OC4PolarityConfig                    0x080021d1   Thumb Code    26  stm32f10x_tim.o(.text)
    TIM_CCxCmd                               0x080021eb   Thumb Code    30  stm32f10x_tim.o(.text)
    TIM_CCxNCmd                              0x08002209   Thumb Code    30  stm32f10x_tim.o(.text)
    TIM_SelectOCxM                           0x08002227   Thumb Code    82  stm32f10x_tim.o(.text)
    TIM_UpdateDisableConfig                  0x08002279   Thumb Code    24  stm32f10x_tim.o(.text)
    TIM_UpdateRequestConfig                  0x08002291   Thumb Code    24  stm32f10x_tim.o(.text)
    TIM_SelectHallSensor                     0x080022a9   Thumb Code    24  stm32f10x_tim.o(.text)
    TIM_SelectOnePulseMode                   0x080022c1   Thumb Code    18  stm32f10x_tim.o(.text)
    TIM_SelectOutputTrigger                  0x080022d3   Thumb Code    18  stm32f10x_tim.o(.text)
    TIM_SelectSlaveMode                      0x080022e5   Thumb Code    18  stm32f10x_tim.o(.text)
    TIM_SelectMasterSlaveMode                0x080022f7   Thumb Code    18  stm32f10x_tim.o(.text)
    TIM_SetCounter                           0x08002309   Thumb Code     4  stm32f10x_tim.o(.text)
    TIM_SetAutoreload                        0x0800230d   Thumb Code     4  stm32f10x_tim.o(.text)
    TIM_SetCompare1                          0x08002311   Thumb Code     4  stm32f10x_tim.o(.text)
    TIM_SetCompare2                          0x08002315   Thumb Code     4  stm32f10x_tim.o(.text)
    TIM_SetCompare3                          0x08002319   Thumb Code     4  stm32f10x_tim.o(.text)
    TIM_SetCompare4                          0x0800231d   Thumb Code     6  stm32f10x_tim.o(.text)
    TIM_SetClockDivision                     0x08002323   Thumb Code    18  stm32f10x_tim.o(.text)
    TIM_GetCapture1                          0x08002335   Thumb Code     6  stm32f10x_tim.o(.text)
    TIM_GetCapture2                          0x0800233b   Thumb Code     6  stm32f10x_tim.o(.text)
    TIM_GetCapture3                          0x08002341   Thumb Code     6  stm32f10x_tim.o(.text)
    TIM_GetCapture4                          0x08002347   Thumb Code     8  stm32f10x_tim.o(.text)
    TIM_GetCounter                           0x0800234f   Thumb Code     6  stm32f10x_tim.o(.text)
    TIM_GetPrescaler                         0x08002355   Thumb Code     6  stm32f10x_tim.o(.text)
    TIM_GetFlagStatus                        0x0800235b   Thumb Code    18  stm32f10x_tim.o(.text)
    TIM_ClearFlag                            0x0800236d   Thumb Code     6  stm32f10x_tim.o(.text)
    TIM_GetITStatus                          0x08002373   Thumb Code    34  stm32f10x_tim.o(.text)
    TIM_ClearITPendingBit                    0x08002395   Thumb Code     6  stm32f10x_tim.o(.text)
    ADC_DeInit                               0x0800239d   Thumb Code    78  stm32f10x_adc.o(.text)
    ADC_Init                                 0x080023eb   Thumb Code    70  stm32f10x_adc.o(.text)
    ADC_StructInit                           0x08002431   Thumb Code    18  stm32f10x_adc.o(.text)
    ADC_Cmd                                  0x08002443   Thumb Code    22  stm32f10x_adc.o(.text)
    ADC_DMACmd                               0x08002459   Thumb Code    22  stm32f10x_adc.o(.text)
    ADC_ITConfig                             0x0800246f   Thumb Code    24  stm32f10x_adc.o(.text)
    ADC_ResetCalibration                     0x08002487   Thumb Code    10  stm32f10x_adc.o(.text)
    ADC_GetResetCalibrationStatus            0x08002491   Thumb Code    20  stm32f10x_adc.o(.text)
    ADC_StartCalibration                     0x080024a5   Thumb Code    10  stm32f10x_adc.o(.text)
    ADC_GetCalibrationStatus                 0x080024af   Thumb Code    20  stm32f10x_adc.o(.text)
    ADC_SoftwareStartConvCmd                 0x080024c3   Thumb Code    22  stm32f10x_adc.o(.text)
    ADC_GetSoftwareStartConvStatus           0x080024d9   Thumb Code    20  stm32f10x_adc.o(.text)
    ADC_DiscModeChannelCountConfig           0x080024ed   Thumb Code    24  stm32f10x_adc.o(.text)
    ADC_DiscModeCmd                          0x08002505   Thumb Code    22  stm32f10x_adc.o(.text)
    ADC_RegularChannelConfig                 0x0800251b   Thumb Code   184  stm32f10x_adc.o(.text)
    ADC_ExternalTrigConvCmd                  0x080025d3   Thumb Code    22  stm32f10x_adc.o(.text)
    ADC_GetConversionValue                   0x080025e9   Thumb Code     8  stm32f10x_adc.o(.text)
    ADC_GetDualModeConversionValue           0x080025f1   Thumb Code     8  stm32f10x_adc.o(.text)
    ADC_AutoInjectedConvCmd                  0x080025f9   Thumb Code    22  stm32f10x_adc.o(.text)
    ADC_InjectedDiscModeCmd                  0x0800260f   Thumb Code    22  stm32f10x_adc.o(.text)
    ADC_ExternalTrigInjectedConvConfig       0x08002625   Thumb Code    16  stm32f10x_adc.o(.text)
    ADC_ExternalTrigInjectedConvCmd          0x08002635   Thumb Code    22  stm32f10x_adc.o(.text)
    ADC_SoftwareStartInjectedConvCmd         0x0800264b   Thumb Code    22  stm32f10x_adc.o(.text)
    ADC_GetSoftwareStartInjectedConvCmdStatus 0x08002661   Thumb Code    20  stm32f10x_adc.o(.text)
    ADC_InjectedChannelConfig                0x08002675   Thumb Code   130  stm32f10x_adc.o(.text)
    ADC_InjectedSequencerLengthConfig        0x080026f7   Thumb Code    24  stm32f10x_adc.o(.text)
    ADC_SetInjectedOffset                    0x0800270f   Thumb Code    20  stm32f10x_adc.o(.text)
    ADC_GetInjectedConversionValue           0x08002723   Thumb Code    28  stm32f10x_adc.o(.text)
    ADC_AnalogWatchdogCmd                    0x0800273f   Thumb Code    16  stm32f10x_adc.o(.text)
    ADC_AnalogWatchdogThresholdsConfig       0x0800274f   Thumb Code     6  stm32f10x_adc.o(.text)
    ADC_AnalogWatchdogSingleChannelConfig    0x08002755   Thumb Code    16  stm32f10x_adc.o(.text)
    ADC_TempSensorVrefintCmd                 0x08002765   Thumb Code    64  stm32f10x_adc.o(.text)
    ADC_GetFlagStatus                        0x080027a5   Thumb Code    18  stm32f10x_adc.o(.text)
    ADC_ClearFlag                            0x080027b7   Thumb Code     6  stm32f10x_adc.o(.text)
    ADC_GetITStatus                          0x080027bd   Thumb Code    36  stm32f10x_adc.o(.text)
    ADC_ClearITPendingBit                    0x080027e1   Thumb Code    10  stm32f10x_adc.o(.text)
    DMA_DeInit                               0x080027ed   Thumb Code   324  stm32f10x_dma.o(.text)
    DMA_Init                                 0x08002931   Thumb Code    60  stm32f10x_dma.o(.text)
    DMA_StructInit                           0x0800296d   Thumb Code    26  stm32f10x_dma.o(.text)
    DMA_Cmd                                  0x08002987   Thumb Code    24  stm32f10x_dma.o(.text)
    DMA_ITConfig                             0x0800299f   Thumb Code    18  stm32f10x_dma.o(.text)
    DMA_SetCurrDataCounter                   0x080029b1   Thumb Code     4  stm32f10x_dma.o(.text)
    DMA_GetCurrDataCounter                   0x080029b5   Thumb Code     8  stm32f10x_dma.o(.text)
    DMA_GetFlagStatus                        0x080029bd   Thumb Code    40  stm32f10x_dma.o(.text)
    DMA_ClearFlag                            0x080029e5   Thumb Code    22  stm32f10x_dma.o(.text)
    DMA_GetITStatus                          0x080029fb   Thumb Code    40  stm32f10x_dma.o(.text)
    DMA_ClearITPendingBit                    0x08002a23   Thumb Code    22  stm32f10x_dma.o(.text)
    DAC_DeInit                               0x08002a41   Thumb Code    22  stm32f10x_dac.o(.text)
    DAC_Init                                 0x08002a57   Thumb Code    46  stm32f10x_dac.o(.text)
    DAC_StructInit                           0x08002a85   Thumb Code    12  stm32f10x_dac.o(.text)
    DAC_Cmd                                  0x08002a91   Thumb Code    34  stm32f10x_dac.o(.text)
    DAC_ITConfig                             0x08002ab3   Thumb Code    36  stm32f10x_dac.o(.text)
    DAC_DMACmd                               0x08002ad7   Thumb Code    38  stm32f10x_dac.o(.text)
    DAC_SoftwareTriggerCmd                   0x08002afd   Thumb Code    48  stm32f10x_dac.o(.text)
    DAC_DualSoftwareTriggerCmd               0x08002b2d   Thumb Code    38  stm32f10x_dac.o(.text)
    DAC_WaveGenerationCmd                    0x08002b53   Thumb Code    36  stm32f10x_dac.o(.text)
    DAC_SetChannel1Data                      0x08002b77   Thumb Code    26  stm32f10x_dac.o(.text)
    DAC_SetChannel2Data                      0x08002b91   Thumb Code    26  stm32f10x_dac.o(.text)
    DAC_SetDualChannelData                   0x08002bab   Thumb Code    32  stm32f10x_dac.o(.text)
    DAC_GetDataOutputValue                   0x08002bcb   Thumb Code    32  stm32f10x_dac.o(.text)
    DAC_GetFlagStatus                        0x08002beb   Thumb Code    28  stm32f10x_dac.o(.text)
    DAC_ClearFlag                            0x08002c07   Thumb Code    12  stm32f10x_dac.o(.text)
    DAC_GetITStatus                          0x08002c13   Thumb Code    44  stm32f10x_dac.o(.text)
    DAC_ClearITPendingBit                    0x08002c3f   Thumb Code    12  stm32f10x_dac.o(.text)
    IWDG_WriteAccessCmd                      0x08002c51   Thumb Code     6  stm32f10x_iwdg.o(.text)
    IWDG_SetPrescaler                        0x08002c57   Thumb Code     6  stm32f10x_iwdg.o(.text)
    IWDG_SetReload                           0x08002c5d   Thumb Code     6  stm32f10x_iwdg.o(.text)
    IWDG_ReloadCounter                       0x08002c63   Thumb Code    10  stm32f10x_iwdg.o(.text)
    IWDG_Enable                              0x08002c6d   Thumb Code    10  stm32f10x_iwdg.o(.text)
    IWDG_GetFlagStatus                       0x08002c77   Thumb Code    20  stm32f10x_iwdg.o(.text)
    PWR_DeInit                               0x08002c91   Thumb Code    22  stm32f10x_pwr.o(.text)
    PWR_BackupAccessCmd                      0x08002ca7   Thumb Code     6  stm32f10x_pwr.o(.text)
    PWR_PVDCmd                               0x08002cad   Thumb Code     6  stm32f10x_pwr.o(.text)
    PWR_PVDLevelConfig                       0x08002cb3   Thumb Code    18  stm32f10x_pwr.o(.text)
    PWR_WakeUpPinCmd                         0x08002cc5   Thumb Code     8  stm32f10x_pwr.o(.text)
    PWR_EnterSTOPMode                        0x08002ccd   Thumb Code    54  stm32f10x_pwr.o(.text)
    PWR_EnterSTANDBYMode                     0x08002d03   Thumb Code    42  stm32f10x_pwr.o(.text)
    PWR_GetFlagStatus                        0x08002d2d   Thumb Code    20  stm32f10x_pwr.o(.text)
    PWR_ClearFlag                            0x08002d41   Thumb Code    14  stm32f10x_pwr.o(.text)
    NMI_Handler                              0x08002d5d   Thumb Code     2  stm32f10x_it.o(.text)
    HardFault_Handler                        0x08002d5f   Thumb Code     4  stm32f10x_it.o(.text)
    MemManage_Handler                        0x08002d63   Thumb Code     4  stm32f10x_it.o(.text)
    BusFault_Handler                         0x08002d67   Thumb Code     4  stm32f10x_it.o(.text)
    UsageFault_Handler                       0x08002d6b   Thumb Code     4  stm32f10x_it.o(.text)
    SVC_Handler                              0x08002d6f   Thumb Code     2  stm32f10x_it.o(.text)
    DebugMon_Handler                         0x08002d71   Thumb Code     2  stm32f10x_it.o(.text)
    PendSV_Handler                           0x08002d73   Thumb Code     2  stm32f10x_it.o(.text)
    SysTick_Handler                          0x08002d75   Thumb Code     2  stm32f10x_it.o(.text)
    EXTI9_5_IRQHandler                       0x08002d77   Thumb Code     2  stm32f10x_it.o(.text)
    USART1_IRQHandler                        0x08002d79   Thumb Code     2  stm32f10x_it.o(.text)
    SMG_data_update                          0x08002d7d   Thumb Code    52  display.o(.text)
    ButtonMappingDisplay                     0x08002db1   Thumb Code   194  display.o(.text)
    takeoffLED                               0x08002e73   Thumb Code    68  display.o(.text)
    GetIntNumber                             0x08002eb7   Thumb Code    22  display.o(.text)
    SMG_DisplayModeONE                       0x08002ecd   Thumb Code   320  display.o(.text)
    SMG_DisplayModeONE_Detect_AREA_HI        0x0800300d   Thumb Code   376  display.o(.text)
    SMG_DisplayModeONE_Detect_AREA_LO        0x08003185   Thumb Code   362  display.o(.text)
    SMG_DisplayModeTWO                       0x080032ef   Thumb Code   104  display.o(.text)
    SMG_DisplayModeTHIRD                     0x08003357   Thumb Code   194  display.o(.text)
    SMG_DisplayModeDETECT                    0x08003419   Thumb Code    92  display.o(.text)
    SMG_DisplaSV                             0x08003475   Thumb Code   232  display.o(.text)
    SMG_DisplayFSV                           0x0800355d   Thumb Code   238  display.o(.text)
    SMG_DisplayMenuTwo_TOFF                  0x0800364b   Thumb Code   118  display.o(.text)
    SMG_DisplayMenuTwo_OFFD                  0x080036c1   Thumb Code   116  display.o(.text)
    SMG_DisplayMenuTwo_OFFD_SET              0x08003735   Thumb Code   402  display.o(.text)
    SMG_DisplayMenuTwo_ON_Delay              0x080038c7   Thumb Code   120  display.o(.text)
    SMG_DisplayMenuTwo_ON_Delay_SET          0x0800393f   Thumb Code   436  display.o(.text)
    SMG_DisplayMenuTwo_SHOT                  0x08003af3   Thumb Code   122  display.o(.text)
    SMG_DisplayMenuTwo_SHOT_SET              0x08003b6d   Thumb Code   408  display.o(.text)
    SMG_DisplayMenuTwo_DEL                   0x08003d05   Thumb Code   118  display.o(.text)
    SMG_DisplayMenuTwo_DEL_SET               0x08003d7b   Thumb Code   438  display.o(.text)
    SMG_DisplaySET_Step_1_Mode               0x08003f31   Thumb Code   384  display.o(.text)
    SMG_DisplaySET_Step_2_Mode               0x080040b1   Thumb Code   408  display.o(.text)
    SMG_DisplayOUT_STATUS                    0x08004249   Thumb Code   268  display.o(.text)
    END_Display                              0x08004355   Thumb Code   114  display.o(.text)
    Dust_Display                             0x080043c7   Thumb Code    66  display.o(.text)
    ParameterDisplay                         0x08004409   Thumb Code    68  display.o(.text)
    SMG_DisplayATT100                        0x0800444d   Thumb Code   328  display.o(.text)
    SMG_DisplayPERCENTAGE                    0x08004595   Thumb Code   144  display.o(.text)
    SMG_DisplayMenuDSC                       0x08004625   Thumb Code    98  display.o(.text)
    SMG_Init                                 0x08004687   Thumb Code     2  display.o(.text)
    send_seg_RP0                             0x08004689   Thumb Code   206  display.o(.text)
    send_bit_RP1                             0x08004757   Thumb Code   222  display.o(.text)
    SMG_Diplay                               0x08004835   Thumb Code    82  display.o(.text)
    Button_Init                              0x080048ad   Thumb Code   242  key.o(.text)
    PressCallback                            0x0800499f   Thumb Code   110  key.o(.text)
    ReadButtonStatus                         0x08004a0d   Thumb Code    54  key.o(.text)
    Key_Scan                                 0x08004a43   Thumb Code   364  key.o(.text)
    MenuTwo_OUT1_SHOT                        0x08004bc5   Thumb Code   688  menu.o(.text)
    MenuTwo_OUT1_ON_D                        0x08004e75   Thumb Code   728  menu.o(.text)
    MenuTwo_OUT1_OFFD                        0x0800514d   Thumb Code   730  menu.o(.text)
    MenuTwo_OUT1_TOFF                        0x08005427   Thumb Code    36  menu.o(.text)
    MenuTwo_OUT1_DelaySET                    0x0800544b   Thumb Code   562  menu.o(.text)
    MenuOne_FSV                              0x0800567d   Thumb Code   588  menu.o(.text)
    MenuOne_SV                               0x080058c9   Thumb Code   538  menu.o(.text)
    Menu_DSC                                 0x08005ae3   Thumb Code   142  menu.o(.text)
    Menu_PERCENTAGE                          0x08005b71   Thumb Code   616  menu.o(.text)
    MenuOne_ATT100                           0x08005dd9   Thumb Code   550  menu.o(.text)
    menu                                     0x08005fff   Thumb Code   522  menu.o(.text)
    InitInternalFlash                        0x08006235   Thumb Code    32  flash.o(.text)
    WriteInternalFlash                       0x08006255   Thumb Code    36  flash.o(.text)
    EraseFlash                               0x08006279   Thumb Code    88  flash.o(.text)
    WriteFlash                               0x080062d1   Thumb Code    58  flash.o(.text)
    ReadFlash                                0x0800630b   Thumb Code    44  flash.o(.text)
    GetMAXADCValue                           0x08006375   Thumb Code   272  selfstudy.o(.text)
    ADCINcalibration                         0x08006485   Thumb Code   258  selfstudy.o(.text)
    selfstudy                                0x08006587   Thumb Code   180  selfstudy.o(.text)
    JudgeSvalue                              0x0800663b   Thumb Code    88  selfstudy.o(.text)
    fputc                                    0x080066e9   Thumb Code    32  main.o(.text)
    DelaymsSet                               0x08006709   Thumb Code    18  main.o(.text)
    TIM4_IRQHandler                          0x0800671b   Thumb Code    22  main.o(.text)
    TIM2_IRQHandler                          0x08006731   Thumb Code   206  main.o(.text)
    TIM1_BRK_UP_TRG_COM_IRQHandler           0x080067ff   Thumb Code    22  main.o(.text)
    TIM3_IRQHandler                          0x08006815   Thumb Code    22  main.o(.text)
    bsp_init                                 0x0800682b   Thumb Code    54  main.o(.text)
    ProgramCheck                             0x08006861   Thumb Code    80  main.o(.text)
    IWDG_Config                              0x080068b1   Thumb Code    46  main.o(.text)
    Formula_100                              0x080068df   Thumb Code   170  main.o(.text)
    FlashCheck                               0x08006989   Thumb Code    72  main.o(.text)
    main                                     0x080069d1   Thumb Code    26  main.o(.text)
    Formula_CRC16                            0x080069eb   Thumb Code   114  main.o(.text)
    DeleteMaxAndMinGetAverage                0x08006acd   Thumb Code    80  project.o(.text)
    GetSum                                   0x08006b1d   Thumb Code    26  project.o(.text)
    GetAverage                               0x08006b37   Thumb Code    28  project.o(.text)
    ClearData                                0x08006b53   Thumb Code    18  project.o(.text)
    CPV_SET_OUT                              0x08006b65   Thumb Code    94  project.o(.text)
    JudgeDX                                  0x08006bc3   Thumb Code   294  project.o(.text)
    SetOUT1Status                            0x08006ce9   Thumb Code   310  project.o(.text)
    DMA1_Channel1_IRQHandler                 0x08006e1f   Thumb Code   490  project.o(.text)
    ADCDispalyProcess                        0x08007009   Thumb Code    34  project.o(.text)
    GetRegisterAState                        0x0800702b   Thumb Code    32  project.o(.text)
    GetTotalADCValue                         0x0800704b   Thumb Code    14  project.o(.text)
    Get_SA_Value                             0x08007059   Thumb Code    12  project.o(.text)
    Get_SB_Value                             0x08007065   Thumb Code    12  project.o(.text)
    SetOUT2Status                            0x08007071   Thumb Code    60  project.o(.text)
    Test_Delay                               0x080070ad   Thumb Code    22  project.o(.text)
    ResetParameter                           0x080070c3   Thumb Code   338  project.o(.text)
    ButtonMapping                            0x08007215   Thumb Code   382  project.o(.text)
    DEL_Set                                  0x08007393   Thumb Code   586  project.o(.text)
    DisplayModeFour                          0x080075dd   Thumb Code     8  project.o(.text)
    DisplayModeTHIRD                         0x080075e5   Thumb Code    24  project.o(.text)
    DisplayModeTWO                           0x080075fd   Thumb Code   136  project.o(.text)
    DisplayModeONE_STD                       0x08007685   Thumb Code   654  project.o(.text)
    DisplayModeONE_AREA                      0x08007913   Thumb Code  1464  project.o(.text)
    DisplayModeONE                           0x08007ecb   Thumb Code    60  project.o(.text)
    DisplayMODE                              0x08007f07   Thumb Code   638  project.o(.text)
    GetEEPROM                                0x08008185   Thumb Code   156  project.o(.text)
    Main_Function                            0x08008221   Thumb Code    64  project.o(.text)
    CheckDust                                0x08008261   Thumb Code    22  project.o(.text)
    SetRegisterA                             0x08008277   Thumb Code   262  project.o(.text)
    SetOUT3Status                            0x0800837d   Thumb Code    30  project.o(.text)
    ShortCircuitProtection                   0x0800839b   Thumb Code    82  project.o(.text)
    RCC_Configuration                        0x0800848d   Thumb Code   100  bsp_init.o(.text)
    SMG_GPIO_INIT                            0x080084f1   Thumb Code   532  bsp_init.o(.text)
    IO_GPIO_INIT                             0x08008705   Thumb Code   114  bsp_init.o(.text)
    TIM4_init                                0x08008777   Thumb Code   184  bsp_init.o(.text)
    TIM3_init                                0x0800882f   Thumb Code    86  bsp_init.o(.text)
    TIM2_PWM_OUT_Init                        0x08008885   Thumb Code   222  bsp_init.o(.text)
    TIM2_init                                0x08008963   Thumb Code   120  bsp_init.o(.text)
    TIM1_Init                                0x080089db   Thumb Code   204  bsp_init.o(.text)
    ADC1_GPIO_Config                         0x08008aa7   Thumb Code    52  bsp_init.o(.text)
    ADC1_DMA1_Init                           0x08008adb   Thumb Code   132  bsp_init.o(.text)
    ADC1_Init                                0x08008b5f   Thumb Code   172  bsp_init.o(.text)
    ADC1_Configuration                       0x08008c0b   Thumb Code    16  bsp_init.o(.text)
    DAC_GPIO_Init                            0x08008c1b   Thumb Code    60  bsp_init.o(.text)
    DAC_OUT_Init                             0x08008c57   Thumb Code    46  bsp_init.o(.text)
    DAC_Configuration                        0x08008c85   Thumb Code    12  bsp_init.o(.text)
    __use_two_region_memory                  0x08008ca5   Thumb Code     2  heapauxi.o(.text)
    __rt_heap_escrow$2region                 0x08008ca7   Thumb Code     2  heapauxi.o(.text)
    __rt_heap_expand$2region                 0x08008ca9   Thumb Code     2  heapauxi.o(.text)
    __user_setup_stackheap                   0x08008cab   Thumb Code    74  sys_stackheap_outer.o(.text)
    exit                                     0x08008cf5   Thumb Code    12  exit.o(.text)
    __user_libspace                          0x08008d01   Thumb Code     8  libspace.o(.text)
    __user_perproc_libspace                  0x08008d01   Thumb Code     0  libspace.o(.text)
    __user_perthread_libspace                0x08008d01   Thumb Code     0  libspace.o(.text)
    _sys_exit                                0x08008d09   Thumb Code     8  sys_exit.o(.text)
    __I$use$semihosting                      0x08008d15   Thumb Code     0  use_no_semi.o(.text)
    __use_no_semihosting_swi                 0x08008d15   Thumb Code     2  use_no_semi.o(.text)
    __semihosting_library_function           0x08008d17   Thumb Code     0  indicate_semi.o(.text)
    data_SMG_bit_table                       0x08008d16   Data          18  display.o(.constdata)
    data_SMG_seg_table                       0x08008d28   Data          80  display.o(.constdata)
    Region$$Table$$Base                      0x08008d78   Number         0  anon$$obj.o(Region$$Table)
    Region$$Table$$Limit                     0x08008d98   Number         0  anon$$obj.o(Region$$Table)
    SystemCoreClock                          0x20000000   Data           4  system_stm32f10x.o(.data)
    AHBPrescTable                            0x20000004   Data          16  system_stm32f10x.o(.data)
    SMG_Data                                 0x20000028   Data           8  display.o(.data)
    SMG_D4_to_D1_bit                         0x20000030   Data           1  display.o(.data)
    SMG_D8_to_D5_bit                         0x20000031   Data           1  display.o(.data)
    SMG_BIT                                  0x20000032   Data           1  display.o(.data)
    SMG_D9_BIT                               0x20000033   Data           1  display.o(.data)
    SMG_D9_Decode_table                      0x20000034   Data           4  display.o(.data)
    CSV                                      0x20000044   Data           4  menu.o(.data)
    SV                                       0x20000048   Data           4  menu.o(.data)
    FSV                                      0x2000004c   Data           2  menu.o(.data)
    ATT100                                   0x2000004e   Data           2  menu.o(.data)
    PERCENTAGE                               0x20000050   Data           1  menu.o(.data)
    DSC                                      0x20000051   Data           1  menu.o(.data)
    OUT1_Mode                                0x20000054   Data           8  menu.o(.data)
    DispalyNo                                0x2000005c   Data           1  menu.o(.data)
    OUT1_ModeFlashChannel                    0x20000068   Data           8  flash.o(.data)
    OUT1_ValueFlashChannel                   0x20000070   Data           8  flash.o(.data)
    CSVFlashChannel                          0x20000078   Data           8  flash.o(.data)
    Threshold_ModeFlashChannel               0x20000080   Data           8  flash.o(.data)
    DACOUT_ModeFlashChannel                  0x20000088   Data           8  flash.o(.data)
    KEY_ModeFlashChannel                     0x20000090   Data           8  flash.o(.data)
    RegisterB_ModeFlashChannel               0x20000098   Data           8  flash.o(.data)
    DEL_ModeFlashChannel                     0x200000a0   Data           8  flash.o(.data)
    HI_ModeFlashChannel                      0x200000a8   Data           8  flash.o(.data)
    LO_ModeFlashChannel                      0x200000b0   Data           8  flash.o(.data)
    DETECT_ModeFlashChannel                  0x200000b8   Data           8  flash.o(.data)
    tempflashdata                            0x200000c0   Data           4  flash.o(.data)
    SelftStudyflag                           0x200000c4   Data           1  selfstudy.o(.data)
    ATTcalibrationFlag                       0x200000c5   Data           1  selfstudy.o(.data)
    selfDisplayEndFlay                       0x200000c6   Data           1  selfstudy.o(.data)
    SET1ADC_Value                            0x200000c8   Data           4  selfstudy.o(.data)
    CalibrateADCValue                        0x200000cc   Data           4  selfstudy.o(.data)
    CalibrateSAValue                         0x200000d0   Data           4  selfstudy.o(.data)
    CalibrateSBValue                         0x200000d4   Data           4  selfstudy.o(.data)
    ADCMAX                                   0x200000d8   Data           4  selfstudy.o(.data)
    NewThreshold                             0x200000dc   Data           4  selfstudy.o(.data)
    TempMaxADCValue                          0x200000e0   Data           4  selfstudy.o(.data)
    CheckFLag                                0x200000e4   Data           1  main.o(.data)
    TIM1step                                 0x200000e5   Data           1  main.o(.data)
    timenum                                  0x200000e8   Data           4  main.o(.data)
    ProgramCounter                           0x200000ec   Data           4  main.o(.data)
    UID                                      0x200000f0   Data           4  main.o(.data)
    Fml_Constant                             0x200000f4   Data           4  main.o(.data)
    C                                        0x200000f8   Data           4  main.o(.data)
    FormulaResult                            0x200000fc   Data           4  main.o(.data)
    FormulaCheck                             0x20000100   Data           4  main.o(.data)
    UIDFlashResult                           0x20000104   Data           4  main.o(.data)
    Fml_CRC16                                0x20000108   Data           2  main.o(.data)
    DealyBaseTime                            0x2000010c   Data           4  project.o(.data)
    DEL                                      0x20000110   Data           2  project.o(.data)
    HI                                       0x20000112   Data           2  project.o(.data)
    LO                                       0x20000114   Data           2  project.o(.data)
    timeflag                                 0x20000116   Data           1  project.o(.data)
    LastOUT1                                 0x20000117   Data           1  project.o(.data)
    RegisterA                                0x20000118   Data           1  project.o(.data)
    LastRegisterA                            0x20000119   Data           1  project.o(.data)
    RegisterB                                0x2000011a   Data           1  project.o(.data)
    RegisterC                                0x2000011b   Data           1  project.o(.data)
    OUT1                                     0x2000011c   Data           1  project.o(.data)
    OUT2                                     0x2000011d   Data           1  project.o(.data)
    OUT3                                     0x2000011e   Data           1  project.o(.data)
    OUT2_TimerCounter                        0x20000120   Data           2  project.o(.data)
    OUT2_Timer                               0x20000122   Data           2  project.o(.data)
    OUT3_TimerCounter                        0x20000124   Data           2  project.o(.data)
    OUT3_Timer                               0x20000126   Data           2  project.o(.data)
    ADCRawValue                              0x20000128   Data           4  project.o(.data)
    ADC_Display                              0x2000012c   Data           4  project.o(.data)
    DACOUT1                                  0x20000130   Data           4  project.o(.data)
    DACOUT2                                  0x20000134   Data           4  project.o(.data)
    CPV                                      0x20000138   Data           4  project.o(.data)
    KEY                                      0x2000013c   Data           1  project.o(.data)
    ConfirmShortCircuit                      0x2000013d   Data           1  project.o(.data)
    ShortCircuitCounter                      0x20000140   Data           4  project.o(.data)
    ShortCircuitLastTime                     0x20000144   Data           4  project.o(.data)
    KeyMappingFlag                           0x20000148   Data           1  project.o(.data)
    EventFlag                                0x20000149   Data           1  project.o(.data)
    ShortCircuit                             0x2000014a   Data           1  project.o(.data)
    ShortCircuitTimer                        0x2000014c   Data           4  project.o(.data)
    displayModeONE_FLAG                      0x20000150   Data           1  project.o(.data)
    DisplayModeNo                            0x20000151   Data           1  project.o(.data)
    DustFlag                                 0x20000152   Data           1  project.o(.data)
    SA_Sum                                   0x20000154   Data           4  project.o(.data)
    SB_Sum                                   0x20000158   Data           4  project.o(.data)
    SA_Final                                 0x2000015c   Data           4  project.o(.data)
    SB_Final                                 0x20000160   Data           4  project.o(.data)
    S_Index                                  0x20000164   Data           1  project.o(.data)
    S_Flag                                   0x20000165   Data           1  project.o(.data)
    S_Total_Final                            0x20000168   Data           4  project.o(.data)
    SX_Flag                                  0x2000016c   Data           1  project.o(.data)
    SX_Index                                 0x2000016d   Data           1  project.o(.data)
    S_Final                                  0x20000170   Data           4  project.o(.data)
    S_Final_FinishFlag                       0x20000174   Data           1  project.o(.data)
    S32                                      0x20000178   Data           4  project.o(.data)
    S32_Flag                                 0x2000017c   Data           1  project.o(.data)
    S_SET                                    0x20000180   Data           4  project.o(.data)
    S_Selft                                  0x20000184   Data           4  project.o(.data)
    Threshold                                0x20000188   Data           2  project.o(.data)
    DX                                       0x2000018a   Data           2  project.o(.data)
    Last_DX                                  0x2000018c   Data           2  project.o(.data)
    Min_DX                                   0x2000018e   Data           2  project.o(.data)
    DX_Flag                                  0x20000190   Data           1  project.o(.data)
    TX_Index                                 0x20000191   Data           1  project.o(.data)
    TX                                       0x20000194   Data           4  project.o(.data)
    FX                                       0x20000198   Data           2  project.o(.data)
    Display_Signal_Index                     0x2000019c   Data           4  project.o(.data)
    Display_Signal_Flag                      0x200001a0   Data           4  project.o(.data)
    DisplayADCValue_Sum                      0x200001a4   Data           4  project.o(.data)
    PWMCounter                               0x200001a8   Data           1  project.o(.data)
    S1024                                    0x200001ac   Data           4  project.o(.data)
    S1024_Index                              0x200001b0   Data           2  project.o(.data)
    S1024_Sum                                0x200001b4   Data           4  project.o(.data)
    Runflag                                  0x200001b8   Data           1  project.o(.data)
    RunIndex                                 0x200001b9   Data           1  project.o(.data)
    sample_finish                            0x200001ba   Data           1  project.o(.data)
    LastDSC                                  0x200001bb   Data           1  project.o(.data)
    tempPress                                0x200001bc   Data           4  project.o(.data)
    SHOTflag                                 0x200001c0   Data           1  project.o(.data)
    ProgramRUNcounter                        0x200001c4   Data           4  project.o(.data)
    adc_dma_tab                              0x200001d4   Data           8  bsp_init.o(.data)
    SMG_data_Decode_table                    0x200001dc   Data           9  display.o(.bss)
    SetButton                                0x200001e8   Data          32  key.o(.bss)
    ModeButton                               0x20000208   Data          32  key.o(.bss)
    UpButton                                 0x20000228   Data          32  key.o(.bss)
    DownButton                               0x20000248   Data          32  key.o(.bss)
    SysClock                                 0x20000268   Data          20  main.o(.bss)
    D                                        0x2000027c   Data          12  main.o(.bss)
    SA                                       0x20000288   Data          16  project.o(.bss)
    SB                                       0x20000298   Data          16  project.o(.bss)
    SX                                       0x200002a8   Data          16  project.o(.bss)
    SX_Final                                 0x200002b8   Data         128  project.o(.bss)
    TX_Signal                                0x20000338   Data          32  project.o(.bss)
    Display_Signal                           0x20000358   Data        1024  project.o(.bss)
    RunCounter                               0x20000758   Data         200  project.o(.bss)
    __libspace_start                         0x20000820   Data          96  libspace.o(.bss)
    __temporary_stack_top$libspace           0x20000880   Data           0  libspace.o(.bss)



==============================================================================

Memory Map of the image

  Image Entry point : 0x080000ed

  Load Region LR_IROM1 (Base: 0x08000000, Size: 0x00008f74, Max: 0x00010000, ABSOLUTE, COMPRESSED[0x00008df0])

    Execution Region ER_IROM1 (Base: 0x08000000, Size: 0x00008d98, Max: 0x00010000, ABSOLUTE)

    Base Addr    Size         Type   Attr      Idx    E Section Name        Object

    0x08000000   0x000000ec   Data   RO           59    RESET               startup_stm32f10x_md.o
    0x080000ec   0x00000008   Code   RO          487  * !!!main             c_w.l(__main.o)
    0x080000f4   0x00000034   Code   RO          645    !!!scatter          c_w.l(__scatter.o)
    0x08000128   0x0000005a   Code   RO          643    !!dczerorl2         c_w.l(__dczerorl2.o)
    0x08000182   0x00000002   PAD
    0x08000184   0x0000001c   Code   RO          647    !!handler_zi        c_w.l(__scatter_zi.o)
    0x080001a0   0x00000002   Code   RO          514    .ARM.Collect$$libinit$$00000000  c_w.l(libinit.o)
    0x080001a2   0x00000000   Code   RO          521    .ARM.Collect$$libinit$$00000002  c_w.l(libinit2.o)
    0x080001a2   0x00000000   Code   RO          523    .ARM.Collect$$libinit$$00000004  c_w.l(libinit2.o)
    0x080001a2   0x00000000   Code   RO          526    .ARM.Collect$$libinit$$0000000A  c_w.l(libinit2.o)
    0x080001a2   0x00000000   Code   RO          528    .ARM.Collect$$libinit$$0000000C  c_w.l(libinit2.o)
    0x080001a2   0x00000000   Code   RO          530    .ARM.Collect$$libinit$$0000000E  c_w.l(libinit2.o)
    0x080001a2   0x00000000   Code   RO          533    .ARM.Collect$$libinit$$00000011  c_w.l(libinit2.o)
    0x080001a2   0x00000000   Code   RO          535    .ARM.Collect$$libinit$$00000013  c_w.l(libinit2.o)
    0x080001a2   0x00000000   Code   RO          537    .ARM.Collect$$libinit$$00000015  c_w.l(libinit2.o)
    0x080001a2   0x00000000   Code   RO          539    .ARM.Collect$$libinit$$00000017  c_w.l(libinit2.o)
    0x080001a2   0x00000000   Code   RO          541    .ARM.Collect$$libinit$$00000019  c_w.l(libinit2.o)
    0x080001a2   0x00000000   Code   RO          543    .ARM.Collect$$libinit$$0000001B  c_w.l(libinit2.o)
    0x080001a2   0x00000000   Code   RO          545    .ARM.Collect$$libinit$$0000001D  c_w.l(libinit2.o)
    0x080001a2   0x00000000   Code   RO          547    .ARM.Collect$$libinit$$0000001F  c_w.l(libinit2.o)
    0x080001a2   0x00000000   Code   RO          549    .ARM.Collect$$libinit$$00000021  c_w.l(libinit2.o)
    0x080001a2   0x00000000   Code   RO          551    .ARM.Collect$$libinit$$00000023  c_w.l(libinit2.o)
    0x080001a2   0x00000000   Code   RO          553    .ARM.Collect$$libinit$$00000025  c_w.l(libinit2.o)
    0x080001a2   0x00000000   Code   RO          557    .ARM.Collect$$libinit$$0000002C  c_w.l(libinit2.o)
    0x080001a2   0x00000000   Code   RO          559    .ARM.Collect$$libinit$$0000002E  c_w.l(libinit2.o)
    0x080001a2   0x00000000   Code   RO          561    .ARM.Collect$$libinit$$00000030  c_w.l(libinit2.o)
    0x080001a2   0x00000000   Code   RO          563    .ARM.Collect$$libinit$$00000032  c_w.l(libinit2.o)
    0x080001a2   0x00000002   Code   RO          564    .ARM.Collect$$libinit$$00000033  c_w.l(libinit2.o)
    0x080001a4   0x00000002   Code   RO          584    .ARM.Collect$$libshutdown$$00000000  c_w.l(libshutdown.o)
    0x080001a6   0x00000000   Code   RO          598    .ARM.Collect$$libshutdown$$00000003  c_w.l(libshutdown2.o)
    0x080001a6   0x00000000   Code   RO          601    .ARM.Collect$$libshutdown$$00000006  c_w.l(libshutdown2.o)
    0x080001a6   0x00000000   Code   RO          604    .ARM.Collect$$libshutdown$$00000009  c_w.l(libshutdown2.o)
    0x080001a6   0x00000000   Code   RO          606    .ARM.Collect$$libshutdown$$0000000B  c_w.l(libshutdown2.o)
    0x080001a6   0x00000000   Code   RO          609    .ARM.Collect$$libshutdown$$0000000E  c_w.l(libshutdown2.o)
    0x080001a6   0x00000002   Code   RO          610    .ARM.Collect$$libshutdown$$0000000F  c_w.l(libshutdown2.o)
    0x080001a8   0x00000000   Code   RO          489    .ARM.Collect$$rtentry$$00000000  c_w.l(__rtentry.o)
    0x080001a8   0x00000000   Code   RO          491    .ARM.Collect$$rtentry$$00000002  c_w.l(__rtentry2.o)
    0x080001a8   0x00000006   Code   RO          503    .ARM.Collect$$rtentry$$00000004  c_w.l(__rtentry4.o)
    0x080001ae   0x00000000   Code   RO          493    .ARM.Collect$$rtentry$$00000009  c_w.l(__rtentry2.o)
    0x080001ae   0x00000004   Code   RO          494    .ARM.Collect$$rtentry$$0000000A  c_w.l(__rtentry2.o)
    0x080001b2   0x00000000   Code   RO          496    .ARM.Collect$$rtentry$$0000000C  c_w.l(__rtentry2.o)
    0x080001b2   0x00000008   Code   RO          497    .ARM.Collect$$rtentry$$0000000D  c_w.l(__rtentry2.o)
    0x080001ba   0x00000002   Code   RO          518    .ARM.Collect$$rtexit$$00000000  c_w.l(rtexit.o)
    0x080001bc   0x00000000   Code   RO          566    .ARM.Collect$$rtexit$$00000002  c_w.l(rtexit2.o)
    0x080001bc   0x00000004   Code   RO          567    .ARM.Collect$$rtexit$$00000003  c_w.l(rtexit2.o)
    0x080001c0   0x00000006   Code   RO          568    .ARM.Collect$$rtexit$$00000004  c_w.l(rtexit2.o)
    0x080001c6   0x00000002   PAD
    0x080001c8   0x000001b8   Code   RO           17    .text               system_stm32f10x.o
    0x08000380   0x00000040   Code   RO           60    .text               startup_stm32f10x_md.o
    0x080003c0   0x000003c4   Code   RO           64    .text               stm32f10x_rcc.o
    0x08000784   0x00000408   Code   RO           82    .text               stm32f10x_usart.o
    0x08000b8c   0x0000035c   Code   RO           94    .text               stm32f10x_gpio.o
    0x08000ee8   0x000000dc   Code   RO          106    .text               misc.o
    0x08000fc4   0x000005bc   Code   RO          118    .text               stm32f10x_flash.o
    0x08001580   0x00000e1a   Code   RO          133    .text               stm32f10x_tim.o
    0x0800239a   0x00000002   PAD
    0x0800239c   0x0000044e   Code   RO          148    .text               stm32f10x_adc.o
    0x080027ea   0x00000002   PAD
    0x080027ec   0x00000254   Code   RO          163    .text               stm32f10x_dma.o
    0x08002a40   0x00000210   Code   RO          178    .text               stm32f10x_dac.o
    0x08002c50   0x00000040   Code   RO          208    .text               stm32f10x_iwdg.o
    0x08002c90   0x000000cc   Code   RO          223    .text               stm32f10x_pwr.o
    0x08002d5c   0x0000001e   Code   RO          277    .text               stm32f10x_it.o
    0x08002d7a   0x00000002   PAD
    0x08002d7c   0x00001b30   Code   RO          296    .text               display.o
    0x080048ac   0x00000318   Code   RO          325    .text               key.o
    0x08004bc4   0x00001670   Code   RO          346    .text               menu.o
    0x08006234   0x00000140   Code   RO          379    .text               flash.o
    0x08006374   0x00000374   Code   RO          394    .text               selfstudy.o
    0x080066e8   0x000003e4   Code   RO          413    .text               main.o
    0x08006acc   0x000019c0   Code   RO          441    .text               project.o
    0x0800848c   0x00000818   Code   RO          462    .text               bsp_init.o
    0x08008ca4   0x00000006   Code   RO          485    .text               c_w.l(heapauxi.o)
    0x08008caa   0x0000004a   Code   RO          505    .text               c_w.l(sys_stackheap_outer.o)
    0x08008cf4   0x0000000c   Code   RO          507    .text               c_w.l(exit.o)
    0x08008d00   0x00000008   Code   RO          515    .text               c_w.l(libspace.o)
    0x08008d08   0x0000000c   Code   RO          576    .text               c_w.l(sys_exit.o)
    0x08008d14   0x00000002   Code   RO          587    .text               c_w.l(use_no_semi.o)
    0x08008d16   0x00000000   Code   RO          589    .text               c_w.l(indicate_semi.o)
    0x08008d16   0x00000062   Data   RO          298    .constdata          display.o
    0x08008d78   0x00000020   Data   RO          641    Region$$Table       anon$$obj.o


    Execution Region RW_IRAM1 (Base: 0x20000000, Size: 0x00000e80, Max: 0x00002000, ABSOLUTE, COMPRESSED[0x00000058])

    Base Addr    Size         Type   Attr      Idx    E Section Name        Object

    0x20000000   0x00000014   Data   RW           18    .data               system_stm32f10x.o
    0x20000014   0x00000014   Data   RW           65    .data               stm32f10x_rcc.o
    0x20000028   0x0000001b   Data   RW          299    .data               display.o
    0x20000043   0x00000001   PAD
    0x20000044   0x00000023   Data   RW          347    .data               menu.o
    0x20000067   0x00000001   PAD
    0x20000068   0x0000005c   Data   RW          380    .data               flash.o
    0x200000c4   0x00000020   Data   RW          395    .data               selfstudy.o
    0x200000e4   0x00000026   Data   RW          415    .data               main.o
    0x2000010a   0x00000002   PAD
    0x2000010c   0x000000c8   Data   RW          443    .data               project.o
    0x200001d4   0x00000008   Data   RW          463    .data               bsp_init.o
    0x200001dc   0x00000009   Zero   RW          297    .bss                display.o
    0x200001e5   0x00000003   PAD
    0x200001e8   0x00000080   Zero   RW          326    .bss                key.o
    0x20000268   0x00000020   Zero   RW          414    .bss                main.o
    0x20000288   0x00000598   Zero   RW          442    .bss                project.o
    0x20000820   0x00000060   Zero   RW          516    .bss                c_w.l(libspace.o)
    0x20000880   0x00000200   Zero   RW           58    HEAP                startup_stm32f10x_md.o
    0x20000a80   0x00000400   Zero   RW           57    STACK               startup_stm32f10x_md.o


==============================================================================

Image component sizes


      Code (inc. data)   RO Data    RW Data    ZI Data      Debug   Object Name

      2072         48          0          8          0       4689   bsp_init.o
         0          0          0          0          0       4536   core_cm3.o
      6960        154         98         27          9      16976   display.o
       320         62          0         92          0       2336   flash.o
       792         22          0          0        128       3333   key.o
       996        112          0         38         32       5856   main.o
      5744        278          0         35          0       7955   menu.o
       220         22          0          0          0       1913   misc.o
      6592        702          0        200       1432      14542   project.o
       884         86          0         32          0       2970   selfstudy.o
        64         26        236          0       1536        912   startup_stm32f10x_md.o
      1102         26          0          0          0      20077   stm32f10x_adc.o
       528          6          0          0          0       9893   stm32f10x_dac.o
       596          8          0          0          0      14358   stm32f10x_dma.o
      1468         34          0          0          0      14570   stm32f10x_flash.o
       860         38          0          0          0       5757   stm32f10x_gpio.o
        30          0          0          0          0       1431   stm32f10x_it.o
        64          6          0          0          0       1309   stm32f10x_iwdg.o
       204         14          0          0          0       1963   stm32f10x_pwr.o
       964         42          0         20          0       9290   stm32f10x_rcc.o
      3610         88          0          0          0      42684   stm32f10x_tim.o
      1032         22          0          0          0       8480   stm32f10x_usart.o
       440         34          0         20          0     232011   system_stm32f10x.o

    ----------------------------------------------------------------------
     35548       1830        366        476       3140     427841   Object Totals
         0          0         32          0          0          0   (incl. Generated)
         6          0          0          4          3          0   (incl. Padding)

    ----------------------------------------------------------------------

      Code (inc. data)   RO Data    RW Data    ZI Data      Debug   Library Member Name

        90          0          0          0          0          0   __dczerorl2.o
         8          0          0          0          0         68   __main.o
         0          0          0          0          0          0   __rtentry.o
        12          0          0          0          0          0   __rtentry2.o
         6          0          0          0          0          0   __rtentry4.o
        52          8          0          0          0          0   __scatter.o
        28          0          0          0          0          0   __scatter_zi.o
        12          0          0          0          0         72   exit.o
         6          0          0          0          0        152   heapauxi.o
         0          0          0          0          0          0   indicate_semi.o
         2          0          0          0          0          0   libinit.o
         2          0          0          0          0          0   libinit2.o
         2          0          0          0          0          0   libshutdown.o
         2          0          0          0          0          0   libshutdown2.o
         8          4          0          0         96         68   libspace.o
         2          0          0          0          0          0   rtexit.o
        10          0          0          0          0          0   rtexit2.o
        12          4          0          0          0         68   sys_exit.o
        74          0          0          0          0         80   sys_stackheap_outer.o
         2          0          0          0          0         68   use_no_semi.o

    ----------------------------------------------------------------------
       334         16          0          0         96        576   Library Totals
         4          0          0          0          0          0   (incl. Padding)

    ----------------------------------------------------------------------

      Code (inc. data)   RO Data    RW Data    ZI Data      Debug   Library Name

       330         16          0          0         96        576   c_w.l

    ----------------------------------------------------------------------
       334         16          0          0         96        576   Library Totals

    ----------------------------------------------------------------------

==============================================================================


      Code (inc. data)   RO Data    RW Data    ZI Data      Debug   

     35882       1846        366        476       3236     425813   Grand Totals
     35882       1846        366         88       3236     425813   ELF Image Totals (compressed)
     35882       1846        366         88          0          0   ROM Totals

==============================================================================

    Total RO  Size (Code + RO Data)                36248 (  35.40kB)
    Total RW  Size (RW Data + ZI Data)              3712 (   3.63kB)
    Total ROM Size (Code + RO Data + RW Data)      36336 (  35.48kB)

==============================================================================

