Component: ARM Compiler 5.06 update 5 (build 528) Tool: armlink [4d35e2]

==============================================================================

Section Cross References

    system_stm32f10x.o(.text) refers to system_stm32f10x.o(.data) for .data
    startup_stm32f10x_md.o(STACK) refers (Special) to heapauxi.o(.text) for __use_two_region_memory
    startup_stm32f10x_md.o(HEAP) refers (Special) to heapauxi.o(.text) for __use_two_region_memory
    startup_stm32f10x_md.o(RESET) refers (Special) to heapauxi.o(.text) for __use_two_region_memory
    startup_stm32f10x_md.o(RESET) refers to startup_stm32f10x_md.o(STACK) for __initial_sp
    startup_stm32f10x_md.o(RESET) refers to startup_stm32f10x_md.o(.text) for Reset_Handler
    startup_stm32f10x_md.o(RESET) refers to stm32f10x_it.o(.text) for NMI_Handler
    startup_stm32f10x_md.o(RESET) refers to main.o(.text) for PVD_IRQHandler
    startup_stm32f10x_md.o(RESET) refers to project.o(.text) for DMA1_Channel1_IRQHandler
    startup_stm32f10x_md.o(.text) refers (Special) to heapauxi.o(.text) for __use_two_region_memory
    startup_stm32f10x_md.o(.text) refers to system_stm32f10x.o(.text) for SystemInit
    startup_stm32f10x_md.o(.text) refers to __main.o(!!!main) for __main
    startup_stm32f10x_md.o(.text) refers to startup_stm32f10x_md.o(HEAP) for Heap_Mem
    startup_stm32f10x_md.o(.text) refers to startup_stm32f10x_md.o(STACK) for Stack_Mem
    stm32f10x_rcc.o(.text) refers to stm32f10x_rcc.o(.data) for .data
    stm32f10x_usart.o(.text) refers to stm32f10x_rcc.o(.text) for RCC_APB2PeriphResetCmd
    stm32f10x_gpio.o(.text) refers to stm32f10x_rcc.o(.text) for RCC_APB2PeriphResetCmd
    stm32f10x_tim.o(.text) refers to stm32f10x_rcc.o(.text) for RCC_APB1PeriphResetCmd
    stm32f10x_adc.o(.text) refers to stm32f10x_rcc.o(.text) for RCC_APB2PeriphResetCmd
    stm32f10x_dac.o(.text) refers to stm32f10x_rcc.o(.text) for RCC_APB1PeriphResetCmd
    stm32f10x_pwr.o(.text) refers to stm32f10x_rcc.o(.text) for RCC_APB1PeriphResetCmd
    usart.o(.text) refers to stm32f10x_rcc.o(.text) for RCC_APB2PeriphClockCmd
    usart.o(.text) refers to stm32f10x_gpio.o(.text) for GPIO_Init
    usart.o(.text) refers to stm32f10x_usart.o(.text) for USART_Init
    usart.o(.text) refers to rt_memclr_w.o(.text) for __aeabi_memclr4
    delay.o(.text) refers to misc.o(.text) for SysTick_CLKSourceConfig
    delay.o(.text) refers to delay.o(.data) for .data
    display.o(.text) refers to display.o(.bss) for .bss
    display.o(.text) refers to project.o(.data) for KEY
    display.o(.text) refers to display.o(.constdata) for .constdata
    display.o(.text) refers to display.o(.data) for .data
    display.o(.text) refers to stm32f10x_gpio.o(.text) for GPIO_ReadInputDataBit
    key.o(.text) refers to stm32f10x_gpio.o(.text) for GPIO_Init
    key.o(.text) refers to key.o(.bss) for .bss
    menu.o(.text) refers to display.o(.text) for SMG_DisplayMenuTwo_SHOT
    menu.o(.text) refers to flash.o(.text) for WriteFlash
    menu.o(.text) refers to project.o(.data) for EventFlag
    menu.o(.text) refers to key.o(.bss) for UpButton
    menu.o(.text) refers to menu.o(.data) for .data
    menu.o(.text) refers to key.o(.text) for Key_Scan
    menu.o(.text) refers to stm32f10x_iwdg.o(.text) for IWDG_ReloadCounter
    menu.o(.text) refers to stm32f10x_dac.o(.text) for DAC_SetChannel1Data
    menu.o(.text) refers to project.o(.data) for DX_Flag
    flash.o(.text) refers to stm32f10x_flash.o(.text) for FLASH_Unlock
    flash.o(.text) refers to flash.o(.data) for .data
    selfstudy.o(.text) refers to ffixu.o(x$fpl$ffixu) for __aeabi_f2uiz
    selfstudy.o(.text) refers to ffix.o(x$fpl$ffix) for __aeabi_f2iz
    selfstudy.o(.text) refers to display.o(.text) for SMG_DisplaySET_Step_2_Mode
    selfstudy.o(.text) refers to stm32f10x_gpio.o(.text) for GPIO_ReadInputDataBit
    selfstudy.o(.text) refers to flash.o(.text) for WriteFlash
    selfstudy.o(.text) refers to stm32f10x_dac.o(.text) for DAC_SetChannel1Data
    selfstudy.o(.text) refers to selfstudy.o(.data) for .data
    selfstudy.o(.text) refers to project.o(.data) for S_Total_Final
    selfstudy.o(.text) refers to key.o(.bss) for SetButton
    selfstudy.o(.text) refers to project.o(.data) for DACOUT2
    selfstudy.o(.text) refers to key.o(.bss) for ModeButton
    selfstudy.o(.text) refers to project.o(.data) for DX_Flag
    main.o(.text) refers to stm32f10x_usart.o(.text) for USART_GetFlagStatus
    main.o(.text) refers to stm32f10x_tim.o(.text) for TIM_GetITStatus
    main.o(.text) refers to stm32f10x_pwr.o(.text) for PWR_GetFlagStatus
    main.o(.text) refers to stm32f10x_exti.o(.text) for EXTI_ClearITPendingBit
    main.o(.text) refers to bsp_init.o(.text) for RCC_Configuration
    main.o(.text) refers to stm32f10x_rcc.o(.text) for RCC_GetClocksFreq
    main.o(.text) refers to key.o(.text) for Button_Init
    main.o(.text) refers to project.o(.text) for ResetParameter
    main.o(.text) refers to flash.o(.text) for WriteFlash
[...]
    SetSysClockTo24                          0x08000269   Thumb Code   130  system_stm32f10x.o(.text)
    .text                                    0x08000308   Section       64  startup_stm32f10x_md.o(.text)
    .text                                    0x08000348   Section        0  stm32f10x_rcc.o(.text)
    .text                                    0x08000620   Section        0  stm32f10x_usart.o(.text)
    .text                                    0x08000948   Section        0  stm32f10x_gpio.o(.text)
    .text                                    0x08000bb4   Section        0  misc.o(.text)
    .text                                    0x08000c64   Section        0  stm32f10x_flash.o(.text)
    .text                                    0x080010e0   Section        0  stm32f10x_tim.o(.text)
    TI2_Config                               0x08001473   Thumb Code   166  stm32f10x_tim.o(.text)
    TI1_Config                               0x08001529   Thumb Code    88  stm32f10x_tim.o(.text)
    .text                                    0x08001bd4   Section        0  stm32f10x_adc.o(.text)
    .text                                    0x08001f04   Section        0  stm32f10x_dma.o(.text)
    .text                                    0x080020cc   Section        0  stm32f10x_dac.o(.text)
    .text                                    0x08002220   Section        0  stm32f10x_exti.o(.text)
    .text                                    0x08002308   Section        0  stm32f10x_iwdg.o(.text)
    .text                                    0x08002344   Section        0  stm32f10x_pwr.o(.text)
    .text                                    0x080023f0   Section        0  stm32f10x_it.o(.text)
    .text                                    0x08002408   Section        0  display.o(.text)
    .text                                    0x0800349c   Section        0  key.o(.text)
    .text                                    0x08003700   Section        0  menu.o(.text)
    .text                                    0x08004a28   Section        0  flash.o(.text)
    .text                                    0x08004b68   Section        0  main.o(.text)
    .text                                    0x08004de4   Section        0  project.o(.text)
    .text                                    0x08005d5c   Section        0  bsp_init.o(.text)
    .text                                    0x08006570   Section        0  heapauxi.o(.text)
    .text                                    0x08006576   Section       74  sys_stackheap_outer.o(.text)
    .text                                    0x080065c0   Section        0  exit.o(.text)
    .text                                    0x080065d4   Section        8  libspace.o(.text)
    .text                                    0x080065dc   Section        0  sys_exit.o(.text)
    .text                                    0x080065e8   Section        2  use_no_semi.o(.text)
    .text                                    0x080065ea   Section        0  indicate_semi.o(.text)
    x$fpl$fadd                               0x080065ec   Section      196  faddsub_clz.o(x$fpl$fadd)
    _fadd1                                   0x080065fb   Thumb Code     0  faddsub_clz.o(x$fpl$fadd)
    x$fpl$fcheck1                            0x080066b0   Section       12  fcheck1.o(x$fpl$fcheck1)
    x$fpl$ffix                               0x080066bc   Section       54  ffix.o(x$fpl$ffix)
    x$fpl$fflt                               0x080066f4   Section       48  fflt_clz.o(x$fpl$fflt)
    x$fpl$ffltu                              0x08006724   Section       38  fflt_clz.o(x$fpl$ffltu)
    x$fpl$fnaninf                            0x0800674a   Section      140  fnaninf.o(x$fpl$fnaninf)
    x$fpl$fretinf                            0x080067d6   Section       10  fretinf.o(x$fpl$fretinf)
    x$fpl$fsub                               0x080067e0   Section      234  faddsub_clz.o(x$fpl$fsub)
    _fsub1                                   0x080067ef   Thumb Code     0  faddsub_clz.o(x$fpl$fsub)
    x$fpl$retnan                             0x080068ca   Section      100  retnan.o(x$fpl$retnan)
    x$fpl$scalbnf                            0x0800692e   Section       76  scalbnf.o(x$fpl$scalbnf)
    x$fpl$trapveneer                         0x0800697a   Section       48  trapv.o(x$fpl$trapveneer)
    .constdata                               0x080069aa   Section       98  display.o(.constdata)
    x$fpl$usenofp                            0x080069aa   Section        0  usenofp.o(x$fpl$usenofp)
    .data                                    0x20000000   Section       20  system_stm32f10x.o(.data)
    .data                                    0x20000014   Section       20  stm32f10x_rcc.o(.data)
    ADCPrescTable                            0x20000014   Data           4  stm32f10x_rcc.o(.data)
    APBAHBPrescTable                         0x20000018   Data          16  stm32f10x_rcc.o(.data)
    .data                                    0x20000028   Section       20  display.o(.data)
    Blinkflag                                0x20000029   Data           1  display.o(.data)
    Blinkflag                                0x2000002a   Data           1  display.o(.data)
    Blinkflag                                0x2000002b   Data           1  display.o(.data)
    Blinkflag                                0x2000002c   Data           1  display.o(.data)
    Blinkflag                                0x2000002d   Data           1  display.o(.data)
    Blinkflag                                0x2000002e   Data           1  display.o(.data)
    Blinkflag                                0x2000002f   Data           1  display.o(.data)
    Blinkflag                                0x20000030   Data           1  display.o(.data)
    Blinkflag                                0x20000031   Data           1  display.o(.data)
    bilinkflag                               0x20000032   Data           1  display.o(.data)
    bilinkflag                               0x20000033   Data           1  display.o(.data)
    .data                                    0x2000003c   Section       40  menu.o(.data)
    lastCounter                              0x20000040   Data           1  menu.o(.data)
    lastCounter                              0x20000041   Data           1  menu.o(.data)
    lastCounter                              0x20000042   Data           1  menu.o(.data)
    lastCounter                              0x20000043   Data           1  menu.o(.data)
    lastCounter                              0x20000044   Data           1  menu.o(.data)
    lastCounter                              0x20000045   Data           1  menu.o(.data)
    lastCounter                              0x20000046   Data           1  menu.o(.data)
    lastCounter                              0x20000047   Data           1  menu.o(.data)
    lastCounter                              0x20000048   Data           1  menu.o(.data)
    lastCounter                              0x20000049   Data           1  menu.o(.data)
    lastCounter                              0x2000004a   Data           1  menu.o(.data)
    .data                                    0x20000064   Section        4  flash.o(.data)
    .data                                    0x20000068   Section       28  selfstudy.o(.data)
    .data                                    0x20000084   Section       28  main.o(.data)
    .data                                    0x200000a0   Section        1  main.o(.data)
    .data                                    0x200000a4   Section        4  main.o(.data)
    .data                                    0x200000a8   Section      132  project.o(.data)
    lastCounter                              0x200000c3   Data           1  project.o(.data)
    lastCounter                              0x200000c4   Data           1  project.o(.data)
    lastCounter                              0x200000c5   Data           1  project.o(.data)
    LastThreshold                            0x200000da   Data           2  project.o(.data)
    LastHIValue                              0x200000dc   Data           2  project.o(.data)
    LastLOValue                              0x200000de   Data           2  project.o(.data)
    .data                                    0x2000012c   Section        1  project.o(.data)
    .bss                                     0x20000130   Section        9  display.o(.bss)
    .bss                                     0x2000013c   Section       32  key.o(.bss)
    .bss                                     0x2000015c   Section       96  key.o(.bss)
    .bss                                     0x200001bc   Section       32  main.o(.bss)
    .bss                                     0x200001dc   Section      128  project.o(.bss)
    .bss                                     0x2000025c   Section       32  bsp_init.o(.bss)
    .bss                                     0x2000027c   Section       96  libspace.o(.bss)
    HEAP                                     0x200002e0   Section      512  startup_stm32f10x_md.o(HEAP)
    Heap_Mem                                 0x200002e0   Data         512  startup_stm32f10x_md.o(HEAP)
    STACK                                    0x200004e0   Section     1024  startup_stm32f10x_md.o(STACK)
    Stack_Mem                                0x200004e0   Data        1024  startup_stm32f10x_md.o(STACK)
    __initial_sp                             0x200008e0   Data           0  startup_stm32f10x_md.o(STACK)

    Global Symbols

    Symbol Name                              Value     Ov Type        Size  Object(Section)

    BuildAttributes$$THM_ISAv4$P$D$K$B$S$PE$A:L22UL41UL21$X:L11$S22US41US21$IEEE1$IW$USESV6$~STKCKD$USESV7$~SHL$OSPACE$ROPI$EBA8$UX$STANDARDLIB$REQ8$PRES8$EABIv2 0x00000000   Number         0  anon$$obj.o ABSOLUTE
    __ARM_use_no_argv                        0x00000000   Number         0  main.o ABSOLUTE
    __ARM_exceptions_init                     - Undefined Weak Reference
    __alloca_initialize                       - Undefined Weak Reference
    __arm_preinit_                            - Undefined Weak Reference
    __cpp_initialize__aeabi_                  - Undefined Weak Reference
    __cxa_finalize                            - Undefined Weak Reference
    __rt_locale                               - Undefined Weak Reference
    __sigvec_lookup                           - Undefined Weak Reference
    _atexit_init                              - Undefined Weak Reference
    _call_atexit_fns                          - Undefined Weak Reference
    _clock_init                               - Undefined Weak Reference
    _fp_trap_init                             - Undefined Weak Reference
    _fp_trap_shutdown                         - Undefined Weak Reference
    _get_lc_collate                           - Undefined Weak Reference
    _get_lc_ctype                             - Undefined Weak Reference
    _get_lc_monetary                          - Undefined Weak Reference
    _get_lc_numeric                           - Undefined Weak Reference
    _get_lc_time                              - Undefined Weak Reference
    _getenv_init                              - Undefined Weak Reference
    _handle_redirection                       - Undefined Weak Reference
    _init_alloc                               - Undefined Weak Reference
    _init_user_alloc                          - Undefined Weak Reference
    _initio                                   - Undefined Weak Reference
    _rand_init                                - Undefined Weak Reference
    _signal_finish                            - Undefined Weak Reference
    _signal_init                              - Undefined Weak Reference
    _terminate_alloc                          - Undefined Weak Reference
    _terminate_user_alloc                     - Undefined Weak Reference
    _terminateio                              - Undefined Weak Reference
    __Vectors_Size                           0x000000ec   Number         0  startup_stm32f10x_md.o ABSOLUTE
    __Vectors                                0x08000000   Data           4  startup_stm32f10x_md.o(RESET)
    __Vectors_End                            0x080000ec   Data           0  startup_stm32f10x_md.o(RESET)
    __main                                   0x080000ed   Thumb Code     8  __main.o(!!!main)
    __scatterload                            0x080000f5   Thumb Code     0  __scatter.o(!!!scatter)
    __scatterload_rt2                        0x080000f5   Thumb Code    44  __scatter.o(!!!scatter)
    __scatterload_rt2_thumb_only             0x080000f5   Thumb Code     0  __scatter.o(!!!scatter)
    __scatterload_null                       0x08000103   Thumb Code     0  __scatter.o(!!!scatter)
    __decompress                             0x08000129   Thumb Code    90  __dczerorl2.o(!!dczerorl2)
    __decompress1                            0x08000129   Thumb Code     0  __dczerorl2.o(!!dczerorl2)
    __scatterload_zeroinit                   0x08000185   Thumb Code    28  __scatter_zi.o(!!handler_zi)
    __rt_lib_init                            0x080001a1   Thumb Code     0  libinit.o(.ARM.Collect$$libinit$$00000000)
    __rt_lib_init_alloca_1                   0x080001a3   Thumb Code     0  libinit2.o(.ARM.Collect$$libinit$$0000002E)
    __rt_lib_init_argv_1                     0x080001a3   Thumb Code     0  libinit2.o(.ARM.Collect$$libinit$$0000002C)
    __rt_lib_init_atexit_1                   0x080001a3   Thumb Code     0  libinit2.o(.ARM.Collect$$libinit$$0000001B)
    __rt_lib_init_clock_1                    0x080001a3   Thumb Code     0  libinit2.o(.ARM.Collect$$libinit$$00000021)
    __rt_lib_init_cpp_1                      0x080001a3   Thumb Code     0  libinit2.o(.ARM.Collect$$libinit$$00000032)
    __rt_lib_init_exceptions_1               0x080001a3   Thumb Code     0  libinit2.o(.ARM.Collect$$libinit$$00000030)
    __rt_lib_init_fp_1                       0x080001a3   Thumb Code     0  libinit2.o(.ARM.Collect$$libinit$$00000002)
    __rt_lib_init_fp_trap_1                  0x080001a3   Thumb Code     0  libinit2.o(.ARM.Collect$$libinit$$0000001F)
    __rt_lib_init_getenv_1                   0x080001a3   Thumb Code     0  libinit2.o(.ARM.Collect$$libinit$$00000023)
    __rt_lib_init_heap_1                     0x080001a3   Thumb Code     0  libinit2.o(.ARM.Collect$$libinit$$0000000A)
    __rt_lib_init_lc_collate_1               0x080001a3   Thumb Code     0  libinit2.o(.ARM.Collect$$libinit$$00000011)
    __rt_lib_init_lc_ctype_1                 0x080001a3   Thumb Code     0  libinit2.o(.ARM.Collect$$libinit$$00000013)
    __rt_lib_init_lc_monetary_1              0x080001a3   Thumb Code     0  libinit2.o(.ARM.Collect$$libinit$$00000015)
    __rt_lib_init_lc_numeric_1               0x080001a3   Thumb Code     0  libinit2.o(.ARM.Collect$$libinit$$00000017)
    __rt_lib_init_lc_time_1                  0x080001a3   Thumb Code     0  libinit2.o(.ARM.Collect$$libinit$$00000019)
    __rt_lib_init_preinit_1                  0x080001a3   Thumb Code     0  libinit2.o(.ARM.Collect$$libinit$$00000004)
    __rt_lib_init_rand_1                     0x080001a3   Thumb Code     0  libinit2.o(.ARM.Collect$$libinit$$0000000E)
    __rt_lib_init_return                     0x080001a3   Thumb Code     0  libinit2.o(.ARM.Collect$$libinit$$00000033)
    __rt_lib_init_signal_1                   0x080001a3   Thumb Code     0  libinit2.o(.ARM.Collect$$libinit$$0000001D)
    __rt_lib_init_stdio_1                    0x080001a3   Thumb Code     0  libinit2.o(.ARM.Collect$$libinit$$00000025)
    __rt_lib_init_user_alloc_1               0x080001a3   Thumb Code     0  libinit2.o(.ARM.Collect$$libinit$$0000000C)
    __rt_lib_shutdown                        0x080001a5   Thumb Code     0  libshutdown.o(.ARM.Collect$$libshutdown$$00000000)
    __rt_lib_shutdown_cpp_1                  0x080001a7   Thumb Code     0  libshutdown2.o(.ARM.Collect$$libshutdown$$00000002)
    __rt_lib_shutdown_fp_trap_1              0x080001a7   Thumb Code     0  libshutdown2.o(.ARM.Collect$$libshutdown$$00000007)
    __rt_lib_shutdown_heap_1                 0x080001a7   Thumb Code     0  libshutdown2.o(.ARM.Collect$$libshutdown$$0000000F)
    __rt_lib_shutdown_return                 0x080001a7   Thumb Code     0  libshutdown2.o(.ARM.Collect$$libshutdown$$00000010)
    __rt_lib_shutdown_signal_1               0x080001a7   Thumb Code     0  libshutdown2.o(.ARM.Collect$$libshutdown$$0000000A)
    __rt_lib_shutdown_stdio_1                0x080001a7   Thumb Code     0  libshutdown2.o(.ARM.Collect$$libshutdown$$00000004)
    __rt_lib_shutdown_user_alloc_1           0x080001a7   Thumb Code     0  libshutdown2.o(.ARM.Collect$$libshutdown$$0000000C)
    __rt_entry                               0x080001a9   Thumb Code     0  __rtentry.o(.ARM.Collect$$rtentry$$00000000)
    __rt_entry_presh_1                       0x080001a9   Thumb Code     0  __rtentry2.o(.ARM.Collect$$rtentry$$00000002)
    __rt_entry_sh                            0x080001a9   Thumb Code     0  __rtentry4.o(.ARM.Collect$$rtentry$$00000004)
    __rt_entry_li                            0x080001af   Thumb Code     0  __rtentry2.o(.ARM.Collect$$rtentry$$0000000A)
    __rt_entry_postsh_1                      0x080001af   Thumb Code     0  __rtentry2.o(.ARM.Collect$$rtentry$$00000009)
    __rt_entry_main                          0x080001b3   Thumb Code     0  __rtentry2.o(.ARM.Collect$$rtentry$$0000000D)
    __rt_entry_postli_1                      0x080001b3   Thumb Code     0  __rtentry2.o(.ARM.Collect$$rtentry$$0000000C)
    __rt_exit                                0x080001bb   Thumb Code     0  rtexit.o(.ARM.Collect$$rtexit$$00000000)
    __rt_exit_ls                             0x080001bd   Thumb Code     0  rtexit2.o(.ARM.Collect$$rtexit$$00000003)
    __rt_exit_prels_1                        0x080001bd   Thumb Code     0  rtexit2.o(.ARM.Collect$$rtexit$$00000002)
    __rt_exit_exit                           0x080001c1   Thumb Code     0  rtexit2.o(.ARM.Collect$$rtexit$$00000004)
    SystemInit                               0x080001c9   Thumb Code    68  system_stm32f10x.o(.text)
    SystemCoreClockUpdate                    0x0800020d   Thumb Code    92  system_stm32f10x.o(.text)
    Reset_Handler                            0x08000309   Thumb Code     8  startup_stm32f10x_md.o(.text)
    ADC1_2_IRQHandler                        0x08000323   Thumb Code     0  startup_stm32f10x_md.o(.text)
    CAN1_RX1_IRQHandler                      0x08000323   Thumb Code     0  startup_stm32f10x_md.o(.text)
    CAN1_SCE_IRQHandler                      0x08000323   Thumb Code     0  startup_stm32f10x_md.o(.text)
    DMA1_Channel2_IRQHandler                 0x08000323   Thumb Code     0  startup_stm32f10x_md.o(.text)
    DMA1_Channel3_IRQHandler                 0x08000323   Thumb Code     0  startup_stm32f10x_md.o(.text)
    DMA1_Channel4_IRQHandler                 0x08000323   Thumb Code     0  startup_stm32f10x_md.o(.text)
    DMA1_Channel5_IRQHandler                 0x08000323   Thumb Code     0  startup_stm32f10x_md.o(.text)
    DMA1_Channel6_IRQHandler                 0x08000323   Thumb Code     0  startup_stm32f10x_md.o(.text)
    DMA1_Channel7_IRQHandler                 0x08000323   Thumb Code     0  startup_stm32f10x_md.o(.text)
    EXTI0_IRQHandler                         0x08000323   Thumb Code     0  startup_stm32f10x_md.o(.text)
    EXTI15_10_IRQHandler                     0x08000323   Thumb Code     0  startup_stm32f10x_md.o(.text)
    EXTI1_IRQHandler                         0x08000323   Thumb Code     0  startup_stm32f10x_md.o(.text)
    EXTI2_IRQHandler                         0x08000323   Thumb Code     0  startup_stm32f10x_md.o(.text)
    EXTI3_IRQHandler                         0x08000323   Thumb Code     0  startup_stm32f10x_md.o(.text)
    EXTI4_IRQHandler                         0x08000323   Thumb Code     0  startup_stm32f10x_md.o(.text)
    FLASH_IRQHandler                         0x08000323   Thumb Code     0  startup_stm32f10x_md.o(.text)
    I2C1_ER_IRQHandler                       0x08000323   Thumb Code     0  startup_stm32f10x_md.o(.text)
    I2C1_EV_IRQHandler                       0x08000323   Thumb Code     0  startup_stm32f10x_md.o(.text)
    I2C2_ER_IRQHandler                       0x08000323   Thumb Code     0  startup_stm32f10x_md.o(.text)
    I2C2_EV_IRQHandler                       0x08000323   Thumb Code     0  startup_stm32f10x_md.o(.text)
    RCC_IRQHandler                           0x08000323   Thumb Code     0  startup_stm32f10x_md.o(.text)
    RTCAlarm_IRQHandler                      0x08000323   Thumb Code     0  startup_stm32f10x_md.o(.text)
    RTC_IRQHandler                           0x08000323   Thumb Code     0  startup_stm32f10x_md.o(.text)
    SPI1_IRQHandler                          0x08000323   Thumb Code     0  startup_stm32f10x_md.o(.text)
    SPI2_IRQHandler                          0x08000323   Thumb Code     0  startup_stm32f10x_md.o(.text)
    TAMPER_IRQHandler                        0x08000323   Thumb Code     0  startup_stm32f10x_md.o(.text)
    TIM1_BRK_IRQHandler                      0x08000323   Thumb Code     0  startup_stm32f10x_md.o(.text)
    TIM1_CC_IRQHandler                       0x08000323   Thumb Code     0  startup_stm32f10x_md.o(.text)
    TIM1_TRG_COM_IRQHandler                  0x08000323   Thumb Code     0  startup_stm32f10x_md.o(.text)
    TIM1_UP_IRQHandler                       0x08000323   Thumb Code     0  startup_stm32f10x_md.o(.text)
    USART2_IRQHandler                        0x08000323   Thumb Code     0  startup_stm32f10x_md.o(.text)
    USART3_IRQHandler                        0x08000323   Thumb Code     0  startup_stm32f10x_md.o(.text)
    USBWakeUp_IRQHandler                     0x08000323   Thumb Code     0  startup_stm32f10x_md.o(.text)
    USB_HP_CAN1_TX_IRQHandler                0x08000323   Thumb Code     0  startup_stm32f10x_md.o(.text)
    USB_LP_CAN1_RX0_IRQHandler               0x08000323   Thumb Code     0  startup_stm32f10x_md.o(.text)
    WWDG_IRQHandler                          0x08000323   Thumb Code     0  startup_stm32f10x_md.o(.text)
    __user_initial_stackheap                 0x08000325   Thumb Code     0  startup_stm32f10x_md.o(.text)
    RCC_DeInit                               0x08000349   Thumb Code    54  stm32f10x_rcc.o(.text)
    RCC_HSEConfig                            0x0800037f   Thumb Code    48  stm32f10x_rcc.o(.text)
    RCC_GetFlagStatus                        0x080003af   Thumb Code    42  stm32f10x_rcc.o(.text)
    RCC_WaitForHSEStartUp                    0x080003d9   Thumb Code    44  stm32f10x_rcc.o(.text)
    RCC_AdjustHSICalibrationValue            0x08000405   Thumb Code    16  stm32f10x_rcc.o(.text)
    RCC_HSICmd                               0x08000415   Thumb Code     6  stm32f10x_rcc.o(.text)
    RCC_PLLConfig                            0x0800041b   Thumb Code    16  stm32f10x_rcc.o(.text)
    RCC_PLLCmd                               0x0800042b   Thumb Code     6  stm32f10x_rcc.o(.text)
    RCC_PREDIV1Config                        0x08000431   Thumb Code    18  stm32f10x_rcc.o(.text)
    RCC_SYSCLKConfig                         0x08000443   Thumb Code    14  stm32f10x_rcc.o(.text)
    RCC_GetSYSCLKSource                      0x08000451   Thumb Code    10  stm32f10x_rcc.o(.text)
    RCC_HCLKConfig                           0x0800045b   Thumb Code    14  stm32f10x_rcc.o(.text)
    RCC_PCLK1Config                          0x08000469   Thumb Code    14  stm32f10x_rcc.o(.text)
    RCC_PCLK2Config                          0x08000477   Thumb Code    16  stm32f10x_rcc.o(.text)
    RCC_ITConfig                             0x08000487   Thumb Code    18  stm32f10x_rcc.o(.text)
    RCC_USBCLKConfig                         0x08000499   Thumb Code     8  stm32f10x_rcc.o(.text)
    RCC_ADCCLKConfig                         0x080004a1   Thumb Code    14  stm32f10x_rcc.o(.text)
    RCC_LSEConfig                            0x080004af   Thumb Code    28  stm32f10x_rcc.o(.text)
    RCC_LSICmd                               0x080004cb   Thumb Code     6  stm32f10x_rcc.o(.text)
    RCC_RTCCLKConfig                         0x080004d1   Thumb Code    10  stm32f10x_rcc.o(.text)
    RCC_RTCCLKCmd                            0x080004db   Thumb Code     8  stm32f10x_rcc.o(.text)
    RCC_GetClocksFreq                        0x080004e3   Thumb Code   136  stm32f10x_rcc.o(.text)
    RCC_AHBPeriphClockCmd                    0x0800056b   Thumb Code    18  stm32f10x_rcc.o(.text)
    RCC_APB2PeriphClockCmd                   0x0800057d   Thumb Code    18  stm32f10x_rcc.o(.text)
    RCC_APB1PeriphClockCmd                   0x0800058f   Thumb Code    18  stm32f10x_rcc.o(.text)
    RCC_APB2PeriphResetCmd                   0x080005a1   Thumb Code    18  stm32f10x_rcc.o(.text)
    RCC_APB1PeriphResetCmd                   0x080005b3   Thumb Code    18  stm32f10x_rcc.o(.text)
    RCC_BackupResetCmd                       0x080005c5   Thumb Code     8  stm32f10x_rcc.o(.text)
    RCC_ClockSecuritySystemCmd               0x080005cd   Thumb Code     6  stm32f10x_rcc.o(.text)
    RCC_MCOConfig                            0x080005d3   Thumb Code     6  stm32f10x_rcc.o(.text)
    RCC_ClearFlag                            0x080005d9   Thumb Code    12  stm32f10x_rcc.o(.text)
    RCC_GetITStatus                          0x080005e5   Thumb Code    16  stm32f10x_rcc.o(.text)
    RCC_ClearITPendingBit                    0x080005f5   Thumb Code     6  stm32f10x_rcc.o(.text)
    USART_DeInit                             0x08000621   Thumb Code    96  stm32f10x_usart.o(.text)
    USART_Init                               0x08000681   Thumb Code   166  stm32f10x_usart.o(.text)
    USART_StructInit                         0x08000727   Thumb Code    22  stm32f10x_usart.o(.text)
    USART_ClockInit                          0x0800073d   Thumb Code    30  stm32f10x_usart.o(.text)
    USART_ClockStructInit                    0x0800075b   Thumb Code    12  stm32f10x_usart.o(.text)
    USART_Cmd                                0x08000767   Thumb Code    20  stm32f10x_usart.o(.text)
    USART_ITConfig                           0x0800077b   Thumb Code    48  stm32f10x_usart.o(.text)
    USART_DMACmd                             0x080007ab   Thumb Code    16  stm32f10x_usart.o(.text)
    USART_SetAddress                         0x080007bb   Thumb Code    16  stm32f10x_usart.o(.text)
    USART_WakeUpConfig                       0x080007cb   Thumb Code    16  stm32f10x_usart.o(.text)
    USART_ReceiverWakeUpCmd                  0x080007db   Thumb Code    20  stm32f10x_usart.o(.text)
    USART_LINBreakDetectLengthConfig         0x080007ef   Thumb Code    16  stm32f10x_usart.o(.text)
    USART_LINCmd                             0x080007ff   Thumb Code    20  stm32f10x_usart.o(.text)
    USART_SendData                           0x08000813   Thumb Code     8  stm32f10x_usart.o(.text)
    USART_ReceiveData                        0x0800081b   Thumb Code     8  stm32f10x_usart.o(.text)
    USART_SendBreak                          0x08000823   Thumb Code    10  stm32f10x_usart.o(.text)
    USART_SetGuardTime                       0x0800082d   Thumb Code    16  stm32f10x_usart.o(.text)
    USART_SetPrescaler                       0x0800083d   Thumb Code    16  stm32f10x_usart.o(.text)
    USART_SmartCardCmd                       0x0800084d   Thumb Code    20  stm32f10x_usart.o(.text)
    USART_SmartCardNACKCmd                   0x08000861   Thumb Code    20  stm32f10x_usart.o(.text)
    USART_HalfDuplexCmd                      0x08000875   Thumb Code    20  stm32f10x_usart.o(.text)
    USART_OverSampling8Cmd                   0x08000889   Thumb Code    20  stm32f10x_usart.o(.text)
    USART_OneBitMethodCmd                    0x0800089d   Thumb Code    20  stm32f10x_usart.o(.text)
    USART_IrDAConfig                         0x080008b1   Thumb Code    16  stm32f10x_usart.o(.text)
    USART_IrDACmd                            0x080008c1   Thumb Code    20  stm32f10x_usart.o(.text)
    USART_GetFlagStatus                      0x080008d5   Thumb Code    14  stm32f10x_usart.o(.text)
    USART_ClearFlag                          0x080008e3   Thumb Code     6  stm32f10x_usart.o(.text)
    USART_GetITStatus                        0x080008e9   Thumb Code    62  stm32f10x_usart.o(.text)
    USART_ClearITPendingBit                  0x08000927   Thumb Code    12  stm32f10x_usart.o(.text)
    GPIO_DeInit                              0x08000949   Thumb Code   152  stm32f10x_gpio.o(.text)
    GPIO_AFIODeInit                          0x080009e1   Thumb Code    22  stm32f10x_gpio.o(.text)
    GPIO_Init                                0x080009f7   Thumb Code   164  stm32f10x_gpio.o(.text)
    GPIO_StructInit                          0x08000a9b   Thumb Code    16  stm32f10x_gpio.o(.text)
    GPIO_ReadInputDataBit                    0x08000aab   Thumb Code    14  stm32f10x_gpio.o(.text)
    GPIO_ReadInputData                       0x08000ab9   Thumb Code     6  stm32f10x_gpio.o(.text)
    GPIO_ReadOutputDataBit                   0x08000abf   Thumb Code    14  stm32f10x_gpio.o(.text)
    GPIO_ReadOutputData                      0x08000acd   Thumb Code     6  stm32f10x_gpio.o(.text)
    GPIO_SetBits                             0x08000ad3   Thumb Code     4  stm32f10x_gpio.o(.text)
    GPIO_ResetBits                           0x08000ad7   Thumb Code     4  stm32f10x_gpio.o(.text)
    GPIO_WriteBit                            0x08000adb   Thumb Code    10  stm32f10x_gpio.o(.text)
    GPIO_Write                               0x08000ae5   Thumb Code     4  stm32f10x_gpio.o(.text)
    GPIO_PinLockConfig                       0x08000ae9   Thumb Code    16  stm32f10x_gpio.o(.text)
    GPIO_EventOutputConfig                   0x08000af9   Thumb Code    22  stm32f10x_gpio.o(.text)
    GPIO_EventOutputCmd                      0x08000b0f   Thumb Code     6  stm32f10x_gpio.o(.text)
    GPIO_PinRemapConfig                      0x08000b15   Thumb Code    82  stm32f10x_gpio.o(.text)
    GPIO_EXTILineConfig                      0x08000b67   Thumb Code    34  stm32f10x_gpio.o(.text)
    GPIO_ETH_MediaInterfaceConfig            0x08000b89   Thumb Code     8  stm32f10x_gpio.o(.text)
    NVIC_PriorityGroupConfig                 0x08000bb5   Thumb Code    10  misc.o(.text)
    NVIC_Init                                0x08000bbf   Thumb Code    94  misc.o(.text)
    NVIC_SetVectorTable                      0x08000c1d   Thumb Code    14  misc.o(.text)
    NVIC_SystemLPConfig                      0x08000c2b   Thumb Code    20  misc.o(.text)
    SysTick_CLKSourceConfig                  0x08000c3f   Thumb Code    24  misc.o(.text)
    FLASH_SetLatency                         0x08000c65   Thumb Code    14  stm32f10x_flash.o(.text)
    FLASH_HalfCycleAccessCmd                 0x08000c73   Thumb Code    18  stm32f10x_flash.o(.text)
    FLASH_PrefetchBufferCmd                  0x08000c85   Thumb Code    18  stm32f10x_flash.o(.text)
    FLASH_Unlock                             0x08000c97   Thumb Code    12  stm32f10x_flash.o(.text)
    FLASH_UnlockBank1                        0x08000ca3   Thumb Code    12  stm32f10x_flash.o(.text)
    FLASH_Lock                               0x08000caf   Thumb Code    12  stm32f10x_flash.o(.text)
    FLASH_LockBank1                          0x08000cbb   Thumb Code    12  stm32f10x_flash.o(.text)
    FLASH_GetBank1Status                     0x08000cc7   Thumb Code    34  stm32f10x_flash.o(.text)
    FLASH_WaitForLastOperation               0x08000ce9   Thumb Code    36  stm32f10x_flash.o(.text)
    FLASH_ErasePage                          0x08000d0d   Thumb Code    56  stm32f10x_flash.o(.text)
    FLASH_EraseAllPages                      0x08000d45   Thumb Code    52  stm32f10x_flash.o(.text)
    FLASH_WaitForLastBank1Operation          0x08000d79   Thumb Code    36  stm32f10x_flash.o(.text)
    FLASH_EraseAllBank1Pages                 0x08000d9d   Thumb Code    52  stm32f10x_flash.o(.text)
    FLASH_GetReadOutProtectionStatus         0x08000dd1   Thumb Code    14  stm32f10x_flash.o(.text)
    FLASH_EraseOptionBytes                   0x08000ddf   Thumb Code   108  stm32f10x_flash.o(.text)
    FLASH_ProgramWord                        0x08000e4b   Thumb Code    72  stm32f10x_flash.o(.text)
    FLASH_ProgramHalfWord                    0x08000e93   Thumb Code    48  stm32f10x_flash.o(.text)
    FLASH_ProgramOptionByteData              0x08000ec3   Thumb Code    62  stm32f10x_flash.o(.text)
    FLASH_EnableWriteProtection              0x08000f01   Thumb Code   150  stm32f10x_flash.o(.text)
    FLASH_ReadOutProtection                  0x08000f97   Thumb Code   118  stm32f10x_flash.o(.text)
    FLASH_UserOptionByteConfig               0x0800100d   Thumb Code    92  stm32f10x_flash.o(.text)
    FLASH_GetUserOptionByte                  0x08001069   Thumb Code     8  stm32f10x_flash.o(.text)
    FLASH_GetWriteProtectionOptionByte       0x08001071   Thumb Code     6  stm32f10x_flash.o(.text)
    FLASH_GetPrefetchBufferStatus            0x08001077   Thumb Code    14  stm32f10x_flash.o(.text)
    FLASH_ITConfig                           0x08001085   Thumb Code    18  stm32f10x_flash.o(.text)
    FLASH_GetFlagStatus                      0x08001097   Thumb Code    28  stm32f10x_flash.o(.text)
    FLASH_ClearFlag                          0x080010b3   Thumb Code     6  stm32f10x_flash.o(.text)
    FLASH_GetStatus                          0x080010b9   Thumb Code    34  stm32f10x_flash.o(.text)
    TIM_DeInit                               0x080010e1   Thumb Code   304  stm32f10x_tim.o(.text)
    TIM_TimeBaseInit                         0x08001211   Thumb Code   114  stm32f10x_tim.o(.text)
    TIM_OC1Init                              0x08001283   Thumb Code   106  stm32f10x_tim.o(.text)
    TIM_OC2Init                              0x080012ed   Thumb Code   120  stm32f10x_tim.o(.text)
    TIM_OC3Init                              0x08001365   Thumb Code   116  stm32f10x_tim.o(.text)
    TIM_OC4Init                              0x080013d9   Thumb Code    90  stm32f10x_tim.o(.text)
    TIM_SetIC4Prescaler                      0x08001433   Thumb Code    24  stm32f10x_tim.o(.text)
    TIM_SetIC3Prescaler                      0x0800144b   Thumb Code    16  stm32f10x_tim.o(.text)
    TIM_SetIC2Prescaler                      0x0800145b   Thumb Code    24  stm32f10x_tim.o(.text)
    TIM_SetIC1Prescaler                      0x08001519   Thumb Code    16  stm32f10x_tim.o(.text)
    TIM_ICInit                               0x08001581   Thumb Code   272  stm32f10x_tim.o(.text)
    TIM_PWMIConfig                           0x08001691   Thumb Code   104  stm32f10x_tim.o(.text)
    TIM_BDTRConfig                           0x080016f9   Thumb Code    34  stm32f10x_tim.o(.text)
    TIM_TimeBaseStructInit                   0x0800171b   Thumb Code    18  stm32f10x_tim.o(.text)
    TIM_OCStructInit                         0x0800172d   Thumb Code    20  stm32f10x_tim.o(.text)
    TIM_ICStructInit                         0x08001741   Thumb Code    16  stm32f10x_tim.o(.text)
    TIM_BDTRStructInit                       0x08001751   Thumb Code    18  stm32f10x_tim.o(.text)
    TIM_Cmd                                  0x08001763   Thumb Code    20  stm32f10x_tim.o(.text)
    TIM_CtrlPWMOutputs                       0x08001777   Thumb Code    22  stm32f10x_tim.o(.text)
    TIM_ITConfig                             0x0800178d   Thumb Code    16  stm32f10x_tim.o(.text)
    TIM_GenerateEvent                        0x0800179d   Thumb Code     4  stm32f10x_tim.o(.text)
    TIM_DMAConfig                            0x080017a1   Thumb Code     8  stm32f10x_tim.o(.text)
    TIM_DMACmd                               0x080017a9   Thumb Code    16  stm32f10x_tim.o(.text)
    TIM_InternalClockConfig                  0x080017b9   Thumb Code    10  stm32f10x_tim.o(.text)
    TIM_SelectInputTrigger                   0x080017c3   Thumb Code    12  stm32f10x_tim.o(.text)
    TIM_ITRxExternalClockConfig              0x080017cf   Thumb Code    18  stm32f10x_tim.o(.text)
    TIM_TIxExternalClockConfig               0x080017e1   Thumb Code    46  stm32f10x_tim.o(.text)
    TIM_ETRConfig                            0x0800180f   Thumb Code    24  stm32f10x_tim.o(.text)
    TIM_ETRClockMode1Config                  0x08001827   Thumb Code    18  stm32f10x_tim.o(.text)
    TIM_ETRClockMode2Config                  0x08001839   Thumb Code    18  stm32f10x_tim.o(.text)
    TIM_PrescalerConfig                      0x0800184b   Thumb Code     6  stm32f10x_tim.o(.text)
    TIM_CounterModeConfig                    0x08001851   Thumb Code    12  stm32f10x_tim.o(.text)
    TIM_EncoderInterfaceConfig               0x0800185d   Thumb Code    50  stm32f10x_tim.o(.text)
    TIM_ForcedOC1Config                      0x0800188f   Thumb Code    12  stm32f10x_tim.o(.text)
    TIM_ForcedOC2Config                      0x0800189b   Thumb Code    20  stm32f10x_tim.o(.text)
    TIM_ForcedOC3Config                      0x080018af   Thumb Code    12  stm32f10x_tim.o(.text)
    TIM_ForcedOC4Config                      0x080018bb   Thumb Code    20  stm32f10x_tim.o(.text)
    TIM_ARRPreloadConfig                     0x080018cf   Thumb Code    20  stm32f10x_tim.o(.text)
    TIM_SelectCOM                            0x080018e3   Thumb Code    20  stm32f10x_tim.o(.text)
    TIM_SelectCCDMA                          0x080018f7   Thumb Code    20  stm32f10x_tim.o(.text)
    TIM_CCPreloadControl                     0x0800190b   Thumb Code    20  stm32f10x_tim.o(.text)
    TIM_OC1PreloadConfig                     0x0800191f   Thumb Code    34  stm32f10x_tim.o(.text)
    TIM_OC2PreloadConfig                     0x08001941   Thumb Code    20  stm32f10x_tim.o(.text)
    TIM_OC3PreloadConfig                     0x08001955   Thumb Code    12  stm32f10x_tim.o(.text)
    TIM_OC4PreloadConfig                     0x08001961   Thumb Code    20  stm32f10x_tim.o(.text)
    TIM_OC1FastConfig                        0x08001975   Thumb Code    12  stm32f10x_tim.o(.text)
    TIM_OC2FastConfig                        0x08001981   Thumb Code    20  stm32f10x_tim.o(.text)
    TIM_OC3FastConfig                        0x08001995   Thumb Code    12  stm32f10x_tim.o(.text)
    TIM_OC4FastConfig                        0x080019a1   Thumb Code    20  stm32f10x_tim.o(.text)
    TIM_ClearOC1Ref                          0x080019b5   Thumb Code    12  stm32f10x_tim.o(.text)
    TIM_ClearOC2Ref                          0x080019c1   Thumb Code    20  stm32f10x_tim.o(.text)
    TIM_ClearOC3Ref                          0x080019d5   Thumb Code    12  stm32f10x_tim.o(.text)
    TIM_ClearOC4Ref                          0x080019e1   Thumb Code    20  stm32f10x_tim.o(.text)
    TIM_OC1PolarityConfig                    0x080019f5   Thumb Code    12  stm32f10x_tim.o(.text)
    TIM_OC1NPolarityConfig                   0x08001a01   Thumb Code    12  stm32f10x_tim.o(.text)
    TIM_OC2PolarityConfig                    0x08001a0d   Thumb Code    20  stm32f10x_tim.o(.text)
    TIM_OC2NPolarityConfig                   0x08001a21   Thumb Code    20  stm32f10x_tim.o(.text)
    TIM_OC3PolarityConfig                    0x08001a35   Thumb Code    20  stm32f10x_tim.o(.text)
    TIM_OC3NPolarityConfig                   0x08001a49   Thumb Code    20  stm32f10x_tim.o(.text)
    TIM_OC4PolarityConfig                    0x08001a5d   Thumb Code    20  stm32f10x_tim.o(.text)
    TIM_CCxCmd                               0x08001a71   Thumb Code    22  stm32f10x_tim.o(.text)
    TIM_CCxNCmd                              0x08001a87   Thumb Code    22  stm32f10x_tim.o(.text)
    TIM_SelectOCxM                           0x08001a9d   Thumb Code    70  stm32f10x_tim.o(.text)
    TIM_UpdateDisableConfig                  0x08001ae3   Thumb Code    20  stm32f10x_tim.o(.text)
    TIM_UpdateRequestConfig                  0x08001af7   Thumb Code    20  stm32f10x_tim.o(.text)
    TIM_SelectHallSensor                     0x08001b0b   Thumb Code    20  stm32f10x_tim.o(.text)
    TIM_SelectOnePulseMode                   0x08001b1f   Thumb Code    16  stm32f10x_tim.o(.text)
    TIM_SelectOutputTrigger                  0x08001b2f   Thumb Code    16  stm32f10x_tim.o(.text)
    TIM_SelectSlaveMode                      0x08001b3f   Thumb Code    16  stm32f10x_tim.o(.text)
    TIM_SelectMasterSlaveMode                0x08001b4f   Thumb Code    16  stm32f10x_tim.o(.text)
    TIM_SetCounter                           0x08001b5f   Thumb Code     4  stm32f10x_tim.o(.text)
    TIM_SetAutoreload                        0x08001b63   Thumb Code     4  stm32f10x_tim.o(.text)
    TIM_SetCompare1                          0x08001b67   Thumb Code     4  stm32f10x_tim.o(.text)
    TIM_SetCompare2                          0x08001b6b   Thumb Code     4  stm32f10x_tim.o(.text)
    TIM_SetCompare3                          0x08001b6f   Thumb Code     4  stm32f10x_tim.o(.text)
    TIM_SetCompare4                          0x08001b73   Thumb Code     6  stm32f10x_tim.o(.text)
    TIM_SetClockDivision                     0x08001b79   Thumb Code    16  stm32f10x_tim.o(.text)
    TIM_GetCapture1                          0x08001b89   Thumb Code     4  stm32f10x_tim.o(.text)
    TIM_GetCapture2                          0x08001b8d   Thumb Code     4  stm32f10x_tim.o(.text)
    TIM_GetCapture3                          0x08001b91   Thumb Code     4  stm32f10x_tim.o(.text)
    TIM_GetCapture4                          0x08001b95   Thumb Code     6  stm32f10x_tim.o(.text)
    TIM_GetCounter                           0x08001b9b   Thumb Code     4  stm32f10x_tim.o(.text)
    TIM_GetPrescaler                         0x08001b9f   Thumb Code     4  stm32f10x_tim.o(.text)
    TIM_GetFlagStatus                        0x08001ba3   Thumb Code    14  stm32f10x_tim.o(.text)
    TIM_ClearFlag                            0x08001bb1   Thumb Code     6  stm32f10x_tim.o(.text)
    TIM_GetITStatus                          0x08001bb7   Thumb Code    24  stm32f10x_tim.o(.text)
    TIM_ClearITPendingBit                    0x08001bcf   Thumb Code     6  stm32f10x_tim.o(.text)
    ADC_DeInit                               0x08001bd5   Thumb Code    56  stm32f10x_adc.o(.text)
    ADC_Init                                 0x08001c0d   Thumb Code    62  stm32f10x_adc.o(.text)
    ADC_StructInit                           0x08001c4b   Thumb Code    18  stm32f10x_adc.o(.text)
    ADC_Cmd                                  0x08001c5d   Thumb Code    20  stm32f10x_adc.o(.text)
    ADC_DMACmd                               0x08001c71   Thumb Code    20  stm32f10x_adc.o(.text)
    ADC_ITConfig                             0x08001c85   Thumb Code    18  stm32f10x_adc.o(.text)
    ADC_ResetCalibration                     0x08001c97   Thumb Code    10  stm32f10x_adc.o(.text)
    ADC_GetResetCalibrationStatus            0x08001ca1   Thumb Code    14  stm32f10x_adc.o(.text)
    ADC_StartCalibration                     0x08001caf   Thumb Code    10  stm32f10x_adc.o(.text)
    ADC_GetCalibrationStatus                 0x08001cb9   Thumb Code    14  stm32f10x_adc.o(.text)
    ADC_SoftwareStartConvCmd                 0x08001cc7   Thumb Code    20  stm32f10x_adc.o(.text)
    ADC_GetSoftwareStartConvStatus           0x08001cdb   Thumb Code    14  stm32f10x_adc.o(.text)
    ADC_DiscModeChannelCountConfig           0x08001ce9   Thumb Code    16  stm32f10x_adc.o(.text)
    ADC_DiscModeCmd                          0x08001cf9   Thumb Code    20  stm32f10x_adc.o(.text)
    ADC_RegularChannelConfig                 0x08001d0d   Thumb Code   116  stm32f10x_adc.o(.text)
    ADC_ExternalTrigConvCmd                  0x08001d81   Thumb Code    20  stm32f10x_adc.o(.text)
    ADC_GetConversionValue                   0x08001d95   Thumb Code     6  stm32f10x_adc.o(.text)
    ADC_GetDualModeConversionValue           0x08001d9b   Thumb Code     8  stm32f10x_adc.o(.text)
    ADC_AutoInjectedConvCmd                  0x08001da3   Thumb Code    20  stm32f10x_adc.o(.text)
    ADC_InjectedDiscModeCmd                  0x08001db7   Thumb Code    20  stm32f10x_adc.o(.text)
    ADC_ExternalTrigInjectedConvConfig       0x08001dcb   Thumb Code    12  stm32f10x_adc.o(.text)
    ADC_ExternalTrigInjectedConvCmd          0x08001dd7   Thumb Code    20  stm32f10x_adc.o(.text)
    ADC_SoftwareStartInjectedConvCmd         0x08001deb   Thumb Code    20  stm32f10x_adc.o(.text)
    ADC_GetSoftwareStartInjectedConvCmdStatus 0x08001dff   Thumb Code    14  stm32f10x_adc.o(.text)
    ADC_InjectedChannelConfig                0x08001e0d   Thumb Code    74  stm32f10x_adc.o(.text)
    ADC_InjectedSequencerLengthConfig        0x08001e57   Thumb Code    16  stm32f10x_adc.o(.text)
    ADC_SetInjectedOffset                    0x08001e67   Thumb Code    10  stm32f10x_adc.o(.text)
    ADC_GetInjectedConversionValue           0x08001e71   Thumb Code    14  stm32f10x_adc.o(.text)
    ADC_AnalogWatchdogCmd                    0x08001e7f   Thumb Code    12  stm32f10x_adc.o(.text)
    ADC_AnalogWatchdogThresholdsConfig       0x08001e8b   Thumb Code     6  stm32f10x_adc.o(.text)
    ADC_AnalogWatchdogSingleChannelConfig    0x08001e91   Thumb Code    12  stm32f10x_adc.o(.text)
    ADC_TempSensorVrefintCmd                 0x08001e9d   Thumb Code    24  stm32f10x_adc.o(.text)
    ADC_GetFlagStatus                        0x08001eb5   Thumb Code    14  stm32f10x_adc.o(.text)
    ADC_ClearFlag                            0x08001ec3   Thumb Code     6  stm32f10x_adc.o(.text)
    ADC_GetITStatus                          0x08001ec9   Thumb Code    28  stm32f10x_adc.o(.text)
    ADC_ClearITPendingBit                    0x08001ee5   Thumb Code     8  stm32f10x_adc.o(.text)
    DMA_DeInit                               0x08001f05   Thumb Code   218  stm32f10x_dma.o(.text)
    DMA_Init                                 0x08001fdf   Thumb Code    58  stm32f10x_dma.o(.text)
    DMA_StructInit                           0x08002019   Thumb Code    26  stm32f10x_dma.o(.text)
    DMA_Cmd                                  0x08002033   Thumb Code    22  stm32f10x_dma.o(.text)
    DMA_ITConfig                             0x08002049   Thumb Code    16  stm32f10x_dma.o(.text)
    DMA_SetCurrDataCounter                   0x08002059   Thumb Code     4  stm32f10x_dma.o(.text)
    DMA_GetCurrDataCounter                   0x0800205d   Thumb Code     6  stm32f10x_dma.o(.text)
    DMA_GetFlagStatus                        0x08002063   Thumb Code    28  stm32f10x_dma.o(.text)
    DMA_ClearFlag                            0x0800207f   Thumb Code    20  stm32f10x_dma.o(.text)
    DMA_GetITStatus                          0x08002093   Thumb Code    28  stm32f10x_dma.o(.text)
    DMA_ClearITPendingBit                    0x080020af   Thumb Code    20  stm32f10x_dma.o(.text)
    DAC_DeInit                               0x080020cd   Thumb Code    24  stm32f10x_dac.o(.text)
    DAC_Init                                 0x080020e5   Thumb Code    36  stm32f10x_dac.o(.text)
    DAC_StructInit                           0x08002109   Thumb Code    12  stm32f10x_dac.o(.text)
    DAC_Cmd                                  0x08002115   Thumb Code    20  stm32f10x_dac.o(.text)
    DAC_ITConfig                             0x08002129   Thumb Code    18  stm32f10x_dac.o(.text)
    DAC_DMACmd                               0x0800213b   Thumb Code    20  stm32f10x_dac.o(.text)
    DAC_SoftwareTriggerCmd                   0x0800214f   Thumb Code    26  stm32f10x_dac.o(.text)
    DAC_DualSoftwareTriggerCmd               0x08002169   Thumb Code    24  stm32f10x_dac.o(.text)
    DAC_WaveGenerationCmd                    0x08002181   Thumb Code    18  stm32f10x_dac.o(.text)
    DAC_SetChannel1Data                      0x08002193   Thumb Code    14  stm32f10x_dac.o(.text)
    DAC_SetChannel2Data                      0x080021a1   Thumb Code    14  stm32f10x_dac.o(.text)
    DAC_SetDualChannelData                   0x080021af   Thumb Code    22  stm32f10x_dac.o(.text)
    DAC_GetDataOutputValue                   0x080021c5   Thumb Code    18  stm32f10x_dac.o(.text)
    DAC_GetFlagStatus                        0x080021d7   Thumb Code    20  stm32f10x_dac.o(.text)
    DAC_ClearFlag                            0x080021eb   Thumb Code    10  stm32f10x_dac.o(.text)
    DAC_GetITStatus                          0x080021f5   Thumb Code    30  stm32f10x_dac.o(.text)
    DAC_ClearITPendingBit                    0x08002213   Thumb Code    10  stm32f10x_dac.o(.text)
    EXTI_DeInit                              0x08002221   Thumb Code    28  stm32f10x_exti.o(.text)
    EXTI_Init                                0x0800223d   Thumb Code   108  stm32f10x_exti.o(.text)
    EXTI_StructInit                          0x080022a9   Thumb Code    14  stm32f10x_exti.o(.text)
    EXTI_GenerateSWInterrupt                 0x080022b7   Thumb Code    12  stm32f10x_exti.o(.text)
    EXTI_GetFlagStatus                       0x080022c3   Thumb Code    18  stm32f10x_exti.o(.text)
    EXTI_ClearFlag                           0x080022d5   Thumb Code     8  stm32f10x_exti.o(.text)
    EXTI_GetITStatus                         0x080022dd   Thumb Code    28  stm32f10x_exti.o(.text)
    EXTI_ClearITPendingBit                   0x080022f9   Thumb Code     8  stm32f10x_exti.o(.text)
    IWDG_WriteAccessCmd                      0x08002309   Thumb Code     6  stm32f10x_iwdg.o(.text)
    IWDG_SetPrescaler                        0x0800230f   Thumb Code     6  stm32f10x_iwdg.o(.text)
    IWDG_SetReload                           0x08002315   Thumb Code     6  stm32f10x_iwdg.o(.text)
    IWDG_ReloadCounter                       0x0800231b   Thumb Code    10  stm32f10x_iwdg.o(.text)
    IWDG_Enable                              0x08002325   Thumb Code    10  stm32f10x_iwdg.o(.text)
    IWDG_GetFlagStatus                       0x0800232f   Thumb Code    16  stm32f10x_iwdg.o(.text)
    PWR_DeInit                               0x08002345   Thumb Code    24  stm32f10x_pwr.o(.text)
    PWR_BackupAccessCmd                      0x0800235d   Thumb Code     6  stm32f10x_pwr.o(.text)
    PWR_PVDCmd                               0x08002363   Thumb Code     6  stm32f10x_pwr.o(.text)
    PWR_PVDLevelConfig                       0x08002369   Thumb Code    14  stm32f10x_pwr.o(.text)
    PWR_WakeUpPinCmd                         0x08002377   Thumb Code     8  stm32f10x_pwr.o(.text)
    PWR_EnterSTOPMode                        0x0800237f   Thumb Code    42  stm32f10x_pwr.o(.text)
    PWR_EnterSTANDBYMode                     0x080023a9   Thumb Code    32  stm32f10x_pwr.o(.text)
    PWR_GetFlagStatus                        0x080023c9   Thumb Code    16  stm32f10x_pwr.o(.text)
    PWR_ClearFlag                            0x080023d9   Thumb Code    12  stm32f10x_pwr.o(.text)
    NMI_Handler                              0x080023f1   Thumb Code     2  stm32f10x_it.o(.text)
    HardFault_Handler                        0x080023f3   Thumb Code     2  stm32f10x_it.o(.text)
    MemManage_Handler                        0x080023f5   Thumb Code     2  stm32f10x_it.o(.text)
    BusFault_Handler                         0x080023f7   Thumb Code     2  stm32f10x_it.o(.text)
    UsageFault_Handler                       0x080023f9   Thumb Code     2  stm32f10x_it.o(.text)
    SVC_Handler                              0x080023fb   Thumb Code     2  stm32f10x_it.o(.text)
    DebugMon_Handler                         0x080023fd   Thumb Code     2  stm32f10x_it.o(.text)
    PendSV_Handler                           0x080023ff   Thumb Code     2  stm32f10x_it.o(.text)
    SysTick_Handler                          0x08002401   Thumb Code     2  stm32f10x_it.o(.text)
    EXTI9_5_IRQHandler                       0x08002403   Thumb Code     2  stm32f10x_it.o(.text)
    USART1_IRQHandler                        0x08002405   Thumb Code     2  stm32f10x_it.o(.text)
    SMG_data_update                          0x08002409   Thumb Code    36  display.o(.text)
    ButtonMappingDisplay                     0x0800242d   Thumb Code    82  display.o(.text)
    takeoffLED                               0x0800247f   Thumb Code    22  display.o(.text)
    GetIntNumber                             0x08002495   Thumb Code    24  display.o(.text)
    SMG_DisplayModeONE                       0x080024ad   Thumb Code   228  display.o(.text)
    SMG_DisplayModeONE_Detect_AREA_HI        0x08002591   Thumb Code   252  display.o(.text)
    SMG_DisplayModeONE_Detect_AREA_LO        0x0800268d   Thumb Code   250  display.o(.text)
    SMG_DisplayModeTWO                       0x08002787   Thumb Code    38  display.o(.text)
    SMG_DisplayModeTHIRD                     0x080027ad   Thumb Code   144  display.o(.text)
    SMG_DisplayModeDETECT                    0x0800283d   Thumb Code    48  display.o(.text)
    SMG_DisplaSV                             0x0800286d   Thumb Code   156  display.o(.text)
    SMG_DisplaCSV                            0x08002909   Thumb Code   158  display.o(.text)
    SMG_DisplayFSV                           0x080029a7   Thumb Code   158  display.o(.text)
    SMG_DisplayMenuTwo_TOFF                  0x08002a45   Thumb Code    52  display.o(.text)
    SMG_DisplayMenuTwo_OFFD                  0x08002a79   Thumb Code    52  display.o(.text)
    SMG_DisplayMenuTwo_OFFD_SET              0x08002aad   Thumb Code   264  display.o(.text)
    SMG_DisplayMenuTwo_ON_Delay              0x08002bb5   Thumb Code    52  display.o(.text)
    SMG_DisplayMenuTwo_ON_Delay_SET          0x08002be9   Thumb Code   280  display.o(.text)
    SMG_DisplayMenuTwo_SHOT                  0x08002d01   Thumb Code    54  display.o(.text)
    SMG_DisplayMenuTwo_SHOT_SET              0x08002d37   Thumb Code   266  display.o(.text)
    SMG_DisplayMenuTwo_DEL                   0x08002e41   Thumb Code    50  display.o(.text)
    SMG_DisplayMenuTwo_DEL_SET               0x08002e73   Thumb Code   264  display.o(.text)
    SMG_DisplaySET_Step_1_Mode               0x08002f7b   Thumb Code   214  display.o(.text)
    SMG_DisplaySET_Step_2_Mode               0x08003051   Thumb Code   226  display.o(.text)
    SMG_DisplayOUT_STATUS                    0x08003133   Thumb Code    62  display.o(.text)
    END_Display                              0x08003171   Thumb Code    50  display.o(.text)
    Dust_Display                             0x080031a3   Thumb Code    30  display.o(.text)
    ParameterDisplay                         0x080031c1   Thumb Code    28  display.o(.text)
    SMG_DisplayATT100                        0x080031dd   Thumb Code   210  display.o(.text)
    SMG_DisplayPERCENTAGE                    0x080032af   Thumb Code    78  display.o(.text)
    SMG_DisplayMenuDSC                       0x080032fd   Thumb Code    40  display.o(.text)
    SMG_Init                                 0x08003325   Thumb Code     2  display.o(.text)
    send_seg_RP0                             0x08003327   Thumb Code   140  display.o(.text)
    send_bit_RP1                             0x080033b3   Thumb Code   134  display.o(.text)
    SMG_Diplay                               0x08003439   Thumb Code    66  display.o(.text)
    Button_Init                              0x0800349d   Thumb Code   156  key.o(.text)
    PressCallback                            0x08003539   Thumb Code    70  key.o(.text)
    ReadButtonStatus                         0x0800357f   Thumb Code    38  key.o(.text)
    Key_Scan                                 0x080035a5   Thumb Code   338  key.o(.text)
    MenuTwo_OUT1_SHOT                        0x08003701   Thumb Code   552  menu.o(.text)
    MenuTwo_OUT1_ON_D                        0x08003929   Thumb Code   614  menu.o(.text)
    MenuTwo_OUT1_OFFD                        0x08003b8f   Thumb Code   452  menu.o(.text)
    MenuTwo_OUT1_TOFF                        0x08003d53   Thumb Code    30  menu.o(.text)
    MenuTwo_OUT1_DelaySET                    0x08003d71   Thumb Code   372  menu.o(.text)
    MenuOne_CSV                              0x08003ee5   Thumb Code   480  menu.o(.text)
    MenuTwo_DEL                              0x080040c5   Thumb Code   466  menu.o(.text)
    menu                                     0x08004297   Thumb Code   396  menu.o(.text)
    MenuOne_ATT100                           0x08004423   Thumb Code   342  menu.o(.text)
    Menu_PERCENTAGE                          0x08004579   Thumb Code   360  menu.o(.text)
    Menu_DSC                                 0x080046e1   Thumb Code   110  menu.o(.text)
    MenuOne_SV                               0x0800474f   Thumb Code   374  menu.o(.text)
    MenuOne_FSV                              0x080048c5   Thumb Code   334  menu.o(.text)
    InitInternalFlash                        0x08004a29   Thumb Code    34  flash.o(.text)
    WriteInternalFlash                       0x08004a4b   Thumb Code    36  flash.o(.text)
    ProtectionFlashReadOUT                   0x08004a6f   Thumb Code    20  flash.o(.text)
    EraseFlash                               0x08004a83   Thumb Code    88  flash.o(.text)
    WriteFlash                               0x08004adb   Thumb Code    54  flash.o(.text)
    ReadFlash                                0x08004b11   Thumb Code    26  flash.o(.text)
    fputc                                    0x08004b69   Thumb Code    30  main.o(.text)
    DelaymsSet                               0x08004b87   Thumb Code    10  main.o(.text)
    TIM4_IRQHandler                          0x08004b91   Thumb Code    30  main.o(.text)
    TIM2_IRQHandler                          0x08004baf   Thumb Code    30  main.o(.text)
    TIM1_BRK_UP_TRG_COM_IRQHandler           0x08004bcd   Thumb Code    30  main.o(.text)
    TIM3_IRQHandler                          0x08004beb   Thumb Code    30  main.o(.text)
    PVD_IRQHandler                           0x08004c09   Thumb Code    28  main.o(.text)
    bsp_init                                 0x08004c25   Thumb Code    40  main.o(.text)
    ProgramCheck                             0x08004c4d   Thumb Code    40  main.o(.text)
    IWDG_Config                              0x08004c75   Thumb Code    48  main.o(.text)
    Formula_100                              0x08004ca5   Thumb Code   126  main.o(.text)
    FlashCheck                               0x08004d23   Thumb Code    60  main.o(.text)
    main                                     0x08004d5f   Thumb Code    38  main.o(.text)
    Formula_CRC16                            0x08004d85   Thumb Code    58  main.o(.text)
    DeleteMaxAndMinGetAverage                0x08004de5   Thumb Code    70  project.o(.text)
    GetSum                                   0x08004e2b   Thumb Code    24  project.o(.text)
    GetAverage                               0x08004e43   Thumb Code    26  project.o(.text)
    ClearData                                0x08004e5d   Thumb Code    16  project.o(.text)
    JudgeDX                                  0x08004e6d   Thumb Code   134  project.o(.text)
    SetOUT2Status                            0x08004ef3   Thumb Code    60  project.o(.text)
    SetOUT1Status                            0x08004f2f   Thumb Code   246  project.o(.text)
    DMA1_Channel1_IRQHandler                 0x08005025   Thumb Code   234  project.o(.text)
    delayus                                  0x0800510f   Thumb Code    18  project.o(.text)
    Get_Adc                                  0x08005121   Thumb Code    46  project.o(.text)
    Get_Adc_Average                          0x0800514f   Thumb Code    48  project.o(.text)
    SetRegisterAandOUT                       0x0800517f   Thumb Code   110  project.o(.text)
    Test_Delay                               0x080051ed   Thumb Code    22  project.o(.text)
    ResetParameter                           0x08005203   Thumb Code   364  project.o(.text)
    ButtonMapping                            0x0800536f   Thumb Code   374  project.o(.text)
    DisplayModeTHIRD                         0x080054e5   Thumb Code    26  project.o(.text)
    DisplayMODE                              0x080054ff   Thumb Code    80  project.o(.text)
    GetEEPROM                                0x0800554f   Thumb Code   130  project.o(.text)
    Main_Function                            0x080055d1   Thumb Code   176  project.o(.text)
    DisplayModeONE_STD                       0x08005681   Thumb Code   466  project.o(.text)
    DisplayModeONE_AREA                      0x08005853   Thumb Code   878  project.o(.text)
    DisplayModeONE                           0x08005bc1   Thumb Code    34  project.o(.text)
    DisplayModeTWO                           0x08005be3   Thumb Code   104  project.o(.text)
    SetRegisterA                             0x08005c4b   Thumb Code   162  project.o(.text)
    SetOUT3Status                            0x08005ced   Thumb Code    24  project.o(.text)
    ShortCircuitProtection                   0x08005d05   Thumb Code    62  project.o(.text)
    RCC_Configuration                        0x08005d5d   Thumb Code    94  bsp_init.o(.text)
    SMG_GPIO_INIT                            0x08005dbb   Thumb Code   508  bsp_init.o(.text)
    IO_GPIO_INIT                             0x08005fb7   Thumb Code   156  bsp_init.o(.text)
    TIM4_init                                0x08006053   Thumb Code   174  bsp_init.o(.text)
    TIM3_init                                0x08006101   Thumb Code   112  bsp_init.o(.text)
    TIM2_PWM_OUT_Init                        0x08006171   Thumb Code   208  bsp_init.o(.text)
    TIM2_init                                0x08006241   Thumb Code   114  bsp_init.o(.text)
    TIM1_Init                                0x080062b3   Thumb Code   196  bsp_init.o(.text)
    ADC1_GPIO_Config                         0x08006377   Thumb Code    32  bsp_init.o(.text)
    ADC1_DMA1_Init                           0x08006397   Thumb Code   128  bsp_init.o(.text)
    ADC1_Init                                0x08006417   Thumb Code   112  bsp_init.o(.text)
    ADC1_Configuration                       0x08006487   Thumb Code    12  bsp_init.o(.text)
    DAC_GPIO_Init                            0x08006493   Thumb Code    32  bsp_init.o(.text)
    DAC_OUT_Init                             0x080064b3   Thumb Code    44  bsp_init.o(.text)
    DAC_Configuration                        0x080064df   Thumb Code    12  bsp_init.o(.text)
    EXTI_Configuration                       0x080064eb   Thumb Code    40  bsp_init.o(.text)
    NVIC_Configuration                       0x08006513   Thumb Code    38  bsp_init.o(.text)
    PVD_init                                 0x08006539   Thumb Code    36  bsp_init.o(.text)
    __use_two_region_memory                  0x08006571   Thumb Code     2  heapauxi.o(.text)
    __rt_heap_escrow$2region                 0x08006573   Thumb Code     2  heapauxi.o(.text)
    __rt_heap_expand$2region                 0x08006575   Thumb Code     2  heapauxi.o(.text)
    __user_setup_stackheap                   0x08006577   Thumb Code    74  sys_stackheap_outer.o(.text)
    exit                                     0x080065c1   Thumb Code    18  exit.o(.text)
    __user_libspace                          0x080065d5   Thumb Code     8  libspace.o(.text)
    __user_perproc_libspace                  0x080065d5   Thumb Code     0  libspace.o(.text)
    __user_perthread_libspace                0x080065d5   Thumb Code     0  libspace.o(.text)
    _sys_exit                                0x080065dd   Thumb Code     8  sys_exit.o(.text)
    __I$use$semihosting                      0x080065e9   Thumb Code     0  use_no_semi.o(.text)
    __use_no_semihosting_swi                 0x080065e9   Thumb Code     2  use_no_semi.o(.text)
    __semihosting_library_function           0x080065eb   Thumb Code     0  indicate_semi.o(.text)
    __aeabi_fadd                             0x080065ed   Thumb Code     0  faddsub_clz.o(x$fpl$fadd)
    _fadd                                    0x080065ed   Thumb Code   196  faddsub_clz.o(x$fpl$fadd)
    __fpl_fcheck_NaN1                        0x080066b1   Thumb Code     6  fcheck1.o(x$fpl$fcheck1)
    __aeabi_f2iz                             0x080066bd   Thumb Code     0  ffix.o(x$fpl$ffix)
    _ffix                                    0x080066bd   Thumb Code    54  ffix.o(x$fpl$ffix)
    __aeabi_i2f                              0x080066f5   Thumb Code     0  fflt_clz.o(x$fpl$fflt)
    _fflt                                    0x080066f5   Thumb Code    48  fflt_clz.o(x$fpl$fflt)
    __aeabi_ui2f                             0x08006725   Thumb Code     0  fflt_clz.o(x$fpl$ffltu)
    _ffltu                                   0x08006725   Thumb Code    38  fflt_clz.o(x$fpl$ffltu)
    __fpl_fnaninf                            0x0800674b   Thumb Code   140  fnaninf.o(x$fpl$fnaninf)
    __fpl_fretinf                            0x080067d7   Thumb Code    10  fretinf.o(x$fpl$fretinf)
    __aeabi_fsub                             0x080067e1   Thumb Code     0  faddsub_clz.o(x$fpl$fsub)
    _fsub                                    0x080067e1   Thumb Code   234  faddsub_clz.o(x$fpl$fsub)
    __fpl_return_NaN                         0x080068cb   Thumb Code   100  retnan.o(x$fpl$retnan)
    __ARM_scalbnf                            0x0800692f   Thumb Code    76  scalbnf.o(x$fpl$scalbnf)
    __fpl_cmpreturn                          0x0800697b   Thumb Code    48  trapv.o(x$fpl$trapveneer)
    __I$use$fp                               0x080069aa   Number         0  usenofp.o(x$fpl$usenofp)
    data_SMG_bit_table                       0x080069aa   Data          18  display.o(.constdata)
    data_SMG_seg_table                       0x080069bc   Data          80  display.o(.constdata)
    Region$$Table$$Base                      0x08006a0c   Number         0  anon$$obj.o(Region$$Table)
    Region$$Table$$Limit                     0x08006a2c   Number         0  anon$$obj.o(Region$$Table)
    SystemCoreClock                          0x20000000   Data           4  system_stm32f10x.o(.data)
    AHBPrescTable                            0x20000004   Data          16  system_stm32f10x.o(.data)
    SMG_BIT                                  0x20000028   Data           1  display.o(.data)
    SMG_Data                                 0x20000034   Data           8  display.o(.data)
    PERCENTAGE                               0x2000003c   Data           1  menu.o(.data)
    DSC                                      0x2000003d   Data           1  menu.o(.data)
    DispalyNo                                0x2000003e   Data           1  menu.o(.data)
    MenuFlashflag                            0x2000003f   Data           1  menu.o(.data)
    FSV                                      0x2000004c   Data           2  menu.o(.data)
    ATT100                                   0x2000004e   Data           2  menu.o(.data)
    CSV                                      0x20000050   Data           4  menu.o(.data)
    SV                                       0x20000054   Data           4  menu.o(.data)
    key_time                                 0x20000058   Data           4  menu.o(.data)
    OUT1_Mode                                0x2000005c   Data           8  menu.o(.data)
    tempflashdata                            0x20000064   Data           4  flash.o(.data)
    selfDisplayEndFlay                       0x20000068   Data           1  selfstudy.o(.data)
    CalibrateS1Value                         0x2000006c   Data           4  selfstudy.o(.data)
    CalibrateS2Value                         0x20000070   Data           4  selfstudy.o(.data)
    NewThreshold                             0x20000074   Data           4  selfstudy.o(.data)
    S_MaxValue                               0x20000078   Data           4  selfstudy.o(.data)
    SA_MaxValue                              0x2000007c   Data           4  selfstudy.o(.data)
    SB_MaxValue                              0x20000080   Data           4  selfstudy.o(.data)
    CheckFLag                                0x20000084   Data           1  main.o(.data)
    Fml_CRC16                                0x20000086   Data           2  main.o(.data)
    ProgramCounter                           0x20000088   Data           4  main.o(.data)
    UID                                      0x2000008c   Data           4  main.o(.data)
    C                                        0x20000090   Data           4  main.o(.data)
    FormulaResult                            0x20000094   Data           4  main.o(.data)
    FormulaCheck                             0x20000098   Data           4  main.o(.data)
    UIDFlashResult                           0x2000009c   Data           4  main.o(.data)
    StartFLag                                0x200000a0   Data           1  main.o(.data)
    Fml_Constant                             0x200000a4   Data           4  main.o(.data)
    timeflag                                 0x200000a8   Data           1  project.o(.data)
    LastOUT1                                 0x200000a9   Data           1  project.o(.data)
    RegisterA                                0x200000aa   Data           1  project.o(.data)
    LastRegisterA                            0x200000ab   Data           1  project.o(.data)
    RegisterB                                0x200000ac   Data           1  project.o(.data)
    RegisterC                                0x200000ad   Data           1  project.o(.data)
    OUT1                                     0x200000ae   Data           1  project.o(.data)
    OUT2                                     0x200000af   Data           1  project.o(.data)
    OUT3                                     0x200000b0   Data           1  project.o(.data)
    PVD_Flag                                 0x200000b1   Data           1  project.o(.data)
    KeyEnterFlag                             0x200000b2   Data           1  project.o(.data)
    KEY                                      0x200000b3   Data           1  project.o(.data)
    ConfirmShortCircuit                      0x200000b4   Data           1  project.o(.data)
    KeyLockFlag                              0x200000b5   Data           1  project.o(.data)
    EventFlag                                0x200000b6   Data           1  project.o(.data)
    ShortCircuit                             0x200000b7   Data           1  project.o(.data)
    displayModeONE_FLAG                      0x200000b8   Data           1  project.o(.data)
    DisplayModeNo                            0x200000b9   Data           1  project.o(.data)
    SX_Index                                 0x200000ba   Data           1  project.o(.data)
    sample_finish                            0x200000bb   Data           1  project.o(.data)
    DMA_Counter                              0x200000bc   Data           1  project.o(.data)
    CheckCounter                             0x200000bd   Data           1  project.o(.data)
    REGISTER_AI_0                            0x200000be   Data           1  project.o(.data)
    REGISTER_AI_1                            0x200000bf   Data           1  project.o(.data)
    testflag                                 0x200000c0   Data           1  project.o(.data)
    SHOTflag                                 0x200000c1   Data           1  project.o(.data)
    CPV_Status                               0x200000c2   Data           1  project.o(.data)
    LastDSC                                  0x200000c6   Data           1  project.o(.data)
    DEL                                      0x200000c8   Data           2  project.o(.data)
    HI                                       0x200000ca   Data           2  project.o(.data)
    LO                                       0x200000cc   Data           2  project.o(.data)
    OUT2_TimerCounter                        0x200000ce   Data           2  project.o(.data)
    OUT3_TimerCounter                        0x200000d0   Data           2  project.o(.data)
    Threshold                                0x200000d2   Data           2  project.o(.data)
    DX                                       0x200000d4   Data           2  project.o(.data)
    S1024_Index                              0x200000d6   Data           2  project.o(.data)
    DMA_ADC_Counter                          0x200000d8   Data           2  project.o(.data)
    DealyBaseTime                            0x200000e0   Data           4  project.o(.data)
    ADC_Display                              0x200000e4   Data           4  project.o(.data)
    DACOUT1                                  0x200000e8   Data           4  project.o(.data)
    CPV                                      0x200000ec   Data           4  project.o(.data)
    ShortCircuitCounter                      0x200000f0   Data           4  project.o(.data)
    ShortCircuitLastTime                     0x200000f4   Data           4  project.o(.data)
    ShortCircuitTimer                        0x200000f8   Data           4  project.o(.data)
    SA_Sum                                   0x200000fc   Data           4  project.o(.data)
    SA_Final                                 0x20000100   Data           4  project.o(.data)
    S_Total_Final                            0x20000104   Data           4  project.o(.data)
    S_Total_SUM                              0x20000108   Data           4  project.o(.data)
    S_SET                                    0x2000010c   Data           4  project.o(.data)
    TX                                       0x20000110   Data           4  project.o(.data)
    S1024                                    0x20000114   Data           4  project.o(.data)
    S1024_Sum                                0x20000118   Data           4  project.o(.data)
    ADC_Start_Counter                        0x2000011c   Data           4  project.o(.data)
    DACOriginalValue                         0x20000120   Data           4  project.o(.data)
    KeytempPress                             0x20000124   Data           4  project.o(.data)
    timenum                                  0x20000128   Data           4  project.o(.data)
    DX_Flag                                  0x2000012c   Data           1  project.o(.data)
    SMG_data_Decode_table                    0x20000130   Data           9  display.o(.bss)
    SetButton                                0x2000013c   Data          32  key.o(.bss)
    ModeButton                               0x2000015c   Data          32  key.o(.bss)
    UpButton                                 0x2000017c   Data          32  key.o(.bss)
    DownButton                               0x2000019c   Data          32  key.o(.bss)
    SysClock                                 0x200001bc   Data          20  main.o(.bss)
    D                                        0x200001d0   Data          12  main.o(.bss)
    SX_Final                                 0x200001dc   Data         128  project.o(.bss)
    adc_dma_tab                              0x2000025c   Data          32  bsp_init.o(.bss)
    __libspace_start                         0x2000027c   Data          96  libspace.o(.bss)
    __temporary_stack_top$libspace           0x200002dc   Data           0  libspace.o(.bss)



==============================================================================

Memory Map of the image

  Image Entry point : 0x080000ed

  Load Region LR_IROM1 (Base: 0x08000000, Size: 0x00006b5c, Max: 0x00010000, ABSOLUTE, COMPRESSED[0x00006a84])

    Execution Region ER_IROM1 (Exec base: 0x08000000, Load base: 0x08000000, Size: 0x00006a2c, Max: 0x00010000, ABSOLUTE)

    Exec Addr    Load Addr    Size         Type   Attr      Idx    E Section Name        Object

    0x08000000   0x08000000   0x000000ec   Data   RO           59    RESET               startup_stm32f10x_md.o
    0x080000ec   0x080000ec   0x00000008   Code   RO          563  * !!!main             c_w.l(__main.o)
    0x080000f4   0x080000f4   0x00000034   Code   RO          755    !!!scatter          c_w.l(__scatter.o)
    0x08000128   0x08000128   0x0000005a   Code   RO          753    !!dczerorl2         c_w.l(__dczerorl2.o)
    0x08000182   0x08000182   0x00000002   PAD
    0x08000184   0x08000184   0x0000001c   Code   RO          757    !!handler_zi        c_w.l(__scatter_zi.o)
    0x080001a0   0x080001a0   0x00000002   Code   RO          621    .ARM.Collect$$libinit$$00000000  c_w.l(libinit.o)
    0x080001a2   0x080001a2   0x00000000   Code   RO          630    .ARM.Collect$$libinit$$00000002  c_w.l(libinit2.o)
    0x080001a2   0x080001a2   0x00000000   Code   RO          632    .ARM.Collect$$libinit$$00000004  c_w.l(libinit2.o)
    0x080001a2   0x080001a2   0x00000000   Code   RO          635    .ARM.Collect$$libinit$$0000000A  c_w.l(libinit2.o)
    0x080001a2   0x080001a2   0x00000000   Code   RO          637    .ARM.Collect$$libinit$$0000000C  c_w.l(libinit2.o)
    0x080001a2   0x080001a2   0x00000000   Code   RO          639    .ARM.Collect$$libinit$$0000000E  c_w.l(libinit2.o)
    0x080001a2   0x080001a2   0x00000000   Code   RO          642    .ARM.Collect$$libinit$$00000011  c_w.l(libinit2.o)
    0x080001a2   0x080001a2   0x00000000   Code   RO          644    .ARM.Collect$$libinit$$00000013  c_w.l(libinit2.o)
    0x080001a2   0x080001a2   0x00000000   Code   RO          646    .ARM.Collect$$libinit$$00000015  c_w.l(libinit2.o)
    0x080001a2   0x080001a2   0x00000000   Code   RO          648    .ARM.Collect$$libinit$$00000017  c_w.l(libinit2.o)
    0x080001a2   0x080001a2   0x00000000   Code   RO          650    .ARM.Collect$$libinit$$00000019  c_w.l(libinit2.o)
    0x080001a2   0x080001a2   0x00000000   Code   RO          652    .ARM.Collect$$libinit$$0000001B  c_w.l(libinit2.o)
    0x080001a2   0x080001a2   0x00000000   Code   RO          654    .ARM.Collect$$libinit$$0000001D  c_w.l(libinit2.o)
    0x080001a2   0x080001a2   0x00000000   Code   RO          656    .ARM.Collect$$libinit$$0000001F  c_w.l(libinit2.o)
    0x080001a2   0x080001a2   0x00000000   Code   RO          658    .ARM.Collect$$libinit$$00000021  c_w.l(libinit2.o)
    0x080001a2   0x080001a2   0x00000000   Code   RO          660    .ARM.Collect$$libinit$$00000023  c_w.l(libinit2.o)
    0x080001a2   0x080001a2   0x00000000   Code   RO          662    .ARM.Collect$$libinit$$00000025  c_w.l(libinit2.o)
    0x080001a2   0x080001a2   0x00000000   Code   RO          666    .ARM.Collect$$libinit$$0000002C  c_w.l(libinit2.o)
    0x080001a2   0x080001a2   0x00000000   Code   RO          668    .ARM.Collect$$libinit$$0000002E  c_w.l(libinit2.o)
    0x080001a2   0x080001a2   0x00000000   Code   RO          670    .ARM.Collect$$libinit$$00000030  c_w.l(libinit2.o)
    0x080001a2   0x080001a2   0x00000000   Code   RO          672    .ARM.Collect$$libinit$$00000032  c_w.l(libinit2.o)
    0x080001a2   0x080001a2   0x00000002   Code   RO          673    .ARM.Collect$$libinit$$00000033  c_w.l(libinit2.o)
    0x080001a4   0x080001a4   0x00000002   Code   RO          693    .ARM.Collect$$libshutdown$$00000000  c_w.l(libshutdown.o)
    0x080001a6   0x080001a6   0x00000000   Code   RO          706    .ARM.Collect$$libshutdown$$00000002  c_w.l(libshutdown2.o)
    0x080001a6   0x080001a6   0x00000000   Code   RO          708    .ARM.Collect$$libshutdown$$00000004  c_w.l(libshutdown2.o)
    0x080001a6   0x080001a6   0x00000000   Code   RO          711    .ARM.Collect$$libshutdown$$00000007  c_w.l(libshutdown2.o)
    0x080001a6   0x080001a6   0x00000000   Code   RO          714    .ARM.Collect$$libshutdown$$0000000A  c_w.l(libshutdown2.o)
    0x080001a6   0x080001a6   0x00000000   Code   RO          716    .ARM.Collect$$libshutdown$$0000000C  c_w.l(libshutdown2.o)
    0x080001a6   0x080001a6   0x00000000   Code   RO          719    .ARM.Collect$$libshutdown$$0000000F  c_w.l(libshutdown2.o)
    0x080001a6   0x080001a6   0x00000002   Code   RO          720    .ARM.Collect$$libshutdown$$00000010  c_w.l(libshutdown2.o)
    0x080001a8   0x080001a8   0x00000000   Code   RO          587    .ARM.Collect$$rtentry$$00000000  c_w.l(__rtentry.o)
    0x080001a8   0x080001a8   0x00000000   Code   RO          596    .ARM.Collect$$rtentry$$00000002  c_w.l(__rtentry2.o)
    0x080001a8   0x080001a8   0x00000006   Code   RO          608    .ARM.Collect$$rtentry$$00000004  c_w.l(__rtentry4.o)
    0x080001ae   0x080001ae   0x00000000   Code   RO          598    .ARM.Collect$$rtentry$$00000009  c_w.l(__rtentry2.o)
    0x080001ae   0x080001ae   0x00000004   Code   RO          599    .ARM.Collect$$rtentry$$0000000A  c_w.l(__rtentry2.o)
    0x080001b2   0x080001b2   0x00000000   Code   RO          601    .ARM.Collect$$rtentry$$0000000C  c_w.l(__rtentry2.o)
    0x080001b2   0x080001b2   0x00000008   Code   RO          602    .ARM.Collect$$rtentry$$0000000D  c_w.l(__rtentry2.o)
    0x080001ba   0x080001ba   0x00000002   Code   RO          627    .ARM.Collect$$rtexit$$00000000  c_w.l(rtexit.o)
    0x080001bc   0x080001bc   0x00000000   Code   RO          675    .ARM.Collect$$rtexit$$00000002  c_w.l(rtexit2.o)
    0x080001bc   0x080001bc   0x00000004   Code   RO          676    .ARM.Collect$$rtexit$$00000003  c_w.l(rtexit2.o)
    0x080001c0   0x080001c0   0x00000006   Code   RO          677    .ARM.Collect$$rtexit$$00000004  c_w.l(rtexit2.o)
    0x080001c6   0x080001c6   0x00000002   PAD
    0x080001c8   0x080001c8   0x00000140   Code   RO           17    .text               system_stm32f10x.o
    0x08000308   0x08000308   0x00000040   Code   RO           60    .text               startup_stm32f10x_md.o
    0x08000348   0x08000348   0x000002d8   Code   RO           64    .text               stm32f10x_rcc.o
    0x08000620   0x08000620   0x00000328   Code   RO           82    .text               stm32f10x_usart.o
    0x08000948   0x08000948   0x0000026c   Code   RO           94    .text               stm32f10x_gpio.o
    0x08000bb4   0x08000bb4   0x000000b0   Code   RO          106    .text               misc.o
    0x08000c64   0x08000c64   0x0000047c   Code   RO          118    .text               stm32f10x_flash.o
    0x080010e0   0x080010e0   0x00000af4   Code   RO          134    .text               stm32f10x_tim.o
    0x08001bd4   0x08001bd4   0x00000330   Code   RO          150    .text               stm32f10x_adc.o
    0x08001f04   0x08001f04   0x000001c8   Code   RO          165    .text               stm32f10x_dma.o
    0x080020cc   0x080020cc   0x00000154   Code   RO          180    .text               stm32f10x_dac.o
    0x08002220   0x08002220   0x000000e8   Code   RO          195    .text               stm32f10x_exti.o
    0x08002308   0x08002308   0x0000003c   Code   RO          210    .text               stm32f10x_iwdg.o
    0x08002344   0x08002344   0x000000ac   Code   RO          225    .text               stm32f10x_pwr.o
    0x080023f0   0x080023f0   0x00000016   Code   RO          280    .text               stm32f10x_it.o
    0x08002406   0x08002406   0x00000002   PAD
    0x08002408   0x08002408   0x00001094   Code   RO          299    .text               display.o
    0x0800349c   0x0800349c   0x00000264   Code   RO          332    .text               key.o
    0x08003700   0x08003700   0x00001328   Code   RO          354    .text               menu.o
    0x08004a28   0x08004a28   0x00000140   Code   RO          387    .text               flash.o
    0x08004b68   0x08004b68   0x0000027c   Code   RO          443    .text               main.o
    0x08004de4   0x08004de4   0x00000f78   Code   RO          476    .text               project.o
    0x08005d5c   0x08005d5c   0x00000814   Code   RO          537    .text               bsp_init.o
    0x08006570   0x08006570   0x00000006   Code   RO          561    .text               c_w.l(heapauxi.o)
    0x08006576   0x08006576   0x0000004a   Code   RO          612    .text               c_w.l(sys_stackheap_outer.o)
    0x080065c0   0x080065c0   0x00000012   Code   RO          614    .text               c_w.l(exit.o)
    0x080065d2   0x080065d2   0x00000002   PAD
    0x080065d4   0x080065d4   0x00000008   Code   RO          624    .text               c_w.l(libspace.o)
    0x080065dc   0x080065dc   0x0000000c   Code   RO          685    .text               c_w.l(sys_exit.o)
    0x080065e8   0x080065e8   0x00000002   Code   RO          696    .text               c_w.l(use_no_semi.o)
    0x080065ea   0x080065ea   0x00000000   Code   RO          698    .text               c_w.l(indicate_semi.o)
    0x080065ea   0x080065ea   0x00000002   PAD
    0x080065ec   0x080065ec   0x000000c4   Code   RO          565    x$fpl$fadd          fz_ws.l(faddsub_clz.o)
    0x080066b0   0x080066b0   0x0000000c   Code   RO          588    x$fpl$fcheck1       fz_ws.l(fcheck1.o)
    0x080066bc   0x080066bc   0x00000036   Code   RO          571    x$fpl$ffix          fz_ws.l(ffix.o)
    0x080066f2   0x080066f2   0x00000002   PAD
    0x080066f4   0x080066f4   0x00000030   Code   RO          580    x$fpl$fflt          fz_ws.l(fflt_clz.o)
    0x08006724   0x08006724   0x00000026   Code   RO          579    x$fpl$ffltu         fz_ws.l(fflt_clz.o)
    0x0800674a   0x0800674a   0x0000008c   Code   RO          590    x$fpl$fnaninf       fz_ws.l(fnaninf.o)
    0x080067d6   0x080067d6   0x0000000a   Code   RO          592    x$fpl$fretinf       fz_ws.l(fretinf.o)
    0x080067e0   0x080067e0   0x000000ea   Code   RO          567    x$fpl$fsub          fz_ws.l(faddsub_clz.o)
    0x080068ca   0x080068ca   0x00000064   Code   RO          610    x$fpl$retnan        fz_ws.l(retnan.o)
    0x0800692e   0x0800692e   0x0000004c   Code   RO          585    x$fpl$scalbnf       fz_ws.l(scalbnf.o)
    0x0800697a   0x0800697a   0x00000030   Code   RO          622    x$fpl$trapveneer    fz_ws.l(trapv.o)
    0x080069aa   0x080069aa   0x00000000   Code   RO          594    x$fpl$usenofp       fz_ws.l(usenofp.o)
    0x080069aa   0x080069aa   0x00000062   Data   RO          301    .constdata          display.o
    0x08006a0c   0x08006a0c   0x00000020   Data   RO          751    Region$$Table       anon$$obj.o


    Execution Region RW_IRAM1 (Exec base: 0x20000000, Load base: 0x08006a2c, Size: 0x000008e0, Max: 0x00002000, ABSOLUTE, COMPRESSED[0x00000058])

    Exec Addr    Load Addr    Size         Type   Attr      Idx    E Section Name        Object

    0x20000000   COMPRESSED   0x00000014   Data   RW           18    .data               system_stm32f10x.o
    0x20000014   COMPRESSED   0x00000014   Data   RW           65    .data               stm32f10x_rcc.o
    0x20000028   COMPRESSED   0x00000014   Data   RW          302    .data               display.o
    0x2000003c   COMPRESSED   0x00000028   Data   RW          355    .data               menu.o
    0x20000064   COMPRESSED   0x00000004   Data   RW          399    .data               flash.o
    0x20000068   COMPRESSED   0x0000001c   Data   RW          417    .data               selfstudy.o
    0x20000084   COMPRESSED   0x0000001c   Data   RW          445    .data               main.o
    0x200000a0   COMPRESSED   0x00000001   Data   RW          447    .data               main.o
    0x200000a1   COMPRESSED   0x00000003   PAD
    0x200000a4   COMPRESSED   0x00000004   Data   RW          449    .data               main.o
    0x200000a8   COMPRESSED   0x00000084   Data   RW          482    .data               project.o
    0x2000012c   COMPRESSED   0x00000001   Data   RW          498    .data               project.o
    0x2000012d   COMPRESSED   0x00000003   PAD
    0x20000130        -       0x00000009   Zero   RW          300    .bss                display.o
    0x20000139   COMPRESSED   0x00000003   PAD
    0x2000013c        -       0x00000020   Zero   RW          333    .bss                key.o
    0x2000015c        -       0x00000060   Zero   RW          334    .bss                key.o
    0x200001bc        -       0x00000020   Zero   RW          444    .bss                main.o
    0x200001dc        -       0x00000080   Zero   RW          478    .bss                project.o
    0x2000025c        -       0x00000020   Zero   RW          538    .bss                bsp_init.o
    0x2000027c        -       0x00000060   Zero   RW          625    .bss                c_w.l(libspace.o)
    0x200002dc   COMPRESSED   0x00000004   PAD
    0x200002e0        -       0x00000200   Zero   RW           58    HEAP                startup_stm32f10x_md.o
    0x200004e0        -       0x00000400   Zero   RW           57    STACK               startup_stm32f10x_md.o


==============================================================================

Image component sizes


      Code (inc. data)   RO Data    RW Data    ZI Data      Debug   Object Name

      2068         44          0          0         32       5394   bsp_init.o
         0          0          0          0          0       4540   core_cm3.o
      4244         76         98         20          9      18135   display.o
       320         62          0          4          0       3061   flash.o
       612         10          0          0        128       3261   key.o
       636         38          0         33         32       6091   main.o
      4904        196          0         40          0       9977   menu.o
       176         14          0          0          0       1937   misc.o
      3960        210          0        133        128      15110   project.o
         0          0          0         28          0        838   selfstudy.o
        64         26        236          0       1536        892   startup_stm32f10x_md.o
       816         24          0          0          0      20437   stm32f10x_adc.o
       340          4          0          0          0      10005   stm32f10x_dac.o
       456         10          0          0          0      14626   stm32f10x_dma.o
       232          8          0          0          0       4679   stm32f10x_exti.o
      1148         22          0          0          0      15752   stm32f10x_flash.o
       620         36          0          0          0       5897   stm32f10x_gpio.o
        22          0          0          0          0       1391   stm32f10x_it.o
        60          6          0          0          0       1345   stm32f10x_iwdg.o
       172         12          0          0          0       2015   stm32f10x_pwr.o
       728         38          0         20          0       9418   stm32f10x_rcc.o
      2804         86          0          0          0      43442   stm32f10x_tim.o
       808         22          0          0          0       8820   stm32f10x_usart.o
       320         30          0         20          0     231911   system_stm32f10x.o

    ----------------------------------------------------------------------
     25512        974        366        304       1868     438974   Object Totals
         0          0         32          0          0          0   (incl. Generated)
         2          0          0          6          3          0   (incl. Padding)

    ----------------------------------------------------------------------

      Code (inc. data)   RO Data    RW Data    ZI Data      Debug   Library Member Name

        90          0          0          0          0          0   __dczerorl2.o
         8          0          0          0          0         68   __main.o
         0          0          0          0          0          0   __rtentry.o
        12          0          0          0          0          0   __rtentry2.o
         6          0          0          0          0          0   __rtentry4.o
        52          8          0          0          0          0   __scatter.o
        28          0          0          0          0          0   __scatter_zi.o
        18          0          0          0          0         80   exit.o
         6          0          0          0          0        152   heapauxi.o
         0          0          0          0          0          0   indicate_semi.o
         2          0          0          0          0          0   libinit.o
         2          0          0          0          0          0   libinit2.o
         2          0          0          0          0          0   libshutdown.o
         2          0          0          0          0          0   libshutdown2.o
         8          4          0          0         96         68   libspace.o
         2          0          0          0          0          0   rtexit.o
        10          0          0          0          0          0   rtexit2.o
        12          4          0          0          0         68   sys_exit.o
        74          0          0          0          0         80   sys_stackheap_outer.o
         2          0          0          0          0         68   use_no_semi.o
       430          8          0          0          0        168   faddsub_clz.o
        12          4          0          0          0         68   fcheck1.o
        54          4          0          0          0         84   ffix.o
        86          0          0          0          0        136   fflt_clz.o
       140          4          0          0          0         84   fnaninf.o
        10          0          0          0          0         68   fretinf.o
       100          0          0          0          0         68   retnan.o
        76          0          0          0          0         68   scalbnf.o
        48          0          0          0          0         68   trapv.o
         0          0          0          0          0          0   usenofp.o

    ----------------------------------------------------------------------
      1302         36          0          0        100       1396   Library Totals
        10          0          0          0          4          0   (incl. Padding)

    ----------------------------------------------------------------------

      Code (inc. data)   RO Data    RW Data    ZI Data      Debug   Library Name

       336         16          0          0         96        584   c_w.l
       956         20          0          0          0        812   fz_ws.l

    ----------------------------------------------------------------------
      1302         36          0          0        100       1396   Library Totals

    ----------------------------------------------------------------------

==============================================================================


      Code (inc. data)   RO Data    RW Data    ZI Data      Debug   

     26814       1010        366        304       1968     436206   Grand Totals
     26814       1010        366         88       1968     436206   ELF Image Totals (compressed)
     26814       1010        366         88          0          0   ROM Totals

==============================================================================

    Total RO  Size (Code + RO Data)                27180 (  26.54kB)
    Total RW  Size (RW Data + ZI Data)              2272 (   2.22kB)
    Total ROM Size (Code + RO Data + RW Data)      27268 (  26.63kB)

==============================================================================

